W/dalvikvm(31948): VFY: unable to resolve static field 3085 (common_google_play_services_network_error_text) in Lcom/google/android/gms/R$string;
D/dalvikvm(31948): VFY: replacing opcode 0x60 at 0x003b
W/dalvikvm(31948): VFY: unable to resolve static field 3082 (common_google_play_services_invalid_account_text) in Lcom/google/android/gms/R$string;
D/dalvikvm(31948): VFY: replacing opcode 0x60 at 0x0042
W/Flurry  (31948): fetchAd for BOTTOM_BANNER, 2
W/dalvikvm(31948): VFY: unable to resolve static field 3091 (common_google_play_services_unsupported_date_text) in Lcom/google/android/gms/R$string;
D/dalvikvm(31948): VFY: replacing opcode 0x60 at 0x0049
W/dalvikvm(31948): VFY: unable to resolve static field 3078 (common_google_play_services_install_button) in Lcom/google/android/gms/R$string;
D/dalvikvm(31948): VFY: replacing opcode 0x60 at 0x000f
W/dalvikvm(31948): VFY: unable to resolve static field 3074 (common_google_play_services_enable_button) in Lcom/google/android/gms/R$string;
D/dalvikvm(31948): VFY: replacing opcode 0x60 at 0x0016
W/dalvikvm(31948): VFY: unable to resolve static field 3094 (common_google_play_services_update_button) in Lcom/google/android/gms/R$string;
D/dalvikvm(31948): VFY: replacing opcode 0x60 at 0x001d
W/PluginManager(31948): THREAD WARNING: exec() call to Flurry.showAd blocked the main thread for 32ms. Plugin should use CordovaInterface.getThreadPool().
W/dalvikvm(31948): VFY: unable to resolve static field 3090 (common_google_play_services_unknown_issue) in Lcom/google/android/gms/R$string;
D/dalvikvm(31948): VFY: replacing opcode 0x60 at 0x0007
W/dalvikvm(31948): VFY: unable to resolve static field 3087 (common_google_play_services_notification_needs_installation_title) in Lcom/google/android/gms/R$string;
D/dalvikvm(31948): VFY: replacing opcode 0x60 at 0x000e
W/dalvikvm(31948): VFY: unable to resolve static field 3088 (common_google_play_services_notification_needs_update_title) in Lcom/google/android/gms/R$string;
D/dalvikvm(31948): VFY: replacing opcode 0x60 at 0x0015
W/dalvikvm(31948): VFY: unable to resolve static field 3084 (common_google_play_services_needs_enabling_title) in Lcom/google/android/gms/R$string;
D/dalvikvm(31948): VFY: replacing opcode 0x60 at 0x001c
W/dalvikvm(31948): VFY: unable to resolve static field 3092 (common_google_play_services_unsupported_text) in Lcom/google/android/gms/R$string;
D/dalvikvm(31948): VFY: replacing opcode 0x60 at 0x0023
W/dalvikvm(31948): VFY: unable to resolve static field 3085 (common_google_play_services_network_error_text) in Lcom/google/android/gms/R$string;
D/dalvikvm(31948): VFY: replacing opcode 0x60 at 0x002a
W/dalvikvm(31948): VFY: unable to resolve static field 3082 (common_google_play_services_invalid_account_text) in Lcom/google/android/gms/R$string;
D/dalvikvm(31948): VFY: replacing opcode 0x60 at 0x0031
W/dalvikvm(31948): VFY: unable to resolve static field 3091 (common_google_play_services_unsupported_date_text) in Lcom/google/android/gms/R$string;
D/dalvikvm(31948): VFY: replacing opcode 0x60 at 0x0038
W/dalvikvm(31948): VFY: unable to find class referenced in signature (Landroid/support/v4/app/Fragment;)
D/CordovaLog(31948): file:///android_asset/www/cordova.js: Line 1044 : processMessage failed: Error: TypeError: Cannot set property 'innerHTML' of null
I/chromium(31948): [INFO:CONSOLE(1044)] "processMessage failed: Error: TypeError: Cannot set property 'innerHTML' of null", source: file:///android_asset/www/cordova.js (1044)
W/dalvikvm(31948): VFY: unable to resolve static field 3090 (common_google_play_services_unknown_issue) in Lcom/google/android/gms/R$string;
D/dalvikvm(31948): VFY: replacing opcode 0x60 at 0x000d
W/dalvikvm(31948): VFY: unable to find class referenced in signature (Landroid/support/v4/app/Fragment;)
W/dalvikvm(31948): VFY: unable to resolve static field 3089 (common_google_play_services_notification_ticker) in Lcom/google/android/gms/R$string;
D/dalvikvm(31948): VFY: replacing opcode 0x60 at 0x0005
E/GooglePlayServicesUtil(31948): The Google Play services resources were not found. Check your project configuration to ensure that the resources are included.
E/GooglePlayServicesUtil(31948): The Google Play services resources were not found. Check your project configuration to ensure that the resources are included.
D/CordovaLog(31948): file:///android_asset/www/cordova.js: Line 1045 : processMessage failed: Stack: TypeError: Cannot set property 'innerHTML' of null
D/CordovaLog(31948):     at onResize (file:///android_asset/www/index.html:95:47)
D/CordovaLog(31948):     at file:///android_asset/www/index.html:70:30
D/CordovaLog(31948):     at Object.cordova.callbackFromNative (file:///android_asset/www/cordova.js:292:54)
D/CordovaLog(31948):     at processMessage (file:///android_asset/www/cordova.js:1039:21)
D/CordovaLog(31948):     at androidExec.processMessages (file:///android_asset/www/cordova.js:1076:13)
I/chromium(31948): [INFO:CONSOLE(1045)] "processMessage failed: Stack: TypeError: Cannot set property 'innerHTML' of null
I/chromium(31948):     at onResize (file:///android_asset/www/index.html:95:47)
I/chromium(31948):     at file:///android_asset/www/index.html:70:30
I/chromium(31948):     at Object.cordova.callbackFromNative (file:///android_asset/www/cordova.js:292:54)
I/chromium(31948):     at processMessage (file:///android_asset/www/cordova.js:1039:21)
I/chromium(31948):     at androidExec.processMessages (file:///android_asset/www/cordova.js:1076:13)", source: file:///android_asset/www/cordova.js (1045)
D/CordovaLog(31948): file:///android_asset/www/cordova.js: Line 1046 : processMessage failed: Message: S01 Flurry714115776 sOK
I/chromium(31948): [INFO:CONSOLE(1046)] "processMessage failed: Message: S01 Flurry714115776 sOK", source: file:///android_asset/www/cordova.js (1046)
E/qdmemalloc(31948): ION_IOC_ALLOC failed with error - Out of memory
W/qdmemalloc(31948): Falling back to system heap
E/qdmemalloc(31948): ION_IOC_ALLOC failed with error - Out of memory
W/qdmemalloc(31948): Falling back to system heap
E/qdmemalloc(31948): ION_IOC_ALLOC failed with error - Out of memory
W/qdmemalloc(31948): Falling back to system heap
E/qdmemalloc(31948): ION_IOC_ALLOC failed with error - Out of memory
W/qdmemalloc(31948): Falling back to system heap
E/qdmemalloc(31948): ION_IOC_ALLOC failed with error - Out of memory
W/qdmemalloc(31948): Falling back to system heap
D/GCM     ( 1050): Message class mow
D/ConnectivityService(  629): handleInetConditionHoldEnd: net=1, condition=100, published condition=100
D/StatusBar.NetworkController(  739): updateConnectivity: intent=Intent { act=android.net.conn.INET_CONDITION_ACTION flg=0x4000010 (has extras) }
D/StatusBar.NetworkController(  739): updateConnectivity: networkInfo=NetworkInfo: type: WIFI[], state: CONNECTED/CONNECTED, reason: (unspecified), extra: "WIFI-MMM", roaming: false, failover: false, isAvailable: true, isConnectedToProvisioningNetwork: false
D/StatusBar.NetworkController(  739): updateConnectivity: connectionStatus=100
E/FlurryAgent(31948): Ad server responded but sent no ad units.
W/Flurry  (31948): spaceDidFailToReceiveAd: BOTTOM_BANNER
W/Flurry  (31948): executeRequestAd
W/Flurry  (31948): fetchAd for BOTTOM_BANNER, 2
W/FlurryAgent(31948): FlurryDataSender: report dad139e6-767e-4ab9-af09-be62b4539ac4 sent. HTTP response: 200
E/FlurryAgent(31948): Ad server responded but sent no ad units.
W/Flurry  (31948): spaceDidFailToReceiveAd: BOTTOM_BANNER
W/Flurry  (31948): executeShowAd
W/Flurry  (31948): fetchAd for BOTTOM_BANNER, 2
D/CordovaLog(31948): file:///android_asset/www/cordova.js: Line 1044 : processMessage failed: Error: TypeError: Cannot set property 'innerHTML' of null
I/chromium(31948): [INFO:CONSOLE(1044)] "processMessage failed: Error: TypeError: Cannot set property 'innerHTML' of null", source: file:///android_asset/www/cordova.js (1044)
D/CordovaLog(31948): file:///android_asset/www/cordova.js: Line 1045 : processMessage failed: Stack: TypeError: Cannot set property 'innerHTML' of null
D/CordovaLog(31948):     at onResize (file:///android_asset/www/index.html:95:47)
D/CordovaLog(31948):     at file:///android_asset/www/index.html:47:30
D/CordovaLog(31948):     at Object.cordova.callbackFromNative (file:///android_asset/www/cordova.js:292:54)
D/CordovaLog(31948):     at processMessage (file:///android_asset/www/cordova.js:1039:21)
D/CordovaLog(31948):     at Function.androidExec.processMessages (file:///android_asset/www/cordova.js:1076:13)
D/CordovaLog(31948):     at pollOnce (file:///android_asset/www/cordova.js:944:17)
D/CordovaLog(31948):     at pollOnceFromOnlineEvent (file:///android_asset/www/cordova.js:939:5)
I/chromium(31948): [INFO:CONSOLE(1045)] "processMessage failed: Stack: TypeError: Cannot set property 'innerHTML' of null
I/chromium(31948):     at onResize (file:///android_asset/www/index.html:95:47)
I/chromium(31948):     at file:///android_asset/www/index.html:47:30
I/chromium(31948):     at Object.cordova.callbackFromNative (file:///android_asset/www/cordova.js:292:54)
I/chromium(31948):     at processMessage (file:///android_asset/www/cordova.js:1039:21)
I/chromium(31948):     at Function.androidExec.processMessages (file:///android_asset/www/cordova.js:1076:13)
I/chromium(31948):     at pollOnce (file:///android_asset/www/cordova.js:944:17)
I/chromium(31948):     at pollOnceFromOnlineEvent (file:///android_asset/www/cordova.js:939:5)", source: file:///android_asset/www/cordova.js (1045)
D/CordovaLog(31948): file:///android_asset/www/cordova.js: Line 1046 : processMessage failed: Message: S01 Flurry714115779 sOK
I/chromium(31948): [INFO:CONSOLE(1046)] "processMessage failed: Message: S01 Flurry714115779 sOK", source: file:///android_asset/www/cordova.js (1046)
W/Flurry  (31948): spaceDidReceiveAd, for BOTTOM_BANNER, now show it
W/Flurry  (31948): shouldDisplayAd
D/SoftKeyboardDetect(31948): Ignore this event
D/SoftKeyboardDetect(31948): Ignore this event
W/Flurry  (31948): onRendered
D/CordovaLog(31948): file:///android_asset/www/index.html: Line 95 : Uncaught TypeError: Cannot set property 'innerHTML' of null
I/chromium(31948): [INFO:CONSOLE(95)] "Uncaught TypeError: Cannot set property 'innerHTML' of null", source: file:///android_asset/www/index.html (95)
I/chromium(31948): [INFO:simple_index_file.cc(437)] Simple Cache Index is being restored from disk.
D/SoftKeyboardDetect(31948): Ignore this event
I/chromium(31948): [INFO:async_pixel_transfer_manager_android.cc(60)] Async pixel transfers not supported
I/ActivityManager(  629): START u0 {act=com.android.systemui.recent.action.TOGGLE_RECENTS flg=0x10800000 cmp=com.android.systemui/.recent.RecentsActivity (has extras)} from pid 739
D/CordovaActivity(31948): Paused the application!
D/CordovaWebView(31948): Handle the pause
W/IInputConnectionWrapper(31948): showStatusIcon on inactive InputConnection
W/InputMethodManagerService(  629): Starting input on non-focused client com.android.internal.view.IInputMethodClient$Stub$Proxy@418a6380 (uid=10105 pid=31948)
E/qdmemalloc(  232): ION_IOC_ALLOC failed with error - Out of memory
W/qdmemalloc(  232): Falling back to system heap
I/Timeline(  739): Timeline: Activity_idle id: android.os.BinderProxy@41a005e0 time:32807416
I/Timeline(  629): Timeline: Activity_windows_visible id: ActivityRecord{41f557e0 u0 com.android.systemui/.recent.RecentsActivity t195} time:32807690
I/ActivityManager(  629): Killing 31851:com.android.defcontainer/u0a12 (adj 15): empty #17
I/ActivityManager(  629): Killing 31948:com.hmaleev.convertor/u0a105 (adj 9): remove task
I/Timeline(  871): Timeline: Activity_idle id: android.os.BinderProxy@4185ac08 time:32808508
V/GmsNetworkLocationProvi( 1024): onSetRequest: ProviderRequestUnbundled, reportLocation is true and interval is 86400000
V/GmsNetworkLocationProvi( 1024): SET-REQUEST
V/GmsNetworkLocationProvi( 1024): in Handler: ProviderRequestUnbundled, reportLocation is true and interval is 86400000
I/WindowState(  629): WIN DEATH: Window{41f99fc0 u0 com.hmaleev.convertor/com.hmaleev.convertor.Converter}
I/wpa_supplicant( 6651): wlan0: CTRL-EVENT-SCAN-STARTED 
I/Timeline(  629): Timeline: Activity_windows_visible id: ActivityRecord{41e444f8 u0 com.google.android.googlequicksearchbox/com.google.android.launcher.GEL t1} time:32808801
I/MicrophoneInputStream(18420): mic_starting eze@419b2e10
I/HotwordRecognitionRnr(18420): Starting hotword detection.
D/AudioHardware7x30(  240): AudioHardware::openInputStream devices 80000004 format 1 channels 16 samplerate 16000
D/AudioHardware7x30(  240): AudioStreamInMSM72xx::standby()
D/AudioHardware7x30(  240): outputDevices = 2
I/AudioHardware7x30(  240): do input routing device 80000004
I/AudioHardware7x30(  240): Routing audio to dual mic real stereo
D/AudioHardware7x30(  240): new_rx = 17
D/AudioHardware7x30(  240): new_tx = 32
D/AudioHardware7x30(  240): case PCM_REC
I/HotwordWorker(18420): onReady
D/AudioFlinger(  240): start(4101), calling pid 629 session 522
D/AudioFlinger(  240): ? => ACTIVE (4101) on thread 0x1bc758
I/MicrophoneInputStream(18420): mic_close eze@419b2e10
D/AudioHardware7x30(  240): AudioStreamInMSM72xx::standby()
D/AudioHardware7x30(  240): Deroute pcm in stream
D/AudioHardware7x30(  240): The node type is 1 and cur device 2 new device 2 
D/AudioHardware7x30(  240): outputDevices = 2
I/AudioHardware7x30(  240): do input routing device 80000004
I/AudioHardware7x30(  240): Routing audio to dual mic real stereo
D/AudioHardware7x30(  240): new_rx = 17
D/AudioHardware7x30(  240): new_tx = 32
D/AudioHardware7x30(  240): The node type is 1 and cur device 2 new device 2 
D/AudioHardware7x30(  240): outputDevices = 2
I/AudioHardware7x30(  240): Routing audio to Speakerphone
D/AudioHardware7x30(  240): new_rx = 17
D/AudioHardware7x30(  240): new_tx = 12
D/AudioHardware7x30(  240): The node type is 1 and cur device 2 new device 2 
D/AudioHardware7x30(  240): AudioStreamInMSM72xx::standby()
I/HotwordRecognitionRnr(18420): Hotword detection finished
I/HotwordRecognitionRnr(18420): Stopping hotword detection.
D/AudioFlinger(  240): start(4097), calling pid 629 session 523
D/AudioFlinger(  240): ? => ACTIVE (4097) on thread 0x1cf398
I/Timeline(  871): Timeline: Activity_launch_request id:com.hmaleev.convertor time:32811725
I/ActivityManager(  629): START u0 {act=android.intent.action.MAIN cat=[android.intent.category.LAUNCHER] flg=0x10200000 cmp=com.hmaleev.convertor/.Converter (has extras)} from pid 871
V/Zygote  (32066): Switching descriptor 33 to /dev/null
V/Zygote  (32066): Switching descriptor 9 to /dev/null
D/dalvikvm(32066): Late-enabling CheckJNI
I/ActivityManager(  629): Start proc com.hmaleev.convertor for activity com.hmaleev.convertor/.Converter: pid=32066 uid=10105 gids={50105, 3003}
D/ActivityThread(32066): handleBindApplication:com.hmaleev.convertor
D/ActivityThread(32066): setTargetHeapUtilization:0.25
D/ActivityThread(32066): setTargetHeapMinFree:524288
I/CordovaLog(32066): Changing log level to DEBUG(3)
I/CordovaLog(32066): Found start page location: index.html
D/Whitelist(32066): Unlimited access to network resources
D/CordovaActivity(32066): CordovaActivity.onCreate()
V/WebViewChromiumFactoryProvider(32066): Binding Chromium to main looper Looper (main, tid 1) {41853178}
I/LibraryLoader(32066): Expected native library version number "",actual native library version number ""
I/chromium(32066): [INFO:library_loader_hooks.cc(116)] Chromium logging enabled: level = 0, default verbosity = 0
I/BrowserStartupController(32066): Initializing chromium process, renderers=0
E/AudioManagerAndroid(32066): BLUETOOTH permission is missing!
W/Adreno-GSL(32066): <get_panel_settings:3802>: Android framework reported version 2. So, don't force ES30
I/Adreno-EGL(32066): <qeglDrvAPI_eglInitialize:381>: EGL 1.4 QUALCOMM build: AU_LINUX_ANDROID_KK_2.7_RB1.04.04.00.007.018_msm8960_KK_2.7_RB1_CL3869936_release_AU (CL3869936)
I/Adreno-EGL(32066): OpenGL ES Shader Compiler Version: 17.01.10.SPL
I/Adreno-EGL(32066): Build Date: 12/09/13 Mon
I/Adreno-EGL(32066): Local Branch: mybranch2092625
I/Adreno-EGL(32066): Remote Branch: quic/kk_2.7_rb1.15
I/Adreno-EGL(32066): Local Patches: NONE
I/Adreno-EGL(32066): Reconstruct Branch: AU_LINUX_ANDROID_KK_2.7_RB1.04.04.00.007.018 +  NOTHING
W/chromium(32066): [WARNING:proxy_service.cc(890)] PAC support disabled because there is no system implementation
D/CordovaWebView(32066): CordovaWebView is running on device made by: Sony Ericsson
D/JsMessageQueue(32066): Set native->JS mode to 2
D/CordovaActivity(32066): CordovaActivity.init()
D/CordovaWebView(32066): loadUrlIntoView(file:///android_asset/www/index.html, 3000)
D/CordovaActivity(32066): onMessage(splashscreen,show)
D/CordovaWebView(32066): >>> loadUrl(file:///android_asset/www/index.html)
D/PluginManager(32066): init()
D/CordovaWebView(32066): >>> loadUrlNow()
I/CordovaLog(32066): Changing log level to DEBUG(3)
I/CordovaLog(32066): Found start page location: index.html
D/Whitelist(32066): Unlimited access to network resources
D/CordovaActivity(32066): Resuming the App
D/CordovaActivity(32066): CB-3064: The errorUrl is null
D/OpenGLRenderer(32066): Enabling debug mode 0
D/SoftKeyboardDetect(32066): Ignore this event
I/ActivityManager(  629): Displayed com.hmaleev.convertor/.Converter: +827ms (total +1m8s533ms)
I/Timeline(  629): Timeline: Activity_windows_visible id: ActivityRecord{41fbf0c0 u0 com.hmaleev.convertor/.Converter t196} time:32812719
D/SoftKeyboardDetect(32066): Ignore this event
I/Timeline(32066): Timeline: Activity_idle id: android.os.BinderProxy@418548c0 time:32812740
D/CordovaWebViewClient(32066): onPageStarted(file:///android_asset/www/index.html)
D/CordovaActivity(32066): onMessage(onPageStarted,file:///android_asset/www/index.html)
D/CordovaLog(32066): file:///android_asset/www/index.html: Line 7 : The key "target-densitydpi" is not supported.
I/chromium(32066): [INFO:CONSOLE(7)] "The key "target-densitydpi" is not supported.", source: file:///android_asset/www/index.html (7)
E/CordovaWebView(32066): CordovaWebView: TIMEOUT ERROR!
D/LightsService(  629): Excessive delay setting light: 84ms
D/CordovaLog(32066): file:///android_asset/www/cordova.js: Line 1154 : deviceready has not fired after 5 seconds.
I/chromium(32066): [INFO:CONSOLE(1154)] "deviceready has not fired after 5 seconds.", source: file:///android_asset/www/cordova.js (1154)
D/CordovaLog(32066): file:///android_asset/www/cordova.js: Line 1147 : Channel not fired: onPluginsReady
I/chromium(32066): [INFO:CONSOLE(1147)] "Channel not fired: onPluginsReady", source: file:///android_asset/www/cordova.js (1147)
D/CordovaLog(32066): file:///android_asset/www/cordova.js: Line 1147 : Channel not fired: onCordovaReady
I/chromium(32066): [INFO:CONSOLE(1147)] "Channel not fired: onCordovaReady", source: file:///android_asset/www/cordova.js (1147)
D/CordovaLog(32066): file:///android_asset/www/cordova.js: Line 1147 : Channel not fired: onDOMContentLoaded
I/chromium(32066): [INFO:CONSOLE(1147)] "Channel not fired: onDOMContentLoaded", source: file:///android_asset/www/cordova.js (1147)
D/CordovaActivity(32066): onMessage(spinner,stop)
D/CordovaNetworkManager(32066): Connection Type: wifi
D/CordovaNetworkManager(32066): Connection Extra Info: "WIFI-MMM"
I/chromium(32066): [INFO:async_pixel_transfer_manager_android.cc(60)] Async pixel transfers not supported
I/chromium(32066): [INFO:async_pixel_transfer_manager_android.cc(60)] Async pixel transfers not supported
D/CordovaNetworkManager(32066): Connection Type: wifi
D/CordovaNetworkManager(32066): Connection Extra Info: "WIFI-MMM"
D/CordovaActivity(32066): onMessage(networkconnection,wifi)
W/Flurry  (32066): executeCreateBannerView
W/Flurry  (32066): onStartSession
W/dalvikvm(32066): VFY: unable to find class referenced in signature (Landroid/support/v4/app/Fragment;)
W/FlurryAgent(32066): Start session with context: com.hmaleev.convertor.Converter@4185e2a8 count:0
W/dalvikvm(32066): VFY: unable to find class referenced in signature (Landroid/support/v4/app/Fragment;)
V/GmsNetworkLocationProvi( 1024): onSetRequest: ProviderRequestUnbundled, reportLocation is true and interval is 10000
V/GmsNetworkLocationProvi( 1024): SET-REQUEST
V/GmsNetworkLocationProvi( 1024): in Handler: ProviderRequestUnbundled, reportLocation is true and interval is 20000
W/dalvikvm(32066): VFY: unable to resolve static field 3081 (common_google_play_services_install_title) in Lcom/google/android/gms/R$string;
D/dalvikvm(32066): VFY: replacing opcode 0x60 at 0x0083
W/dalvikvm(32066): VFY: unable to resolve static field 3076 (common_google_play_services_enable_title) in Lcom/google/android/gms/R$string;
D/dalvikvm(32066): VFY: replacing opcode 0x60 at 0x008e
I/wpa_supplicant( 6651): wlan0: CTRL-EVENT-SCAN-STARTED 
W/dalvikvm(32066): VFY: unable to resolve static field 3096 (common_google_play_services_update_title) in Lcom/google/android/gms/R$string;
D/dalvikvm(32066): VFY: replacing opcode 0x60 at 0x0099
W/dalvikvm(32066): VFY: unable to resolve static field 3093 (common_google_play_services_unsupported_title) in Lcom/google/android/gms/R$string;
D/dalvikvm(32066): VFY: replacing opcode 0x60 at 0x00ab
W/dalvikvm(32066): VFY: unable to resolve static field 3086 (common_google_play_services_network_error_title) in Lcom/google/android/gms/R$string;
D/dalvikvm(32066): VFY: replacing opcode 0x60 at 0x00bd
W/dalvikvm(32066): VFY: unable to resolve static field 3083 (common_google_play_services_invalid_account_title) in Lcom/google/android/gms/R$string;
D/dalvikvm(32066): VFY: replacing opcode 0x60 at 0x00e7
W/dalvikvm(32066): VFY: unable to resolve static field 3093 (common_google_play_services_unsupported_title) in Lcom/google/android/gms/R$string;
D/dalvikvm(32066): VFY: replacing opcode 0x60 at 0x0106
W/dalvikvm(32066): VFY: unable to find class referenced in signature (Landroid/support/v4/app/Fragment;)
W/dalvikvm(32066): VFY: unable to find class referenced in signature (Landroid/support/v4/app/Fragment;)
W/Flurry  (32066): new FrameLayout
W/dalvikvm(32066): VFY: unable to find class referenced in signature (Landroid/support/v4/app/Fragment;)
E/dalvikvm(32066): Could not find class 'android.support.v4.app.FragmentActivity', referenced from method com.google.android.gms.common.GooglePlayServicesUtil.b
W/dalvikvm(32066): VFY: unable to resolve instanceof 152 (Landroid/support/v4/app/FragmentActivity;) in Lcom/google/android/gms/common/GooglePlayServicesUtil;
D/dalvikvm(32066): VFY: replacing opcode 0x20 at 0x0008
E/dalvikvm(32066): Could not find class 'android.support.v4.app.FragmentActivity', referenced from method com.google.android.gms.common.GooglePlayServicesUtil.b
W/dalvikvm(32066): VFY: unable to resolve check-cast 152 (Landroid/support/v4/app/FragmentActivity;) in Lcom/google/android/gms/common/GooglePlayServicesUtil;
D/dalvikvm(32066): VFY: replacing opcode 0x1f at 0x000c
W/PluginManager(32066): THREAD WARNING: exec() call to Flurry.createBannerView blocked the main thread for 330ms. Plugin should use CordovaInterface.getThreadPool().
W/Flurry  (32066): executeShowAd
D/SoftKeyboardDetect(32066): Ignore this event
W/dalvikvm(32066): VFY: unable to resolve static field 3090 (common_google_play_services_unknown_issue) in Lcom/google/android/gms/R$string;
D/dalvikvm(32066): VFY: replacing opcode 0x60 at 0x0007
W/dalvikvm(32066): VFY: unable to resolve static field 3080 (common_google_play_services_install_text_tablet) in Lcom/google/android/gms/R$string;
D/dalvikvm(32066): VFY: replacing opcode 0x60 at 0x0018
W/dalvikvm(32066): VFY: unable to resolve static field 3079 (common_google_play_services_install_text_phone) in Lcom/google/android/gms/R$string;
D/dalvikvm(32066): VFY: replacing opcode 0x60 at 0x001f
W/Flurry  (32066): fetchAd for BOTTOM_BANNER, 2
W/PluginManager(32066): THREAD WARNING: exec() call to Flurry.showAd blocked the main thread for 32ms. Plugin should use CordovaInterface.getThreadPool().
W/dalvikvm(32066): VFY: unable to resolve static field 3075 (common_google_play_services_enable_text) in Lcom/google/android/gms/R$string;
D/dalvikvm(32066): VFY: replacing opcode 0x60 at 0x0026
W/dalvikvm(32066): VFY: unable to resolve static field 3095 (common_google_play_services_update_text) in Lcom/google/android/gms/R$string;
D/dalvikvm(32066): VFY: replacing opcode 0x60 at 0x002d
W/dalvikvm(32066): VFY: unable to resolve static field 3092 (common_google_play_services_unsupported_text) in Lcom/google/android/gms/R$string;
D/dalvikvm(32066): VFY: replacing opcode 0x60 at 0x0034
W/dalvikvm(32066): VFY: unable to resolve static field 3085 (common_google_play_services_network_error_text) in Lcom/google/android/gms/R$string;
D/dalvikvm(32066): VFY: replacing opcode 0x60 at 0x003b
W/dalvikvm(32066): VFY: unable to resolve static field 3082 (common_google_play_services_invalid_account_text) in Lcom/google/android/gms/R$string;
D/dalvikvm(32066): VFY: replacing opcode 0x60 at 0x0042
W/dalvikvm(32066): VFY: unable to resolve static field 3091 (common_google_play_services_unsupported_date_text) in Lcom/google/android/gms/R$string;
D/dalvikvm(32066): VFY: replacing opcode 0x60 at 0x0049
W/dalvikvm(32066): VFY: unable to resolve static field 3078 (common_google_play_services_install_button) in Lcom/google/android/gms/R$string;
D/dalvikvm(32066): VFY: replacing opcode 0x60 at 0x000f
W/dalvikvm(32066): VFY: unable to resolve static field 3074 (common_google_play_services_enable_button) in Lcom/google/android/gms/R$string;
D/dalvikvm(32066): VFY: replacing opcode 0x60 at 0x0016
W/dalvikvm(32066): VFY: unable to resolve static field 3094 (common_google_play_services_update_button) in Lcom/google/android/gms/R$string;
D/dalvikvm(32066): VFY: replacing opcode 0x60 at 0x001d
D/CordovaLog(32066): file:///android_asset/www/cordova.js: Line 1044 : processMessage failed: Error: TypeError: Cannot set property 'innerHTML' of null
I/chromium(32066): [INFO:CONSOLE(1044)] "processMessage failed: Error: TypeError: Cannot set property 'innerHTML' of null", source: file:///android_asset/www/cordova.js (1044)
W/dalvikvm(32066): VFY: unable to resolve static field 3090 (common_google_play_services_unknown_issue) in Lcom/google/android/gms/R$string;
D/dalvikvm(32066): VFY: replacing opcode 0x60 at 0x0007
W/dalvikvm(32066): VFY: unable to resolve static field 3087 (common_google_play_services_notification_needs_installation_title) in Lcom/google/android/gms/R$string;
D/dalvikvm(32066): VFY: replacing opcode 0x60 at 0x000e
W/dalvikvm(32066): VFY: unable to resolve static field 3088 (common_google_play_services_notification_needs_update_title) in Lcom/google/android/gms/R$string;
D/dalvikvm(32066): VFY: replacing opcode 0x60 at 0x0015
W/dalvikvm(32066): VFY: unable to resolve static field 3084 (common_google_play_services_needs_enabling_title) in Lcom/google/android/gms/R$string;
D/dalvikvm(32066): VFY: replacing opcode 0x60 at 0x001c
W/dalvikvm(32066): VFY: unable to resolve static field 3092 (common_google_play_services_unsupported_text) in Lcom/google/android/gms/R$string;
D/dalvikvm(32066): VFY: replacing opcode 0x60 at 0x0023
W/dalvikvm(32066): VFY: unable to resolve static field 3085 (common_google_play_services_network_error_text) in Lcom/google/android/gms/R$string;
D/dalvikvm(32066): VFY: replacing opcode 0x60 at 0x002a
W/dalvikvm(32066): VFY: unable to resolve static field 3082 (common_google_play_services_invalid_account_text) in Lcom/google/android/gms/R$string;
D/dalvikvm(32066): VFY: replacing opcode 0x60 at 0x0031
W/dalvikvm(32066): VFY: unable to resolve static field 3091 (common_google_play_services_unsupported_date_text) in Lcom/google/android/gms/R$string;
D/dalvikvm(32066): VFY: replacing opcode 0x60 at 0x0038
W/dalvikvm(32066): VFY: unable to find class referenced in signature (Landroid/support/v4/app/Fragment;)
W/dalvikvm(32066): VFY: unable to resolve static field 3090 (common_google_play_services_unknown_issue) in Lcom/google/android/gms/R$string;
D/dalvikvm(32066): VFY: replacing opcode 0x60 at 0x000d
W/dalvikvm(32066): VFY: unable to find class referenced in signature (Landroid/support/v4/app/Fragment;)
W/dalvikvm(32066): VFY: unable to resolve static field 3089 (common_google_play_services_notification_ticker) in Lcom/google/android/gms/R$string;
D/dalvikvm(32066): VFY: replacing opcode 0x60 at 0x0005
E/GooglePlayServicesUtil(32066): The Google Play services resources were not found. Check your project configuration to ensure that the resources are included.
E/GooglePlayServicesUtil(32066): The Google Play services resources were not found. Check your project configuration to ensure that the resources are included.
D/CordovaLog(32066): file:///android_asset/www/cordova.js: Line 1045 : processMessage failed: Stack: TypeError: Cannot set property 'innerHTML' of null
D/CordovaLog(32066):     at onResize (file:///android_asset/www/index.html:95:47)
D/CordovaLog(32066):     at file:///android_asset/www/index.html:70:30
D/CordovaLog(32066):     at Object.cordova.callbackFromNative (file:///android_asset/www/cordova.js:292:54)
D/CordovaLog(32066):     at processMessage (file:///android_asset/www/cordova.js:1039:21)
D/CordovaLog(32066):     at Function.androidExec.processMessages (file:///android_asset/www/cordova.js:1076:13)
D/CordovaLog(32066):     at pollOnce (file:///android_asset/www/cordova.js:944:17)
D/CordovaLog(32066):     at pollOnceFromOnlineEvent (file:///android_asset/www/cordova.js:939:5)
I/chromium(32066): [INFO:CONSOLE(1045)] "processMessage failed: Stack: TypeError: Cannot set property 'innerHTML' of null
I/chromium(32066):     at onResize (file:///android_asset/www/index.html:95:47)
I/chromium(32066):     at file:///android_asset/www/index.html:70:30
I/chromium(32066):     at Object.cordova.callbackFromNative (file:///android_asset/www/cordova.js:292:54)
I/chromium(32066):     at processMessage (file:///android_asset/www/cordova.js:1039:21)
I/chromium(32066):     at Function.androidExec.processMessages (file:///android_asset/www/cordova.js:1076:13)
I/chromium(32066):     at pollOnce (file:///android_asset/www/cordova.js:944:17)
I/chromium(32066):     at pollOnceFromOnlineEvent (file:///android_asset/www/cordova.js:939:5)", source: file:///android_asset/www/cordova.js (1045)
D/CordovaLog(32066): file:///android_asset/www/cordova.js: Line 1046 : processMessage failed: Message: S01 Flurry1447079481 sOK
I/chromium(32066): [INFO:CONSOLE(1046)] "processMessage failed: Message: S01 Flurry1447079481 sOK", source: file:///android_asset/www/cordova.js (1046)
I/GCoreUlr( 1024): Successfully inserted location
I/GCoreUlr( 1024): Not calling LocationReportingService, hasMoved: false, elapsed millis: 529745, request: Phone
E/FlurryAgent(32066): Ad server responded but sent no ad units.
W/Flurry  (32066): spaceDidFailToReceiveAd: BOTTOM_BANNER
W/FlurryAgent(32066): FlurryDataSender: report e506d307-cb62-4efb-8331-f89eb53e4922 sent. HTTP response: 200
W/Flurry  (32066): executeRequestAd
W/Flurry  (32066): fetchAd for BOTTOM_BANNER, 2
E/FlurryAgent(32066): Ad server responded but sent no ad units.
W/Flurry  (32066): spaceDidFailToReceiveAd: BOTTOM_BANNER
W/Flurry  (32066): executeShowAd
W/Flurry  (32066): fetchAd for BOTTOM_BANNER, 2
D/CordovaLog(32066): file:///android_asset/www/cordova.js: Line 1044 : processMessage failed: Error: TypeError: Cannot set property 'innerHTML' of null
I/chromium(32066): [INFO:CONSOLE(1044)] "processMessage failed: Error: TypeError: Cannot set property 'innerHTML' of null", source: file:///android_asset/www/cordova.js (1044)
D/CordovaLog(32066): file:///android_asset/www/cordova.js: Line 1045 : processMessage failed: Stack: TypeError: Cannot set property 'innerHTML' of null
D/CordovaLog(32066):     at onResize (file:///android_asset/www/index.html:95:47)
D/CordovaLog(32066):     at file:///android_asset/www/index.html:47:30
D/CordovaLog(32066):     at Object.cordova.callbackFromNative (file:///android_asset/www/cordova.js:292:54)
D/CordovaLog(32066):     at processMessage (file:///android_asset/www/cordova.js:1039:21)
D/CordovaLog(32066):     at Function.androidExec.processMessages (file:///android_asset/www/cordova.js:1076:13)
D/CordovaLog(32066):     at pollOnce (file:///android_asset/www/cordova.js:944:17)
D/CordovaLog(32066):     at pollOnceFromOnlineEvent (file:///android_asset/www/cordova.js:939:5)
I/chromium(32066): [INFO:CONSOLE(1045)] "processMessage failed: Stack: TypeError: Cannot set property 'innerHTML' of null
I/chromium(32066):     at onResize (file:///android_asset/www/index.html:95:47)
I/chromium(32066):     at file:///android_asset/www/index.html:47:30
I/chromium(32066):     at Object.cordova.callbackFromNative (file:///android_asset/www/cordova.js:292:54)
I/chromium(32066):     at processMessage (file:///android_asset/www/cordova.js:1039:21)
I/chromium(32066):     at Function.androidExec.processMessages (file:///android_asset/www/cordova.js:1076:13)
I/chromium(32066):     at pollOnce (file:///android_asset/www/cordova.js:944:17)
I/chromium(32066):     at pollOnceFromOnlineEvent (file:///android_asset/www/cordova.js:939:5)", source: file:///android_asset/www/cordova.js (1045)
D/CordovaLog(32066): file:///android_asset/www/cordova.js: Line 1046 : processMessage failed: Message: S01 Flurry1447079483 sOK
I/chromium(32066): [INFO:CONSOLE(1046)] "processMessage failed: Message: S01 Flurry1447079483 sOK", source: file:///android_asset/www/cordova.js (1046)
W/Flurry  (32066): spaceDidReceiveAd, for BOTTOM_BANNER, now show it
W/Flurry  (32066): shouldDisplayAd
D/SoftKeyboardDetect(32066): Ignore this event
D/SoftKeyboardDetect(32066): Ignore this event
W/Flurry  (32066): onRendered
D/CordovaLog(32066): file:///android_asset/www/index.html: Line 95 : Uncaught TypeError: Cannot set property 'innerHTML' of null
I/chromium(32066): [INFO:CONSOLE(95)] "Uncaught TypeError: Cannot set property 'innerHTML' of null", source: file:///android_asset/www/index.html (95)
D/SoftKeyboardDetect(32066): Ignore this event
I/chromium(32066): [INFO:async_pixel_transfer_manager_android.cc(60)] Async pixel transfers not supported
I/wpa_supplicant( 6651): wlan0: CTRL-EVENT-SCAN-STARTED 
W/Flurry  (32066): spaceDidReceiveAd, for BOTTOM_BANNER, now show it
W/Flurry  (32066): shouldDisplayAd
D/SoftKeyboardDetect(32066): Ignore this event
W/Flurry  (32066): onRendered
D/SoftKeyboardDetect(32066): Ignore this event
I/chromium(32066): [INFO:async_pixel_transfer_manager_android.cc(60)] Async pixel transfers not supported
I/wpa_supplicant( 6651): wlan0: CTRL-EVENT-SCAN-STARTED 
V/GmsNetworkLocationProvi( 1024): onSetRequest: ProviderRequestUnbundled, reportLocation is true and interval is 86400000
V/GmsNetworkLocationProvi( 1024): SET-REQUEST
V/GmsNetworkLocationProvi( 1024): in Handler: ProviderRequestUnbundled, reportLocation is true and interval is 86400000
I/wpa_supplicant( 6651): wlan0: CTRL-EVENT-SCAN-STARTED 
D/CordovaLog(32066): : Line 0 : event.returnValue is deprecated. Please use the standard event.preventDefault() instead.
I/chromium(32066): [INFO:CONSOLE(0)] "event.returnValue is deprecated. Please use the standard event.preventDefault() instead.", source:  (0)
D/LightsService(  629): Excessive delay setting light: 58ms
I/ActivityManager(  629): START u0 {act=com.android.systemui.recent.action.TOGGLE_RECENTS flg=0x10800000 cmp=com.android.systemui/.recent.RecentsActivity (has extras)} from pid 739
D/CordovaActivity(32066): Paused the application!
D/CordovaWebView(32066): Handle the pause
W/IInputConnectionWrapper(32066): showStatusIcon on inactive InputConnection
I/ActivityManager(  629): Displayed com.android.systemui/.recent.RecentsActivity: +176ms
I/Timeline(  739): Timeline: Activity_idle id: android.os.BinderProxy@41b16170 time:32887189
I/Timeline(  629): Timeline: Activity_windows_visible id: ActivityRecord{418b5678 u0 com.android.systemui/.recent.RecentsActivity t197} time:32887420
I/ActivityManager(  629): Killing 32066:com.hmaleev.convertor/u0a105 (adj 9): remove task
W/InputDispatcher(  629): channel '42123cf8 com.hmaleev.convertor/com.hmaleev.convertor.Converter (server)' ~ Consumer closed input channel or an error occurred.  events=0x9
E/InputDispatcher(  629): channel '42123cf8 com.hmaleev.convertor/com.hmaleev.convertor.Converter (server)' ~ Channel is unrecoverably broken and will be disposed!
W/InputDispatcher(  629): Attempted to unregister already unregistered input channel '42123cf8 com.hmaleev.convertor/com.hmaleev.convertor.Converter (server)'
I/WindowState(  629): WIN DEATH: Window{42123cf8 u0 com.hmaleev.convertor/com.hmaleev.convertor.Converter}
I/Timeline(  871): Timeline: Activity_idle id: android.os.BinderProxy@4185ac08 time:32889274
I/Timeline(  629): Timeline: Activity_windows_visible id: ActivityRecord{41e444f8 u0 com.google.android.googlequicksearchbox/com.google.android.launcher.GEL t1} time:32889494
D/AndroidRuntime(32138): 
D/AndroidRuntime(32138): >>>>>> AndroidRuntime START com.android.internal.os.RuntimeInit <<<<<<
D/AndroidRuntime(32138): CheckJNI is OFF
D/dalvikvm(32138): Trying to load lib libjavacore.so 0x0
D/dalvikvm(32138): Added shared lib libjavacore.so 0x0
D/dalvikvm(32138): Trying to load lib libnativehelper.so 0x0
D/dalvikvm(32138): Added shared lib libnativehelper.so 0x0
D/dalvikvm(32138): No JNI_OnLoad found in libnativehelper.so 0x0, skipping init
E/cutils-trace(32138): Error opening trace file: No such file or directory (2)
D/dalvikvm(32138): Note: class Landroid/app/ActivityManagerNative; has 180 unimplemented (abstract) methods
D/AndroidRuntime(32138): Calling main entry com.android.commands.pm.Pm
V/Zygote  (32149): Switching descriptor 33 to /dev/null
V/Zygote  (32149): Switching descriptor 9 to /dev/null
I/ActivityManager(  629): Start proc com.android.defcontainer for service com.android.defcontainer/.DefaultContainerService: pid=32149 uid=10012 gids={50012, 1028, 1015, 1023, 2001, 1035}
D/ActivityThread(32149): handleBindApplication:com.android.defcontainer
D/ActivityThread(32149): setTargetHeapUtilization:0.25
D/ActivityThread(32149): setTargetHeapMinFree:524288
W/ActivityManager(  629): No content provider found for permission revoke: file:///data/local/tmp/Converter-debug-unaligned.apk
D/Finsky  (31586): [1] PackageVerificationReceiver.onReceive: Verification requested, id = 36
D/Finsky  (31586): [1] WorkerTask.onPreExecute: Verification Requested for id = 36, data=file:///data/local/tmp/Converter-debug-unaligned.apk flags=114 fromVerificationActivity=false
I/qtaguid (31586): Failed write_ctrl(u 54) res=-1 errno=22
I/qtaguid (31586): Untagging socket 54 failed errno=-22
W/NetworkManagementSocketTagger(31586): untagSocket(54) failed with errno -22
D/Finsky  (31586): [1] 2.onResponse: Verification id=36 response=0
D/Finsky  (31586): [1] PackageVerificationReceiver.onReceive: Verification requested, id = 36
W/ActivityManager(  629): No content provider found for permission revoke: file:///data/local/tmp/Converter-debug-unaligned.apk
I/PackageManager(  629): Copying native libraries to /data/app-lib/vmdl-1226961405
I/ActivityManager(  629): Force stopping com.hmaleev.convertor appid=10105 user=-1: uninstall pkg
I/PackageManager(  629): Package com.hmaleev.convertor codePath changed from /data/app/com.hmaleev.convertor-2.apk to /data/app/com.hmaleev.convertor-1.apk; Retaining data and using new
I/PackageManager(  629): Running dexopt on: com.hmaleev.convertor
D/dalvikvm(32165): DexOpt: load 213ms, verify+opt 1190ms, 2247884 bytes
I/ActivityManager(  629): Force stopping com.hmaleev.convertor appid=10105 user=-1: update pkg
W/PackageManager(  629): Code path for pkg : com.hmaleev.convertor changing from /data/app/com.hmaleev.convertor-2.apk to /data/app/com.hmaleev.convertor-1.apk
W/PackageManager(  629): Resource path for pkg : com.hmaleev.convertor changing from /data/app/com.hmaleev.convertor-2.apk to /data/app/com.hmaleev.convertor-1.apk
I/ActivityManager(  629): Force stopping com.hmaleev.convertor appid=10105 user=0: pkg removed
D/BackupManagerService(  629): Received broadcast Intent { act=android.intent.action.PACKAGE_REMOVED dat=package:com.hmaleev.convertor flg=0x4000010 (has extras) }
I/InputReader(  629): Reconfiguring input devices.  changes=0x00000010
I/PackageManager(  629):   Action: "android.intent.action.SENDTO"
I/PackageManager(  629):   Category: "android.intent.category.DEFAULT"
I/PackageManager(  629):   Scheme: "sms"
I/PackageManager(  629): Adding preferred activity ComponentInfo{com.android.mms/com.android.mms.ui.ComposeMessageActivity} for user 0 :
I/InputReader(  629): Reconfiguring input devices.  changes=0x00000010
I/PackageManager(  629):   Action: "android.intent.action.SENDTO"
I/PackageManager(  629):   Category: "android.intent.category.DEFAULT"
I/PackageManager(  629):   Scheme: "smsto"
I/PackageManager(  629): Adding preferred activity ComponentInfo{com.android.mms/com.android.mms.ui.ComposeMessageActivity} for user 0 :
I/PackageManager(  629):   Action: "android.intent.action.SENDTO"
I/PackageManager(  629):   Category: "android.intent.category.DEFAULT"
I/PackageManager(  629):   Scheme: "mms"
I/PackageManager(  629): Adding preferred activity ComponentInfo{com.android.mms/com.android.mms.ui.ComposeMessageActivity} for user 0 :
I/InputReader(  629): Reconfiguring input devices.  changes=0x00000010
I/PackageManager(  629):   Action: "android.intent.action.SENDTO"
I/PackageManager(  629):   Category: "android.intent.category.DEFAULT"
I/PackageManager(  629):   Scheme: "mmsto"
I/PackageManager(  629): Adding preferred activity ComponentInfo{com.android.mms/com.android.mms.ui.ComposeMessageActivity} for user 0 :
I/PackageManager(  629):   Action: "android.intent.action.SENDTO"
I/PackageManager(  629):   Category: "android.intent.category.DEFAULT"
I/PackageManager(  629):   Scheme: "sms"
I/PackageManager(  629): Adding preferred activity ComponentInfo{com.android.mms/com.android.mms.ui.ComposeMessageActivity} for user 0 :
I/PackageManager(  629):   Action: "android.intent.action.SENDTO"
I/PackageManager(  629):   Category: "android.intent.category.DEFAULT"
I/PackageManager(  629):   Scheme: "smsto"
I/PackageManager(  629): Adding preferred activity ComponentInfo{com.android.mms/com.android.mms.ui.ComposeMessageActivity} for user 0 :
I/PackageManager(  629):   Action: "android.intent.action.SENDTO"
I/PackageManager(  629):   Category: "android.intent.category.DEFAULT"
I/PackageManager(  629):   Scheme: "mms"
I/PackageManager(  629): Adding preferred activity ComponentInfo{com.android.mms/com.android.mms.ui.ComposeMessageActivity} for user 0 :
I/PackageManager(  629):   Action: "android.intent.action.SENDTO"
I/PackageManager(  629):   Category: "android.intent.category.DEFAULT"
I/PackageManager(  629):   Scheme: "mmsto"
I/PackageManager(  629): Adding preferred activity ComponentInfo{com.android.mms/com.android.mms.ui.ComposeMessageActivity} for user 0 :
I/PackageManager(  629):   Action: "android.intent.action.SENDTO"
I/PackageManager(  629):   Category: "android.intent.category.DEFAULT"
I/PackageManager(  629):   Scheme: "sms"
I/PackageManager(  629): Adding preferred activity ComponentInfo{com.android.mms/com.android.mms.ui.ComposeMessageActivity} for user 0 :
I/PackageManager(  629):   Action: "android.intent.action.SENDTO"
I/PackageManager(  629):   Category: "android.intent.category.DEFAULT"
I/PackageManager(  629):   Scheme: "smsto"
I/PackageManager(  629): Adding preferred activity ComponentInfo{com.android.mms/com.android.mms.ui.ComposeMessageActivity} for user 0 :
I/PackageManager(  629):   Action: "android.intent.action.SENDTO"
I/PackageManager(  629):   Category: "android.intent.category.DEFAULT"
I/PackageManager(  629):   Scheme: "mms"
I/PackageManager(  629): Adding preferred activity ComponentInfo{com.android.mms/com.android.mms.ui.ComposeMessageActivity} for user 0 :
I/PackageManager(  629):   Action: "android.intent.action.SENDTO"
I/PackageManager(  629):   Category: "android.intent.category.DEFAULT"
I/PackageManager(  629):   Scheme: "mmsto"
I/PackageManager(  629): Adding preferred activity ComponentInfo{com.android.mms/com.android.mms.ui.ComposeMessageActivity} for user 0 :
I/PackageManager(  629):   Action: "android.intent.action.SENDTO"
I/PackageManager(  629):   Category: "android.intent.category.DEFAULT"
I/PackageManager(  629):   Scheme: "sms"
I/PackageManager(  629): Adding preferred activity ComponentInfo{com.android.mms/com.android.mms.ui.ComposeMessageActivity} for user 0 :
I/PackageManager(  629):   Action: "android.intent.action.SENDTO"
I/PackageManager(  629):   Category: "android.intent.category.DEFAULT"
I/PackageManager(  629):   Scheme: "smsto"
I/PackageManager(  629): Adding preferred activity ComponentInfo{com.android.mms/com.android.mms.ui.ComposeMessageActivity} for user 0 :
I/PackageManager(  629):   Action: "android.intent.action.SENDTO"
I/PackageManager(  629):   Category: "android.intent.category.DEFAULT"
I/PackageManager(  629):   Scheme: "mms"
I/PackageManager(  629): Adding preferred activity ComponentInfo{com.android.mms/com.android.mms.ui.ComposeMessageActivity} for user 0 :
I/PackageManager(  629):   Action: "android.intent.action.SENDTO"
I/PackageManager(  629):   Category: "android.intent.category.DEFAULT"
I/PackageManager(  629):   Scheme: "mmsto"
I/PackageManager(  629): Adding preferred activity ComponentInfo{com.android.mms/com.android.mms.ui.ComposeMessageActivity} for user 0 :
I/PackageManager(  629):   Action: "android.intent.action.SENDTO"
I/PackageManager(  629):   Category: "android.intent.category.DEFAULT"
I/PackageManager(  629):   Scheme: "sms"
I/PackageManager(  629): Adding preferred activity ComponentInfo{com.android.mms/com.android.mms.ui.ComposeMessageActivity} for user 0 :
I/PackageManager(  629):   Action: "android.intent.action.SENDTO"
I/PackageManager(  629):   Category: "android.intent.category.DEFAULT"
I/PackageManager(  629):   Scheme: "smsto"
I/PackageManager(  629): Adding preferred activity ComponentInfo{com.android.mms/com.android.mms.ui.ComposeMessageActivity} for user 0 :
D/AndroidRuntime(32138): Shutting down VM
I/PackageManager(  629):   Action: "android.intent.action.SENDTO"
I/PackageManager(  629):   Category: "android.intent.category.DEFAULT"
I/PackageManager(  629):   Scheme: "mms"
I/PackageManager(  629): Adding preferred activity ComponentInfo{com.android.mms/com.android.mms.ui.ComposeMessageActivity} for user 0 :
I/PackageManager(  629):   Action: "android.intent.action.SENDTO"
I/PackageManager(  629):   Category: "android.intent.category.DEFAULT"
I/PackageManager(  629):   Scheme: "mmsto"
I/PackageManager(  629): Adding preferred activity ComponentInfo{com.android.mms/com.android.mms.ui.ComposeMessageActivity} for user 0 :
I/PackageManager(  629):   Action: "android.intent.action.SENDTO"
I/PackageManager(  629):   Category: "android.intent.category.DEFAULT"
I/PackageManager(  629):   Scheme: "sms"
I/PackageManager(  629): Adding preferred activity ComponentInfo{com.android.mms/com.android.mms.ui.ComposeMessageActivity} for user 0 :
I/PackageManager(  629):   Action: "android.intent.action.SENDTO"
I/PackageManager(  629):   Category: "android.intent.category.DEFAULT"
I/PackageManager(  629):   Scheme: "smsto"
I/PackageManager(  629): Adding preferred activity ComponentInfo{com.android.mms/com.android.mms.ui.ComposeMessageActivity} for user 0 :
I/PackageManager(  629):   Action: "android.intent.action.SENDTO"
I/PackageManager(  629):   Category: "android.intent.category.DEFAULT"
I/PackageManager(  629):   Scheme: "mms"
I/PackageManager(  629): Adding preferred activity ComponentInfo{com.android.mms/com.android.mms.ui.ComposeMessageActivity} for user 0 :
I/PackageManager(  629):   Action: "android.intent.action.SENDTO"
I/PackageManager(  629):   Category: "android.intent.category.DEFAULT"
I/PackageManager(  629):   Scheme: "mmsto"
I/PackageManager(  629): Adding preferred activity ComponentInfo{com.android.mms/com.android.mms.ui.ComposeMessageActivity} for user 0 :
D/BackupManagerService(  629): Received broadcast Intent { act=android.intent.action.PACKAGE_ADDED dat=package:com.hmaleev.convertor flg=0x4000010 (has extras) }
V/BackupManagerService(  629): removePackageParticipantsLocked: uid=10105 #1
V/BackupManagerService(  629): addPackageParticipantsLocked: #1
E/AppsCustomizePagedView(  871): Widget ComponentInfo{com.google.android.googlequicksearchbox/com.google.android.apps.sidekick.widget.PredictiveCardsWidgetProvider} can not fit on this device (450, 375)
D/AndroidRuntime(32177): 
D/AndroidRuntime(32177): >>>>>> AndroidRuntime START com.android.internal.os.RuntimeInit <<<<<<
D/AndroidRuntime(32177): CheckJNI is OFF
D/dalvikvm(32177): Trying to load lib libjavacore.so 0x0
D/dalvikvm(32177): Added shared lib libjavacore.so 0x0
D/dalvikvm(32177): Trying to load lib libnativehelper.so 0x0
D/dalvikvm(32177): Added shared lib libnativehelper.so 0x0
D/dalvikvm(32177): No JNI_OnLoad found in libnativehelper.so 0x0, skipping init
W/Launcher(  871): setApplicationContext called twice! old=com.google.android.velvet.VelvetApplication@418642a0 new=com.google.android.velvet.VelvetApplication@418642a0
E/cutils-trace(32177): Error opening trace file: No such file or directory (2)
D/dalvikvm(32177): Note: class Landroid/app/ActivityManagerNative; has 180 unimplemented (abstract) methods
