I/CalendarProvider2(31079): Created com.android.providers.calendar.CalendarAlarmManager@41874698(com.android.providers.calendar.CalendarProvider2@4186a608)
I/CalendarProvider2(31079): Sending notification intent: Intent { act=android.intent.action.PROVIDER_CHANGED dat=content://com.android.calendar }
W/ContentResolver(31079): Failed to get type for: content://com.android.calendar (Unknown URL content://com.android.calendar)
I/ActivityManager(  629): Resuming delayed broadcast
I/ActivityManager(  629): Killing 30923:com.android.defcontainer/u0a12 (adj 15): empty #17
V/Zygote  (31097): Switching descriptor 33 to /dev/null
V/Zygote  (31097): Switching descriptor 9 to /dev/null
I/ActivityManager(  629): Start proc com.cyanogenmod.lockclock for broadcast com.cyanogenmod.lockclock/.ClockWidgetProvider: pid=31097 uid=10044 gids={50044, 3003}
D/ActivityThread(31097): handleBindApplication:com.cyanogenmod.lockclock
D/ActivityThread(31097): setTargetHeapUtilization:0.25
D/ActivityThread(31097): setTargetHeapMinFree:524288
D/CordovaLog(31024): : Line 0 : event.returnValue is deprecated. Please use the standard event.preventDefault() instead.
I/chromium(31024): [INFO:CONSOLE(0)] "event.returnValue is deprecated. Please use the standard event.preventDefault() instead.", source:  (0)
I/ActivityManager(  629): Delay finish: com.cyanogenmod.lockclock/.ClockWidgetProvider
I/ActivityManager(  629): Resuming delayed broadcast
V/Zygote  (31115): Switching descriptor 33 to /dev/null
V/Zygote  (31115): Switching descriptor 9 to /dev/null
I/ActivityManager(  629): Start proc com.android.calendar for broadcast com.android.calendar/.alerts.AlertReceiver: pid=31115 uid=10058 gids={50058, 3003}
I/ActivityManager(  629): Killing 30651:com.android.keychain/1000 (adj 15): empty #17
D/ActivityThread(31115): handleBindApplication:com.android.calendar
D/ActivityThread(31115): setTargetHeapUtilization:0.25
D/ActivityThread(31115): setTargetHeapMinFree:524288
D/ExtensionsFactory(31115): No custom extensions.
D/AlertReceiver(31115): onReceive: a=android.intent.action.PROVIDER_CHANGED Intent { act=android.intent.action.PROVIDER_CHANGED dat=content://com.android.calendar flg=0x10 cmp=com.android.calendar/.alerts.AlertReceiver }
D/AlertService(31115): 0 Action = android.intent.action.PROVIDER_CHANGED
I/ActivityManager(  629): Delay finish: com.android.calendar/.widget.CalendarAppWidgetService$CalendarFactory
E/qdmemalloc(  232): ION_IOC_ALLOC failed with error - Out of memory
W/qdmemalloc(  232): Falling back to system heap
E/qdmemalloc(  232): ION_IOC_ALLOC failed with error - Out of memory
W/qdmemalloc(  232): Falling back to system heap
I/ActivityManager(  629): START u0 {act=com.android.systemui.recent.action.TOGGLE_RECENTS flg=0x10800000 cmp=com.android.systemui/.recent.RecentsActivity (has extras)} from pid 739
D/CordovaActivity(31024): Paused the application!
D/CordovaWebView(31024): Handle the pause
W/IInputConnectionWrapper(31024): showStatusIcon on inactive InputConnection
E/qdmemalloc(  232): ION_IOC_ALLOC failed with error - Out of memory
W/qdmemalloc(  232): Falling back to system heap
E/qdmemalloc(  232): ION_IOC_ALLOC failed with error - Out of memory
W/qdmemalloc(  232): Falling back to system heap
I/ActivityManager(  629): Displayed com.android.systemui/.recent.RecentsActivity: +248ms
I/Timeline(  739): Timeline: Activity_idle id: android.os.BinderProxy@41b1db48 time:32103146
I/Timeline(  629): Timeline: Activity_windows_visible id: ActivityRecord{41d7f258 u0 com.android.systemui/.recent.RecentsActivity t179} time:32103380
I/ActivityManager(  629): Killing 30265:com.android.voicedialer/u0a2 (adj 15): empty #17
I/ActivityManager(  629): Killing 31024:com.hmaleev.convertor/u0a105 (adj 9): remove task
I/Timeline(  871): Timeline: Activity_idle id: android.os.BinderProxy@4185ac08 time:32104818
D/LightsService(  629): Excessive delay setting light: 387ms
W/InputDispatcher(  629): channel '41eec800 com.hmaleev.convertor/com.hmaleev.convertor.Converter (server)' ~ Consumer closed input channel or an error occurred.  events=0x9
E/InputDispatcher(  629): channel '41eec800 com.hmaleev.convertor/com.hmaleev.convertor.Converter (server)' ~ Channel is unrecoverably broken and will be disposed!
W/InputDispatcher(  629): Attempted to unregister already unregistered input channel '41eec800 com.hmaleev.convertor/com.hmaleev.convertor.Converter (server)'
I/WindowState(  629): WIN DEATH: Window{41eec800 u0 com.hmaleev.convertor/com.hmaleev.convertor.Converter}
I/Timeline(  629): Timeline: Activity_windows_visible id: ActivityRecord{41e444f8 u0 com.google.android.googlequicksearchbox/com.google.android.launcher.GEL t1} time:32105094
I/GlobalDismissManager(31115): no sender configured
D/AlertService(31115): Beginning updateAlertNotification
D/AlertService(31115): No fired or scheduled alerts
D/AlertService(31115): Scheduling next alarm with AlarmScheduler. sEventReminderReceived: null
D/AlarmScheduler(31115): No events found starting within 1 week.
I/ActivityManager(  629): Resuming delayed broadcast
V/Zygote  (31144): Switching descriptor 33 to /dev/null
V/Zygote  (31144): Switching descriptor 9 to /dev/null
I/ActivityManager(  629): Start proc com.google.android.gm for service com.google.android.gm/.provider.MailIndexerService: pid=31144 uid=10069 gids={50069, 3003, 1028, 1015}
V/BackupManagerService(  629): Running a backup pass
V/BackupManagerService(  629): Backup requested but nothing pending
D/ActivityThread(31144): handleBindApplication:com.google.android.gm
D/ActivityThread(31144): setTargetHeapUtilization:0.25
D/ActivityThread(31144): setTargetHeapMinFree:524288
D/ActivityThread(31144): Loading provider com.android.gmail.ui: com.google.android.gm.provider.GmailProvider
W/GAV2    (31144): Thread[main,5,main]: Need to call initialize() and be in fallback mode to start dispatch.
I/ActivityManager(  629): Delay finish: com.google.android.gm/.MailIntentReceiver
I/ActivityManager(  629): Resuming delayed broadcast
I/Gmail   (31144): calculateUnknownSyncRationalesAndPurgeInBackground: queueing
I/Gmail   (31144): calculateUnknownSyncRationalesAndPurgeInBackground: queueing
I/Gmail   (31144): calculateUnknownSyncRationalesAndPurgeInBackground: running
I/Gmail   (31144): calculateUnknownSyncRationalesAndPurgeInBackground: running
I/GAV2    (31144): Thread[GAThread,5,main]: No campaign data found.
D/AndroidRuntime(31176): 
D/AndroidRuntime(31176): >>>>>> AndroidRuntime START com.android.internal.os.RuntimeInit <<<<<<
D/AndroidRuntime(31176): CheckJNI is OFF
D/dalvikvm(31176): Trying to load lib libjavacore.so 0x0
D/dalvikvm(31176): Added shared lib libjavacore.so 0x0
D/dalvikvm(31176): Trying to load lib libnativehelper.so 0x0
D/dalvikvm(31176): Added shared lib libnativehelper.so 0x0
D/dalvikvm(31176): No JNI_OnLoad found in libnativehelper.so 0x0, skipping init
E/cutils-trace(31176): Error opening trace file: No such file or directory (2)
D/dalvikvm(31176): Note: class Landroid/app/ActivityManagerNative; has 180 unimplemented (abstract) methods
D/AndroidRuntime(31176): Calling main entry com.android.commands.pm.Pm
V/Zygote  (31187): Switching descriptor 33 to /dev/null
V/Zygote  (31187): Switching descriptor 9 to /dev/null
I/ActivityManager(  629): Start proc com.android.defcontainer for service com.android.defcontainer/.DefaultContainerService: pid=31187 uid=10012 gids={50012, 1028, 1015, 1023, 2001, 1035}
D/ActivityThread(31187): handleBindApplication:com.android.defcontainer
D/ActivityThread(31187): setTargetHeapUtilization:0.25
D/ActivityThread(31187): setTargetHeapMinFree:524288
W/ActivityManager(  629): No content provider found for permission revoke: file:///data/local/tmp/Converter-debug-unaligned.apk
D/Finsky  (22997): [1] PackageVerificationReceiver.onReceive: Verification requested, id = 33
D/Finsky  (22997): [1] WorkerTask.onPreExecute: Verification Requested for id = 33, data=file:///data/local/tmp/Converter-debug-unaligned.apk flags=114 fromVerificationActivity=false
I/qtaguid (22997): Failed write_ctrl(u 61) res=-1 errno=22
I/qtaguid (22997): Untagging socket 61 failed errno=-22
W/NetworkManagementSocketTagger(22997): untagSocket(61) failed with errno -22
D/Finsky  (22997): [1] 2.onResponse: Verification id=33 response=0
D/Finsky  (22997): [1] PackageVerificationReceiver.onReceive: Verification requested, id = 33
W/ActivityManager(  629): No content provider found for permission revoke: file:///data/local/tmp/Converter-debug-unaligned.apk
I/PackageManager(  629): Copying native libraries to /data/app-lib/vmdl-1311308266
I/ActivityManager(  629): Force stopping com.hmaleev.convertor appid=10105 user=-1: uninstall pkg
I/PackageManager(  629): Package com.hmaleev.convertor codePath changed from /data/app/com.hmaleev.convertor-1.apk to /data/app/com.hmaleev.convertor-2.apk; Retaining data and using new
I/PackageManager(  629): Running dexopt on: com.hmaleev.convertor
D/dalvikvm(31211): DexOpt: load 211ms, verify+opt 1227ms, 2247884 bytes
I/ActivityManager(  629): Force stopping com.hmaleev.convertor appid=10105 user=-1: update pkg
W/PackageManager(  629): Code path for pkg : com.hmaleev.convertor changing from /data/app/com.hmaleev.convertor-1.apk to /data/app/com.hmaleev.convertor-2.apk
W/PackageManager(  629): Resource path for pkg : com.hmaleev.convertor changing from /data/app/com.hmaleev.convertor-1.apk to /data/app/com.hmaleev.convertor-2.apk
I/ActivityManager(  629): Killing 30494:org.cyanogenmod.theme.chooser/u0a3 (adj 15): empty #17
I/ActivityManager(  629): Force stopping com.hmaleev.convertor appid=10105 user=0: pkg removed
D/BackupManagerService(  629): Received broadcast Intent { act=android.intent.action.PACKAGE_REMOVED dat=package:com.hmaleev.convertor flg=0x4000010 (has extras) }
I/PackageManager(  629):   Action: "android.intent.action.SENDTO"
I/PackageManager(  629):   Category: "android.intent.category.DEFAULT"
I/PackageManager(  629):   Scheme: "sms"
I/PackageManager(  629): Adding preferred activity ComponentInfo{com.android.mms/com.android.mms.ui.ComposeMessageActivity} for user 0 :
I/InputReader(  629): Reconfiguring input devices.  changes=0x00000010
I/PackageManager(  629):   Action: "android.intent.action.SENDTO"
I/PackageManager(  629):   Category: "android.intent.category.DEFAULT"
I/PackageManager(  629):   Scheme: "smsto"
I/PackageManager(  629): Adding preferred activity ComponentInfo{com.android.mms/com.android.mms.ui.ComposeMessageActivity} for user 0 :
I/PackageManager(  629):   Action: "android.intent.action.SENDTO"
I/PackageManager(  629):   Category: "android.intent.category.DEFAULT"
I/PackageManager(  629):   Scheme: "mms"
I/PackageManager(  629): Adding preferred activity ComponentInfo{com.android.mms/com.android.mms.ui.ComposeMessageActivity} for user 0 :
I/PackageManager(  629):   Action: "android.intent.action.SENDTO"
I/PackageManager(  629):   Category: "android.intent.category.DEFAULT"
I/PackageManager(  629):   Scheme: "mmsto"
I/PackageManager(  629): Adding preferred activity ComponentInfo{com.android.mms/com.android.mms.ui.ComposeMessageActivity} for user 0 :
I/InputReader(  629): Reconfiguring input devices.  changes=0x00000010
I/PackageManager(  629): Adding preferred activity ComponentInfo{com.android.mms/com.android.mms.ui.ComposeMessageActivity} for user 0 :
I/PackageManager(  629):   Action: "android.intent.action.SENDTO"
I/PackageManager(  629):   Category: "android.intent.category.DEFAULT"
I/PackageManager(  629):   Scheme: "sms"
I/PackageManager(  629):   Action: "android.intent.action.SENDTO"
I/PackageManager(  629):   Category: "android.intent.category.DEFAULT"
I/PackageManager(  629):   Scheme: "smsto"
I/PackageManager(  629): Adding preferred activity ComponentInfo{com.android.mms/com.android.mms.ui.ComposeMessageActivity} for user 0 :
I/InputReader(  629): Reconfiguring input devices.  changes=0x00000010
I/PackageManager(  629):   Action: "android.intent.action.SENDTO"
I/PackageManager(  629):   Category: "android.intent.category.DEFAULT"
I/PackageManager(  629):   Scheme: "mms"
I/PackageManager(  629): Adding preferred activity ComponentInfo{com.android.mms/com.android.mms.ui.ComposeMessageActivity} for user 0 :
I/PackageManager(  629):   Action: "android.intent.action.SENDTO"
I/PackageManager(  629):   Category: "android.intent.category.DEFAULT"
I/PackageManager(  629):   Scheme: "mmsto"
I/PackageManager(  629): Adding preferred activity ComponentInfo{com.android.mms/com.android.mms.ui.ComposeMessageActivity} for user 0 :
I/PackageManager(  629):   Action: "android.intent.action.SENDTO"
I/PackageManager(  629):   Category: "android.intent.category.DEFAULT"
I/PackageManager(  629):   Scheme: "sms"
I/PackageManager(  629): Adding preferred activity ComponentInfo{com.android.mms/com.android.mms.ui.ComposeMessageActivity} for user 0 :
I/PackageManager(  629):   Action: "android.intent.action.SENDTO"
I/PackageManager(  629):   Category: "android.intent.category.DEFAULT"
I/PackageManager(  629):   Scheme: "smsto"
I/PackageManager(  629): Adding preferred activity ComponentInfo{com.android.mms/com.android.mms.ui.ComposeMessageActivity} for user 0 :
I/PackageManager(  629):   Action: "android.intent.action.SENDTO"
I/PackageManager(  629):   Category: "android.intent.category.DEFAULT"
I/PackageManager(  629):   Scheme: "mms"
I/PackageManager(  629): Adding preferred activity ComponentInfo{com.android.mms/com.android.mms.ui.ComposeMessageActivity} for user 0 :
I/PackageManager(  629):   Action: "android.intent.action.SENDTO"
I/PackageManager(  629):   Category: "android.intent.category.DEFAULT"
I/PackageManager(  629):   Scheme: "mmsto"
I/PackageManager(  629): Adding preferred activity ComponentInfo{com.android.mms/com.android.mms.ui.ComposeMessageActivity} for user 0 :
I/PackageManager(  629):   Action: "android.intent.action.SENDTO"
I/PackageManager(  629):   Category: "android.intent.category.DEFAULT"
I/PackageManager(  629):   Scheme: "sms"
I/PackageManager(  629): Adding preferred activity ComponentInfo{com.android.mms/com.android.mms.ui.ComposeMessageActivity} for user 0 :
I/PackageManager(  629):   Action: "android.intent.action.SENDTO"
I/PackageManager(  629):   Category: "android.intent.category.DEFAULT"
I/PackageManager(  629):   Scheme: "smsto"
I/PackageManager(  629): Adding preferred activity ComponentInfo{com.android.mms/com.android.mms.ui.ComposeMessageActivity} for user 0 :
I/PackageManager(  629):   Action: "android.intent.action.SENDTO"
I/PackageManager(  629):   Category: "android.intent.category.DEFAULT"
I/PackageManager(  629):   Scheme: "mms"
I/PackageManager(  629): Adding preferred activity ComponentInfo{com.android.mms/com.android.mms.ui.ComposeMessageActivity} for user 0 :
I/PackageManager(  629):   Action: "android.intent.action.SENDTO"
I/PackageManager(  629):   Category: "android.intent.category.DEFAULT"
I/PackageManager(  629):   Scheme: "mmsto"
I/PackageManager(  629): Adding preferred activity ComponentInfo{com.android.mms/com.android.mms.ui.ComposeMessageActivity} for user 0 :
D/AndroidRuntime(31176): Shutting down VM
I/PackageManager(  629):   Action: "android.intent.action.SENDTO"
I/PackageManager(  629):   Category: "android.intent.category.DEFAULT"
I/PackageManager(  629):   Scheme: "sms"
I/PackageManager(  629): Adding preferred activity ComponentInfo{com.android.mms/com.android.mms.ui.ComposeMessageActivity} for user 0 :
V/Zygote  (31216): Switching descriptor 33 to /dev/null
V/Zygote  (31216): Switching descriptor 9 to /dev/null
I/PackageManager(  629):   Action: "android.intent.action.SENDTO"
I/PackageManager(  629):   Category: "android.intent.category.DEFAULT"
I/PackageManager(  629):   Scheme: "smsto"
I/ActivityManager(  629): Start proc com.android.voicedialer for broadcast com.android.voicedialer/.VoiceDialerReceiver: pid=31216 uid=10002 gids={50002, 3002}
D/BackupManagerService(  629): Received broadcast Intent { act=android.intent.action.PACKAGE_ADDED dat=package:com.hmaleev.convertor flg=0x4000010 (has extras) }
I/PackageManager(  629): Adding preferred activity ComponentInfo{com.android.mms/com.android.mms.ui.ComposeMessageActivity} for user 0 :
V/BackupManagerService(  629): removePackageParticipantsLocked: uid=10105 #1
V/BackupManagerService(  629): addPackageParticipantsLocked: #1
I/PackageManager(  629):   Action: "android.intent.action.SENDTO"
I/PackageManager(  629):   Category: "android.intent.category.DEFAULT"
I/PackageManager(  629):   Scheme: "mms"
I/PackageManager(  629): Adding preferred activity ComponentInfo{com.android.mms/com.android.mms.ui.ComposeMessageActivity} for user 0 :
I/PackageManager(  629):   Action: "android.intent.action.SENDTO"
I/PackageManager(  629):   Category: "android.intent.category.DEFAULT"
I/PackageManager(  629):   Scheme: "mmsto"
I/PackageManager(  629): Adding preferred activity ComponentInfo{com.android.mms/com.android.mms.ui.ComposeMessageActivity} for user 0 :
D/ActivityThread(31216): handleBindApplication:com.android.voicedialer
I/PackageManager(  629):   Action: "android.intent.action.SENDTO"
I/PackageManager(  629):   Category: "android.intent.category.DEFAULT"
I/PackageManager(  629):   Scheme: "sms"
I/PackageManager(  629): Adding preferred activity ComponentInfo{com.android.mms/com.android.mms.ui.ComposeMessageActivity} for user 0 :
E/AppsCustomizePagedView(  871): Widget ComponentInfo{com.google.android.googlequicksearchbox/com.google.android.apps.sidekick.widget.PredictiveCardsWidgetProvider} can not fit on this device (450, 375)
D/ActivityThread(31216): setTargetHeapUtilization:0.25
D/ActivityThread(31216): setTargetHeapMinFree:524288
I/PackageManager(  629):   Action: "android.intent.action.SENDTO"
I/PackageManager(  629):   Category: "android.intent.category.DEFAULT"
I/PackageManager(  629):   Scheme: "smsto"
I/PackageManager(  629): Adding preferred activity ComponentInfo{com.android.mms/com.android.mms.ui.ComposeMessageActivity} for user 0 :
I/PackageManager(  629):   Action: "android.intent.action.SENDTO"
I/PackageManager(  629):   Category: "android.intent.category.DEFAULT"
I/PackageManager(  629):   Scheme: "mms"
I/PackageManager(  629): Adding preferred activity ComponentInfo{com.android.mms/com.android.mms.ui.ComposeMessageActivity} for user 0 :
I/PackageManager(  629):   Action: "android.intent.action.SENDTO"
I/PackageManager(  629):   Category: "android.intent.category.DEFAULT"
I/PackageManager(  629):   Scheme: "mmsto"
I/PackageManager(  629): Adding preferred activity ComponentInfo{com.android.mms/com.android.mms.ui.ComposeMessageActivity} for user 0 :
I/ActivityManager(  629): Killing 30195:com.svox.pico/u0a7 (adj 15): empty #17
D/AndroidRuntime(31224): 
D/AndroidRuntime(31224): >>>>>> AndroidRuntime START com.android.internal.os.RuntimeInit <<<<<<
D/AndroidRuntime(31224): CheckJNI is OFF
D/dalvikvm(31224): Trying to load lib libjavacore.so 0x0
D/dalvikvm(31224): Added shared lib libjavacore.so 0x0
D/dalvikvm(31224): Trying to load lib libnativehelper.so 0x0
D/dalvikvm(31224): Added shared lib libnativehelper.so 0x0
D/dalvikvm(31224): No JNI_OnLoad found in libnativehelper.so 0x0, skipping init
E/cutils-trace(31224): Error opening trace file: No such file or directory (2)
D/dalvikvm(31224): Note: class Landroid/app/ActivityManagerNative; has 180 unimplemented (abstract) methods
W/Launcher(  871): setApplicationContext called twice! old=com.google.android.velvet.VelvetApplication@418642a0 new=com.google.android.velvet.VelvetApplication@418642a0
V/Zygote  (31239): Switching descriptor 33 to /dev/null
V/Zygote  (31239): Switching descriptor 9 to /dev/null
I/ActivityManager(  629): Start proc com.android.keychain for broadcast com.android.keychain/.KeyChainBroadcastReceiver: pid=31239 uid=1000 gids={41000, 1028, 1015, 3002, 3001, 3003}
D/AndroidRuntime(31224): Calling main entry com.android.commands.input.Input
I/Input   (31224): injectKeyEvent: KeyEvent { action=ACTION_DOWN, keyCode=KEYCODE_MENU, scanCode=0, metaState=0, flags=0x0, repeatCount=0, eventTime=32273411, downTime=32273411, deviceId=-1, source=0x101 }
D/ActivityThread(31239): handleBindApplication:com.android.keychain
D/ActivityThread(31239): setTargetHeapUtilization:0.25
D/ActivityThread(31239): setTargetHeapMinFree:524288
I/Input   (31224): injectKeyEvent: KeyEvent { action=ACTION_UP, keyCode=KEYCODE_MENU, scanCode=0, metaState=0, flags=0x0, repeatCount=0, eventTime=32273411, downTime=32273411, deviceId=-1, source=0x101 }
W/ContextImpl(31239): Calling a method in the system process without a qualified user: android.app.ContextImpl.startService:1543 android.content.ContextWrapper.startService:494 android.content.ContextWrapper.startService:494 com.android.keychain.KeyChainBroadcastReceiver.onReceive:12 android.app.ActivityThread.handleReceiver:2438 
I/ActivityManager(  629): Delay finish: com.android.keychain/.KeyChainBroadcastReceiver
D/AndroidRuntime(31224): Shutting down VM
I/ActivityManager(  629): Resuming delayed broadcast
D/PackageBroadcastService( 1161): Received broadcast action=android.intent.action.PACKAGE_REMOVED and uri=com.hmaleev.convertor
I/ActivityManager(  629): Killing 30509:com.google.android.partnersetup/u0a21 (adj 15): empty #17
I/ActivityManager(  629): Delay finish: eu.chainfire.supersu/.InstallReceiver
D/LightsService(  629): Excessive delay setting light: 93ms
D/AndroidRuntime(31258): 
D/AndroidRuntime(31258): >>>>>> AndroidRuntime START com.android.internal.os.RuntimeInit <<<<<<
D/AndroidRuntime(31258): CheckJNI is OFF
D/dalvikvm(31258): Trying to load lib libjavacore.so 0x0
D/dalvikvm(31258): Added shared lib libjavacore.so 0x0
D/dalvikvm(31258): Trying to load lib libnativehelper.so 0x0
D/dalvikvm(31258): Added shared lib libnativehelper.so 0x0
D/dalvikvm(31258): No JNI_OnLoad found in libnativehelper.so 0x0, skipping init
E/cutils-trace(31258): Error opening trace file: No such file or directory (2)
D/dalvikvm(31258): Note: class Landroid/app/ActivityManagerNative; has 180 unimplemented (abstract) methods
I/ActivityManager(  629): Resuming delayed broadcast
I/Timeline(30586): Timeline: Activity_launch_request id:com.estrongs.android.pop time:32275529
I/ActivityManager(  629): START u0 {flg=0x10800000 cmp=com.estrongs.android.pop/.app.UnInstallMonitorActivity} from pid 30586
D/AndroidRuntime(31258): Calling main entry com.android.commands.am.Am
W/InputMethodManagerService(  629): Window already focused, ignoring focus gain of: com.android.internal.view.IInputMethodClient$Stub$Proxy@4188f5e8 attribute=android.view.inputmethod.EditorInfo@42339568, token = android.os.BinderProxy@41e2ac08
I/ActivityManager(  629): START u0 {act=android.intent.action.MAIN flg=0x10000000 cmp=com.hmaleev.convertor/.Converter} from pid 31258
I/Timeline(  871): Timeline: Activity_idle id: android.os.BinderProxy@4185ac08 time:32275896
V/Zygote  (31299): Switching descriptor 33 to /dev/null
V/Zygote  (31299): Switching descriptor 9 to /dev/null
D/dalvikvm(31299): Late-enabling CheckJNI
I/ActivityManager(  629): Start proc com.hmaleev.convertor for activity com.hmaleev.convertor/.Converter: pid=31299 uid=10105 gids={50105, 3003}
V/Zygote  (31312): Switching descriptor 33 to /dev/null
V/Zygote  (31312): Switching descriptor 9 to /dev/null
I/ActivityManager(  629): Start proc org.cyanogenmod.theme.chooser for broadcast org.cyanogenmod.theme.chooser/.AppReceiver: pid=31312 uid=10003 gids={50003, 3003}
I/ActivityManager(  629): Killing 30527:org.cyanogenmod.voiceplus/u0a26 (adj 15): empty #17
D/ActivityThread(31299): handleBindApplication:com.hmaleev.convertor
D/ActivityThread(31299): setTargetHeapUtilization:0.25
D/ActivityThread(31299): setTargetHeapMinFree:524288
I/CordovaLog(31299): Changing log level to DEBUG(3)
I/CordovaLog(31299): Found start page location: index.html
D/Whitelist(31299): Unlimited access to network resources
D/CordovaActivity(31299): CordovaActivity.onCreate()
D/ActivityThread(31312): handleBindApplication:org.cyanogenmod.theme.chooser
D/ActivityThread(31312): setTargetHeapUtilization:0.25
D/ActivityThread(31312): setTargetHeapMinFree:524288
V/WebViewChromiumFactoryProvider(31299): Binding Chromium to main looper Looper (main, tid 1) {4185b180}
I/LibraryLoader(31299): Expected native library version number "",actual native library version number ""
I/chromium(31299): [INFO:library_loader_hooks.cc(116)] Chromium logging enabled: level = 0, default verbosity = 0
I/BrowserStartupController(31299): Initializing chromium process, renderers=0
E/AudioManagerAndroid(31299): BLUETOOTH permission is missing!
V/Zygote  (31327): Switching descriptor 33 to /dev/null
V/Zygote  (31327): Switching descriptor 9 to /dev/null
I/ActivityManager(  629): Start proc com.svox.pico for broadcast com.svox.pico/.VoiceDataInstallerReceiver: pid=31327 uid=10007 gids={50007, 1028, 1015}
I/ActivityManager(  629): Killing 31079:com.android.providers.calendar/u0a16 (adj 15): empty #17
W/Adreno-GSL(31299): <get_panel_settings:3802>: Android framework reported version 2. So, don't force ES30
I/Adreno-EGL(31299): <qeglDrvAPI_eglInitialize:381>: EGL 1.4 QUALCOMM build: AU_LINUX_ANDROID_KK_2.7_RB1.04.04.00.007.018_msm8960_KK_2.7_RB1_CL3869936_release_AU (CL3869936)
I/Adreno-EGL(31299): OpenGL ES Shader Compiler Version: 17.01.10.SPL
I/Adreno-EGL(31299): Build Date: 12/09/13 Mon
I/Adreno-EGL(31299): Local Branch: mybranch2092625
I/Adreno-EGL(31299): Remote Branch: quic/kk_2.7_rb1.15
I/Adreno-EGL(31299): Local Patches: NONE
I/Adreno-EGL(31299): Reconstruct Branch: AU_LINUX_ANDROID_KK_2.7_RB1.04.04.00.007.018 +  NOTHING
D/ActivityThread(31327): handleBindApplication:com.svox.pico
D/ActivityThread(31327): setTargetHeapUtilization:0.25
D/ActivityThread(31327): setTargetHeapMinFree:524288
W/chromium(31299): [WARNING:proxy_service.cc(890)] PAC support disabled because there is no system implementation
I/ActivityManager(  629): Killing 31097:com.cyanogenmod.lockclock/u0a44 (adj 15): empty #17
D/CordovaWebView(31299): CordovaWebView is running on device made by: Sony Ericsson
D/JsMessageQueue(31299): Set native->JS mode to 2
D/CordovaActivity(31299): CordovaActivity.init()
D/CordovaWebView(31299): loadUrlIntoView(file:///android_asset/www/index.html, 3000)
D/CordovaActivity(31299): onMessage(splashscreen,show)
D/CordovaWebView(31299): >>> loadUrl(file:///android_asset/www/index.html)
D/PluginManager(31299): init()
D/CordovaWebView(31299): >>> loadUrlNow()
V/Zygote  (31359): Switching descriptor 33 to /dev/null
V/Zygote  (31359): Switching descriptor 9 to /dev/null
I/ActivityManager(  629): Start proc com.google.android.partnersetup for broadcast com.google.android.partnersetup/.RlzPingBroadcastReceiver: pid=31359 uid=10021 gids={50021, 3003}
I/CordovaLog(31299): Changing log level to DEBUG(3)
I/CordovaLog(31299): Found start page location: index.html
D/Whitelist(31299): Unlimited access to network resources
D/CordovaActivity(31299): Resuming the App
D/CordovaActivity(31299): CB-3064: The errorUrl is null
D/ActivityThread(31359): handleBindApplication:com.google.android.partnersetup
D/ActivityThread(31359): setTargetHeapUtilization:0.25
D/OpenGLRenderer(31299): Enabling debug mode 0
D/SoftKeyboardDetect(31299): Ignore this event
D/ActivityThread(31359): setTargetHeapMinFree:524288
D/SoftKeyboardDetect(31299): Ignore this event
I/ActivityManager(  629): Displayed com.hmaleev.convertor/.Converter: +1s629ms (total +2s77ms)
I/Timeline(  629): Timeline: Activity_windows_visible id: ActivityRecord{42236728 u0 com.hmaleev.convertor/.Converter t181} time:32277667
D/AndroidRuntime(31258): Shutting down VM
I/Timeline(31299): Timeline: Activity_idle id: android.os.BinderProxy@4185c8f0 time:32277702
D/CordovaWebViewClient(31299): onPageStarted(file:///android_asset/www/index.html)
D/CordovaActivity(31299): onMessage(onPageStarted,file:///android_asset/www/index.html)
D/CordovaLog(31299): file:///android_asset/www/index.html: Line 7 : The key "target-densitydpi" is not supported.
I/chromium(31299): [INFO:CONSOLE(7)] "The key "target-densitydpi" is not supported.", source: file:///android_asset/www/index.html (7)
D/CordovaActivity(31299): onMessage(spinner,stop)
D/CordovaNetworkManager(31299): Connection Type: wifi
D/CordovaNetworkManager(31299): Connection Extra Info: "WIFI-MMM"
D/CordovaNetworkManager(31299): Connection Type: wifi
D/CordovaNetworkManager(31299): Connection Extra Info: "WIFI-MMM"
D/CordovaActivity(31299): onMessage(networkconnection,wifi)
I/chromium(31299): [INFO:async_pixel_transfer_manager_android.cc(60)] Async pixel transfers not supported
I/chromium(31299): [INFO:async_pixel_transfer_manager_android.cc(60)] Async pixel transfers not supported
D/LightsService(  629): Excessive delay setting light: 220ms
D/LightsService(  629): Excessive delay setting light: 621ms
I/ActivityManager(  629): Delay finish: com.google.android.partnersetup/.AppInstalledReceiver
I/ActivityManager(  629): Resuming delayed broadcast
I/ActivityManager(  629): Process com.keramidas.TitaniumBackup (pid 30280) has died.
I/ActivityManager(  629): Delay finish: com.google.android.googlequicksearchbox/.GelStubAppWatcher
I/IcingCorporaProvider(18420): Updating corpora: APPS=com.hmaleev.convertor, CONTACTS=MAYBE
I/ActivityManager(  629): Process com.google.android.gm (pid 31144) has died.
I/IcingCorporaProvider(18420): UpdateCorporaTask done [took 5391 ms] updated apps [took 5391 ms] 
I/ActivityManager(  629): Resuming delayed broadcast
V/Zygote  (31386): Switching descriptor 33 to /dev/null
V/Zygote  (31386): Switching descriptor 9 to /dev/null
I/ActivityManager(  629): Start proc org.cyanogenmod.voiceplus for broadcast org.cyanogenmod.voiceplus/.PackageChangeReceiver: pid=31386 uid=10026 gids={50026, 3003}
E/CordovaWebView(31299): CordovaWebView: TIMEOUT ERROR!
D/LightsService(  629): Excessive delay setting light: 210ms
D/ActivityThread(31386): handleBindApplication:org.cyanogenmod.voiceplus
D/ActivityThread(31386): setTargetHeapUtilization:0.25
D/ActivityThread(31386): setTargetHeapMinFree:524288
D/LightsService(  629): Excessive delay setting light: 533ms
D/LightsService(  629): Excessive delay setting light: 251ms
D/PackageBroadcastService( 1161): Received broadcast action=android.intent.action.PACKAGE_ADDED and uri=com.hmaleev.convertor
I/ActivityManager(  629): Delay finish: com.sonyericsson.trackid/.model.android.receiver.TrackIdBroadcastReceiver
I/PeopleContactsSync( 1161): CP2 sync disabled
D/CordovaLog(31299): file:///android_asset/www/cordova.js: Line 1154 : deviceready has not fired after 5 seconds.
I/chromium(31299): [INFO:CONSOLE(1154)] "deviceready has not fired after 5 seconds.", source: file:///android_asset/www/cordova.js (1154)
D/CordovaLog(31299): file:///android_asset/www/cordova.js: Line 1147 : Channel not fired: onDOMContentLoaded
I/chromium(31299): [INFO:CONSOLE(1147)] "Channel not fired: onDOMContentLoaded", source: file:///android_asset/www/cordova.js (1147)
I/ActivityManager(  629): Resuming delayed broadcast
D/CordovaLog(31299): : Line 0 : event.returnValue is deprecated. Please use the standard event.preventDefault() instead.
I/chromium(31299): [INFO:CONSOLE(0)] "event.returnValue is deprecated. Please use the standard event.preventDefault() instead.", source:  (0)
I/Timeline(30586): Timeline: Activity_launch_request id:com.estrongs.android.pop time:32310814
I/ActivityManager(  629): START u0 {flg=0x10800000 cmp=com.estrongs.android.pop/.app.InstallMonitorActivity (has extras)} from pid 30586
D/CordovaActivity(31299): Paused the application!
D/CordovaWebView(31299): Handle the pause
V/Zygote  (31404): Switching descriptor 33 to /dev/null
V/Zygote  (31404): Switching descriptor 9 to /dev/null
I/ActivityManager(  629): Start proc com.keramidas.TitaniumBackup for broadcast com.keramidas.TitaniumBackup/.PackageEventsReceiver: pid=31404 uid=10068 gids={50068, 1028, 1015, 3003}
I/CordovaLog(31299): Changing log level to DEBUG(3)
W/InputMethodManagerService(  629): Window already focused, ignoring focus gain of: com.android.internal.view.IInputMethodClient$Stub$Proxy@41d95920 attribute=null, token = android.os.BinderProxy@41fb2148
I/CordovaLog(31299): Found start page location: index.html
D/Whitelist(31299): Unlimited access to network resources
D/CordovaActivity(31299): Resuming the App
D/CordovaActivity(31299): CB-3064: The errorUrl is null
I/Timeline(31299): Timeline: Activity_idle id: android.os.BinderProxy@4185c8f0 time:32310976
D/ActivityThread(31404): handleBindApplication:com.keramidas.TitaniumBackup
D/ActivityThread(31404): setTargetHeapUtilization:0.25
D/ActivityThread(31404): setTargetHeapMinFree:524288
I/com.keramidas.TitaniumBackup.MainApplication(31404): onCreate()
D/dalvikvm(31404): Trying to load lib /data/app-lib/com.keramidas.TitaniumBackup-1/libtitanium.so 0x4185e6e0
D/dalvikvm(31404): Added shared lib /data/app-lib/com.keramidas.TitaniumBackup-1/libtitanium.so 0x4185e6e0
D/Finsky  (22997): [1] 5.onFinished: Installation state replication succeeded.
I/com.keramidas.TitaniumBackup.MainApplication(31404): Detected CPU architecture: ARM
W/Settings(31404): Setting android_id has moved from android.provider.Settings.System to android.provider.Settings.Secure, returning read-only value.
D/o.gF    (31404): Debug features are disabled.
I/o.gv    (31404): restoreMySettings_ifNeeded()
I/o.gv    (31404): Internal settings found => No need to restore.
W/Resources(31404): Converting to string: TypedValue{t=0x10/d=0x0 a=-1}
W/Resources(31404): Converting to string: TypedValue{t=0x10/d=0x0 a=-1}
W/Resources(31404): Converting to string: TypedValue{t=0x10/d=0x0 a=-1}
W/Resources(31404): Converting to string: TypedValue{t=0x10/d=0xf a=-1}
W/Resources(31404): Converting to string: TypedValue{t=0x10/d=0x80 a=-1}
W/Resources(31404): Converting to string: TypedValue{t=0x10/d=0x80 a=-1}
W/Resources(31404): Converting to string: TypedValue{t=0x10/d=0x3 a=-1}
W/Resources(31404): Converting to string: TypedValue{t=0x10/d=0x3 a=-1}
W/Resources(31404): Converting to string: TypedValue{t=0x10/d=0x20 a=-1}
W/Resources(31404): Converting to string: TypedValue{t=0x10/d=0x20 a=-1}
W/Resources(31404): Converting to string: TypedValue{t=0x10/d=0x1 a=-1}
W/Resources(31404): Converting to string: TypedValue{t=0x10/d=0x3 a=-1}
W/Resources(31404): Converting to string: TypedValue{t=0x10/d=0x3 a=-1}
I/ActivityManager(  629): Killing 31115:com.android.calendar/u0a58 (adj 15): empty #17
W/Launcher(  871): setApplicationContext called twice! old=com.google.android.velvet.VelvetApplication@418642a0 new=com.google.android.velvet.VelvetApplication@418642a0
D/PackageBroadcastService( 1161): Received broadcast action=android.intent.action.PACKAGE_REPLACED and uri=com.hmaleev.convertor
I/PeopleContactsSync( 1161): CP2 sync disabled
I/ActivityManager(  629): Delay finish: com.buak.Link2SD/.AppEventsReceiver
I/com.keramidas.TitaniumBackup.schedules.BootReceiver(31404): Application package was replaced (eg: upgraded) => Scheduling next wake-up ...
I/ActivityManager(  629): Resuming delayed broadcast
I/o.gf    (31404): scheduleNextWakeup(): Invoked with idToExcludeForToday=null
I/o.gf    (31404): scheduleNextWakeup(): No next wakeup scheduled.
I/wpa_supplicant( 6651): wlan0: CTRL-EVENT-SCAN-STARTED 
I/ActivityManager(  629): Delay finish: com.google.android.gms/.checkin.EventLogService$Receiver
I/EventLogService( 1161): Aggregate from 1407527855903 (log), 1407526738615 (data)
I/ActivityManager(  629): Resuming delayed broadcast
I/GCoreUlr( 1024): Successfully inserted location
I/GCoreUlr( 1024): Starting service, intent=Intent { cmp=com.google.android.gms/com.google.android.location.reporting.LocationReportingService }, extras=null
W/GLSUser ( 1050): GoogleAccountDataService.getToken()
I/qtaguid ( 1024): Failed write_ctrl(u 82) res=-1 errno=22
I/qtaguid ( 1024): Untagging socket 82 failed errno=-22
W/NetworkManagementSocketTagger( 1024): untagSocket(82) failed with errno -22
I/mbh     ( 1024): I/O exception (org.apache.http.NoHttpResponseException) caught when processing request: The target server failed to respond
I/mbh     ( 1024): Retrying request
I/GCoreUlr( 1024): Starting service, intent=Intent { act=com.google.android.location.reporting.ACTION_UPDATE_ACTIVE_STATE cmp=com.google.android.gms/com.google.android.location.reporting.service.DispatchingService }, extras=null
I/GCoreUlr( 1024): Batch Location Update succeeded for account account#-13#
I/AdsMeasurementBroadcastReceiver( 1161): Reporting settings might have changed, alerting AdsMeasurementService
D/AdsMeasurementBroadcastReceiver( 1161): Unauthorized to start the main service
I/GCoreUlr( 1024): Ensuring that reporting is active for [account#-13#]
I/GCoreUlr( 1024): Starting service, intent=Intent { act=com.google.android.location.reporting.ACTION_LOCATION_STATUS cmp=com.google.android.gms/com.google.android.location.reporting.service.DispatchingService (has extras) }, extras=Bundle[{status=LocationStatus[cell status: STATUS_SUCCESSFUL, wifi status: STATUS_SUCCESSFUL, elapsed realtime ns: 109149399571770]}]
E/qdmemalloc(  232): ION_IOC_ALLOC failed with error - Out of memory
W/qdmemalloc(  232): Falling back to system heap
E/qdmemalloc(  232): ION_IOC_ALLOC failed with error - Out of memory
W/qdmemalloc(  232): Falling back to system heap
I/ActivityManager(  629): START u0 {act=com.android.systemui.recent.action.TOGGLE_RECENTS flg=0x10800000 cmp=com.android.systemui/.recent.RecentsActivity (has extras)} from pid 739
D/CordovaActivity(31299): Paused the application!
D/CordovaWebView(31299): Handle the pause
W/IInputConnectionWrapper(31299): showStatusIcon on inactive InputConnection
E/qdmemalloc(  232): ION_IOC_ALLOC failed with error - Out of memory
W/qdmemalloc(  232): Falling back to system heap
E/qdmemalloc(  232): ION_IOC_ALLOC failed with error - Out of memory
W/qdmemalloc(  232): Falling back to system heap
I/ActivityManager(  629): Displayed com.android.systemui/.recent.RecentsActivity: +267ms
I/Timeline(  739): Timeline: Activity_idle id: android.os.BinderProxy@41f8b250 time:32348440
I/Timeline(  629): Timeline: Activity_windows_visible id: ActivityRecord{41887e68 u0 com.android.systemui/.recent.RecentsActivity t183} time:32348680
I/ActivityManager(  629): START u0 {act=android.intent.action.MAIN cat=[android.intent.category.HOME] flg=0x10200000 cmp=com.google.android.googlequicksearchbox/com.google.android.launcher.GEL} from pid 739
I/GEL     (  871): handleIntent(Intent { act=android.intent.action.MAIN cat=[android.intent.category.HOME] flg=0x10600000 cmp=com.google.android.googlequicksearchbox/com.google.android.launcher.GEL })
I/Timeline(  871): Timeline: Activity_idle id: android.os.BinderProxy@4185ac08 time:32351653
I/Timeline(  629): Timeline: Activity_windows_visible id: ActivityRecord{41e444f8 u0 com.google.android.googlequicksearchbox/com.google.android.launcher.GEL t1} time:32351847
I/MicrophoneInputStream(18420): mic_starting eze@41acf930
I/HotwordRecognitionRnr(18420): Starting hotword detection.
D/AudioHardware7x30(  240): AudioHardware::openInputStream devices 80000004 format 1 channels 16 samplerate 16000
D/AudioHardware7x30(  240): AudioStreamInMSM72xx::standby()
D/AudioHardware7x30(  240): AudioStreamInMSM72xx::standby()
D/AudioHardware7x30(  240): outputDevices = 2
I/AudioHardware7x30(  240): do input routing device 80000004
I/AudioHardware7x30(  240): Routing audio to dual mic real stereo
D/AudioHardware7x30(  240): new_rx = 17
D/AudioHardware7x30(  240): new_tx = 32
D/AudioHardware7x30(  240): case PCM_REC
I/HotwordWorker(18420): onReady
D/AudioFlinger(  240): start(4101), calling pid 629 session 502
D/AudioFlinger(  240): ? => ACTIVE (4101) on thread 0x252630
I/MicrophoneInputStream(18420): mic_close eze@41acf930
D/AudioHardware7x30(  240): AudioStreamInMSM72xx::standby()
D/AudioHardware7x30(  240): Deroute pcm in stream
D/AudioHardware7x30(  240): The node type is 1 and cur device 2 new device 2 
D/AudioHardware7x30(  240): outputDevices = 2
I/AudioHardware7x30(  240): do input routing device 80000004
I/AudioHardware7x30(  240): Routing audio to dual mic real stereo
D/AudioHardware7x30(  240): new_rx = 17
D/AudioHardware7x30(  240): new_tx = 32
D/AudioHardware7x30(  240): The node type is 1 and cur device 2 new device 2 
D/AudioHardware7x30(  240): outputDevices = 2
I/AudioHardware7x30(  240): Routing audio to Speakerphone
D/AudioHardware7x30(  240): new_rx = 17
D/AudioHardware7x30(  240): new_tx = 12
D/AudioHardware7x30(  240): The node type is 1 and cur device 2 new device 2 
D/AudioHardware7x30(  240): AudioStreamInMSM72xx::standby()
I/HotwordRecognitionRnr(18420): Hotword detection finished
I/HotwordRecognitionRnr(18420): Stopping hotword detection.
D/AudioFlinger(  240): start(4097), calling pid 629 session 503
D/AudioFlinger(  240): ? => ACTIVE (4097) on thread 0x1d0ab0
I/Timeline(  871): Timeline: Activity_launch_request id:com.hmaleev.convertor time:32354532
I/ActivityManager(  629): START u0 {act=android.intent.action.MAIN cat=[android.intent.category.LAUNCHER] flg=0x10200000 cmp=com.hmaleev.convertor/.Converter (has extras)} from pid 871
E/qdmemalloc(  232): ION_IOC_ALLOC failed with error - Out of memory
W/qdmemalloc(  232): Falling back to system heap
I/CordovaLog(31299): Changing log level to DEBUG(3)
I/CordovaLog(31299): Found start page location: index.html
D/Whitelist(31299): Unlimited access to network resources
D/CordovaActivity(31299): Resuming the App
D/CordovaActivity(31299): CB-3064: The errorUrl is null
E/qdmemalloc(  232): ION_IOC_ALLOC failed with error - Out of memory
W/qdmemalloc(  232): Falling back to system heap
I/Timeline(31299): Timeline: Activity_idle id: android.os.BinderProxy@4185c8f0 time:32354771
I/Timeline(  629): Timeline: Activity_windows_visible id: ActivityRecord{42236728 u0 com.hmaleev.convertor/.Converter t181} time:32355064
W/GLSUser ( 1050): GoogleAccountDataService.getToken()
I/GCoreUlr( 1024): WorldUpdater received intent Intent { act=com.google.android.location.reporting.ACTION_UPDATE_WORLD flg=0x4 cmp=com.google.android.gms/com.google.android.location.reporting.service.DispatchingService (has extras) } with receiverAction null
I/GCoreUlr( 1024): Ensuring that reporting is active for [account#-13#]
I/GCoreUlr( 1024): Starting service, intent=Intent { act=com.google.android.location.reporting.ACTION_LOCATION_STATUS cmp=com.google.android.gms/com.google.android.location.reporting.service.DispatchingService (has extras) }, extras=Bundle[{status=LocationStatus[cell status: STATUS_SUCCESSFUL, wifi status: STATUS_SUCCESSFUL, elapsed realtime ns: 109149399571770]}]
I/AdsMeasurementBroadcastReceiver( 1161): Reporting settings might have changed, alerting AdsMeasurementService
D/AdsMeasurementBroadcastReceiver( 1161): Unauthorized to start the main service
I/GCoreUlr( 1024): Received powerMode change from NLP: com.google.android.location.activity.LOW_POWER_MODE_ENABLED
I/GCoreUlr( 1024): Starting service, intent=Intent { act=com.google.android.location.reporting.ACTION_UPDATE_ACTIVE_STATE cmp=com.google.android.gms/com.google.android.location.reporting.service.DispatchingService }, extras=null
I/GCoreUlr( 1024): Ensuring that reporting is active for [account#-13#]
I/GCoreUlr( 1024): Starting service, intent=Intent { act=com.google.android.location.reporting.ACTION_LOCATION_STATUS cmp=com.google.android.gms/com.google.android.location.reporting.service.DispatchingService (has extras) }, extras=Bundle[{status=LocationStatus[cell status: STATUS_SUCCESSFUL, wifi status: STATUS_SUCCESSFUL, elapsed realtime ns: 109149399571770]}]
W/Flurry  (31299): executeCreateBannerView
W/Flurry  (31299): onStartSession
W/dalvikvm(31299): VFY: unable to find class referenced in signature (Landroid/support/v4/app/Fragment;)
W/FlurryAgent(31299): Start session with context: com.hmaleev.convertor.Converter@41865728 count:0
W/dalvikvm(31299): VFY: unable to find class referenced in signature (Landroid/support/v4/app/Fragment;)
W/dalvikvm(31299): VFY: unable to resolve static field 3081 (common_google_play_services_install_title) in Lcom/google/android/gms/R$string;
D/dalvikvm(31299): VFY: replacing opcode 0x60 at 0x0083
W/dalvikvm(31299): VFY: unable to resolve static field 3076 (common_google_play_services_enable_title) in Lcom/google/android/gms/R$string;
D/dalvikvm(31299): VFY: replacing opcode 0x60 at 0x008e
W/dalvikvm(31299): VFY: unable to resolve static field 3096 (common_google_play_services_update_title) in Lcom/google/android/gms/R$string;
D/dalvikvm(31299): VFY: replacing opcode 0x60 at 0x0099
W/dalvikvm(31299): VFY: unable to resolve static field 3093 (common_google_play_services_unsupported_title) in Lcom/google/android/gms/R$string;
D/dalvikvm(31299): VFY: replacing opcode 0x60 at 0x00ab
W/dalvikvm(31299): VFY: unable to resolve static field 3086 (common_google_play_services_network_error_title) in Lcom/google/android/gms/R$string;
D/dalvikvm(31299): VFY: replacing opcode 0x60 at 0x00bd
W/dalvikvm(31299): VFY: unable to resolve static field 3083 (common_google_play_services_invalid_account_title) in Lcom/google/android/gms/R$string;
D/dalvikvm(31299): VFY: replacing opcode 0x60 at 0x00e7
W/dalvikvm(31299): VFY: unable to resolve static field 3093 (common_google_play_services_unsupported_title) in Lcom/google/android/gms/R$string;
D/dalvikvm(31299): VFY: replacing opcode 0x60 at 0x0106
W/dalvikvm(31299): VFY: unable to find class referenced in signature (Landroid/support/v4/app/Fragment;)
V/GmsNetworkLocationProvi( 1024): onSetRequest: ProviderRequestUnbundled, reportLocation is true and interval is 10000
V/GmsNetworkLocationProvi( 1024): SET-REQUEST
V/GmsNetworkLocationProvi( 1024): in Handler: ProviderRequestUnbundled, reportLocation is true and interval is 20000
I/wpa_supplicant( 6651): wlan0: CTRL-EVENT-SCAN-STARTED 
W/dalvikvm(31299): VFY: unable to find class referenced in signature (Landroid/support/v4/app/Fragment;)
W/dalvikvm(31299): VFY: unable to find class referenced in signature (Landroid/support/v4/app/Fragment;)
E/dalvikvm(31299): Could not find class 'android.support.v4.app.FragmentActivity', referenced from method com.google.android.gms.common.GooglePlayServicesUtil.b
W/dalvikvm(31299): VFY: unable to resolve instanceof 152 (Landroid/support/v4/app/FragmentActivity;) in Lcom/google/android/gms/common/GooglePlayServicesUtil;
D/dalvikvm(31299): VFY: replacing opcode 0x20 at 0x0008
E/dalvikvm(31299): Could not find class 'android.support.v4.app.FragmentActivity', referenced from method com.google.android.gms.common.GooglePlayServicesUtil.b
W/dalvikvm(31299): VFY: unable to resolve check-cast 152 (Landroid/support/v4/app/FragmentActivity;) in Lcom/google/android/gms/common/GooglePlayServicesUtil;
D/dalvikvm(31299): VFY: replacing opcode 0x1f at 0x000c
W/Flurry  (31299): new FrameLayout
W/dalvikvm(31299): VFY: unable to resolve static field 3090 (common_google_play_services_unknown_issue) in Lcom/google/android/gms/R$string;
D/dalvikvm(31299): VFY: replacing opcode 0x60 at 0x0007
W/dalvikvm(31299): VFY: unable to resolve static field 3080 (common_google_play_services_install_text_tablet) in Lcom/google/android/gms/R$string;
D/dalvikvm(31299): VFY: replacing opcode 0x60 at 0x0018
W/dalvikvm(31299): VFY: unable to resolve static field 3079 (common_google_play_services_install_text_phone) in Lcom/google/android/gms/R$string;
D/dalvikvm(31299): VFY: replacing opcode 0x60 at 0x001f
W/dalvikvm(31299): VFY: unable to resolve static field 3075 (common_google_play_services_enable_text) in Lcom/google/android/gms/R$string;
D/dalvikvm(31299): VFY: replacing opcode 0x60 at 0x0026
W/dalvikvm(31299): VFY: unable to resolve static field 3095 (common_google_play_services_update_text) in Lcom/google/android/gms/R$string;
D/dalvikvm(31299): VFY: replacing opcode 0x60 at 0x002d
W/dalvikvm(31299): VFY: unable to resolve static field 3092 (common_google_play_services_unsupported_text) in Lcom/google/android/gms/R$string;
D/dalvikvm(31299): VFY: replacing opcode 0x60 at 0x0034
W/dalvikvm(31299): VFY: unable to resolve static field 3085 (common_google_play_services_network_error_text) in Lcom/google/android/gms/R$string;
D/dalvikvm(31299): VFY: replacing opcode 0x60 at 0x003b
W/dalvikvm(31299): VFY: unable to resolve static field 3082 (common_google_play_services_invalid_account_text) in Lcom/google/android/gms/R$string;
D/dalvikvm(31299): VFY: replacing opcode 0x60 at 0x0042
W/dalvikvm(31299): VFY: unable to resolve static field 3091 (common_google_play_services_unsupported_date_text) in Lcom/google/android/gms/R$string;
D/dalvikvm(31299): VFY: replacing opcode 0x60 at 0x0049
W/dalvikvm(31299): VFY: unable to resolve static field 3078 (common_google_play_services_install_button) in Lcom/google/android/gms/R$string;
D/dalvikvm(31299): VFY: replacing opcode 0x60 at 0x000f
D/SoftKeyboardDetect(31299): Ignore this event
W/dalvikvm(31299): VFY: unable to resolve static field 3074 (common_google_play_services_enable_button) in Lcom/google/android/gms/R$string;
D/dalvikvm(31299): VFY: replacing opcode 0x60 at 0x0016
W/dalvikvm(31299): VFY: unable to resolve static field 3094 (common_google_play_services_update_button) in Lcom/google/android/gms/R$string;
D/dalvikvm(31299): VFY: replacing opcode 0x60 at 0x001d
W/dalvikvm(31299): VFY: unable to resolve static field 3090 (common_google_play_services_unknown_issue) in Lcom/google/android/gms/R$string;
D/dalvikvm(31299): VFY: replacing opcode 0x60 at 0x0007
