D/dalvikvm(31764): No JNI_OnLoad found in libnativehelper.so 0x0, skipping init
E/cutils-trace(31764): Error opening trace file: No such file or directory (2)
D/dalvikvm(31764): Note: class Landroid/app/ActivityManagerNative; has 180 unimplemented (abstract) methods
D/AndroidRuntime(31764): Calling main entry com.android.commands.am.Am
I/ActivityManager(  629): START u0 {act=android.intent.action.MAIN flg=0x10000000 cmp=com.hmaleev.convertor/.Converter} from pid 31764
V/Zygote  (31779): Switching descriptor 33 to /dev/null
V/Zygote  (31779): Switching descriptor 9 to /dev/null
D/dalvikvm(31779): Late-enabling CheckJNI
I/ActivityManager(  629): Start proc com.hmaleev.convertor for activity com.hmaleev.convertor/.Converter: pid=31779 uid=10105 gids={50105, 3003}
D/ActivityThread(31779): handleBindApplication:com.hmaleev.convertor
D/ActivityThread(31779): setTargetHeapUtilization:0.25
D/ActivityThread(31779): setTargetHeapMinFree:524288
I/CordovaLog(31779): Changing log level to DEBUG(3)
I/CordovaLog(31779): Found start page location: index.html
D/Whitelist(31779): Unlimited access to network resources
D/CordovaActivity(31779): CordovaActivity.onCreate()
V/WebViewChromiumFactoryProvider(31779): Binding Chromium to main looper Looper (main, tid 1) {4185b180}
I/LibraryLoader(31779): Expected native library version number "",actual native library version number ""
I/chromium(31779): [INFO:library_loader_hooks.cc(116)] Chromium logging enabled: level = 0, default verbosity = 0
I/BrowserStartupController(31779): Initializing chromium process, renderers=0
E/AudioManagerAndroid(31779): BLUETOOTH permission is missing!
W/Adreno-GSL(31779): <get_panel_settings:3802>: Android framework reported version 2. So, don't force ES30
I/Adreno-EGL(31779): <qeglDrvAPI_eglInitialize:381>: EGL 1.4 QUALCOMM build: AU_LINUX_ANDROID_KK_2.7_RB1.04.04.00.007.018_msm8960_KK_2.7_RB1_CL3869936_release_AU (CL3869936)
I/Adreno-EGL(31779): OpenGL ES Shader Compiler Version: 17.01.10.SPL
I/Adreno-EGL(31779): Build Date: 12/09/13 Mon
I/Adreno-EGL(31779): Local Branch: mybranch2092625
I/Adreno-EGL(31779): Remote Branch: quic/kk_2.7_rb1.15
I/Adreno-EGL(31779): Local Patches: NONE
I/Adreno-EGL(31779): Reconstruct Branch: AU_LINUX_ANDROID_KK_2.7_RB1.04.04.00.007.018 +  NOTHING
W/chromium(31779): [WARNING:proxy_service.cc(890)] PAC support disabled because there is no system implementation
D/CordovaWebView(31779): CordovaWebView is running on device made by: Sony Ericsson
D/JsMessageQueue(31779): Set native->JS mode to 2
D/CordovaActivity(31779): CordovaActivity.init()
D/CordovaWebView(31779): loadUrlIntoView(file:///android_asset/www/index.html, 3000)
D/CordovaActivity(31779): onMessage(splashscreen,show)
D/CordovaWebView(31779): >>> loadUrl(file:///android_asset/www/index.html)
D/PluginManager(31779): init()
D/CordovaWebView(31779): >>> loadUrlNow()
I/CordovaLog(31779): Changing log level to DEBUG(3)
I/CordovaLog(31779): Found start page location: index.html
D/Whitelist(31779): Unlimited access to network resources
D/CordovaActivity(31779): Resuming the App
D/CordovaActivity(31779): CB-3064: The errorUrl is null
D/OpenGLRenderer(31779): Enabling debug mode 0
D/SoftKeyboardDetect(31779): Ignore this event
I/ActivityManager(  629): Displayed com.hmaleev.convertor/.Converter: +1s21ms (total +2s958ms)
D/AndroidRuntime(31764): Shutting down VM
I/Timeline(  629): Timeline: Activity_windows_visible id: ActivityRecord{41d98618 u0 com.hmaleev.convertor/.Converter t190} time:32625073
D/SoftKeyboardDetect(31779): Ignore this event
I/Timeline(31779): Timeline: Activity_idle id: android.os.BinderProxy@4185c800 time:32625102
D/CordovaWebViewClient(31779): onPageStarted(file:///android_asset/www/index.html)
D/CordovaActivity(31779): onMessage(onPageStarted,file:///android_asset/www/index.html)
D/CordovaLog(31779): file:///android_asset/www/index.html: Line 7 : The key "target-densitydpi" is not supported.
I/chromium(31779): [INFO:CONSOLE(7)] "The key "target-densitydpi" is not supported.", source: file:///android_asset/www/index.html (7)
D/CordovaActivity(31779): onMessage(spinner,stop)
I/chromium(31779): [INFO:async_pixel_transfer_manager_android.cc(60)] Async pixel transfers not supported
I/chromium(31779): [INFO:async_pixel_transfer_manager_android.cc(60)] Async pixel transfers not supported
D/CordovaNetworkManager(31779): Connection Type: wifi
D/CordovaNetworkManager(31779): Connection Extra Info: "WIFI-MMM"
W/PluginManager(31779): THREAD WARNING: exec() call to NetworkStatus.getConnectionInfo blocked the main thread for 414ms. Plugin should use CordovaInterface.getThreadPool().
D/CordovaNetworkManager(31779): Connection Type: wifi
D/CordovaNetworkManager(31779): Connection Extra Info: "WIFI-MMM"
D/CordovaActivity(31779): onMessage(networkconnection,wifi)
D/LightsService(  629): Excessive delay setting light: 104ms
D/LightsService(  629): Excessive delay setting light: 219ms
I/Choreographer(  629): Skipped 130 frames!  The application may be doing too much work on its main thread.
D/LightsService(  629): Excessive delay setting light: 202ms
D/LightsService(  629): Excessive delay setting light: 109ms
D/LightsService(  629): Excessive delay setting light: 1299ms
I/Choreographer(  739): Skipped 86 frames!  The application may be doing too much work on its main thread.
D/LightsService(  629): Excessive delay setting light: 303ms
E/CordovaWebView(31779): CordovaWebView: TIMEOUT ERROR!
D/LightsService(  629): Excessive delay setting light: 213ms
D/LightsService(  629): Excessive delay setting light: 954ms
D/LightsService(  629): Excessive delay setting light: 356ms
I/InputReader(  629): Detected input event buffer overrun for device cy8ctma300_touch.
D/LightsService(  629): Excessive delay setting light: 571ms
D/LightsService(  629): Excessive delay setting light: 1182ms
D/LightsService(  629): Excessive delay setting light: 582ms
D/LightsService(  629): Excessive delay setting light: 594ms
D/LightsService(  629): Excessive delay setting light: 1145ms
D/LightsService(  629): Excessive delay setting light: 169ms
D/CordovaLog(31779): file:///android_asset/www/cordova.js: Line 1154 : deviceready has not fired after 5 seconds.
I/chromium(31779): [INFO:CONSOLE(1154)] "deviceready has not fired after 5 seconds.", source: file:///android_asset/www/cordova.js (1154)
D/CordovaLog(31779): file:///android_asset/www/cordova.js: Line 1147 : Channel not fired: onDOMContentLoaded
I/chromium(31779): [INFO:CONSOLE(1147)] "Channel not fired: onDOMContentLoaded", source: file:///android_asset/www/cordova.js (1147)
W/IInputConnectionWrapper(  871): getExtractedText on inactive InputConnection
W/IInputConnectionWrapper(  871): getTextBeforeCursor on inactive InputConnection
W/IInputConnectionWrapper(  871): getSelectedText on inactive InputConnection
W/IInputConnectionWrapper(  871): getTextAfterCursor on inactive InputConnection
E/bl      (  833): onStartInput event aborted: com.touchtype.keyboard.c.ag: could not obtain extracted text (class com.touchtype.keyboard.c.ag)
D/CordovaLog(31779): : Line 0 : event.returnValue is deprecated. Please use the standard event.preventDefault() instead.
I/chromium(31779): [INFO:CONSOLE(0)] "event.returnValue is deprecated. Please use the standard event.preventDefault() instead.", source:  (0)
D/Finsky  (31586): [1] 5.onFinished: Installation state replication succeeded.
I/ActivityManager(  629): Killing 31657:com.android.deskclock/u0a56 (adj 15): empty #17
W/Launcher(  871): setApplicationContext called twice! old=com.google.android.velvet.VelvetApplication@418642a0 new=com.google.android.velvet.VelvetApplication@418642a0
D/PackageBroadcastService( 1161): Received broadcast action=android.intent.action.PACKAGE_REPLACED and uri=com.hmaleev.convertor
I/ActivityManager(  629): Delay finish: com.buak.Link2SD/.AppEventsReceiver
I/PeopleContactsSync( 1161): CP2 sync disabled
I/ActivityManager(  629): Resuming delayed broadcast
I/com.keramidas.TitaniumBackup.schedules.BootReceiver(31404): Application package was replaced (eg: upgraded) => Scheduling next wake-up ...
I/o.gf    (31404): scheduleNextWakeup(): Invoked with idToExcludeForToday=null
I/o.gf    (31404): scheduleNextWakeup(): No next wakeup scheduled.
E/qdmemalloc(  232): ION_IOC_ALLOC failed with error - Out of memory
W/qdmemalloc(  232): Falling back to system heap
E/qdmemalloc(  232): ION_IOC_ALLOC failed with error - Out of memory
W/qdmemalloc(  232): Falling back to system heap
E/qdmemalloc(  232): ION_IOC_ALLOC failed with error - Out of memory
W/qdmemalloc(  232): Falling back to system heap
I/ActivityManager(  629): START u0 {act=com.android.systemui.recent.action.TOGGLE_RECENTS flg=0x10800000 cmp=com.android.systemui/.recent.RecentsActivity (has extras)} from pid 739
D/CordovaActivity(31779): Paused the application!
D/CordovaWebView(31779): Handle the pause
W/IInputConnectionWrapper(31779): showStatusIcon on inactive InputConnection
E/qdmemalloc(  232): ION_IOC_ALLOC failed with error - Out of memory
W/qdmemalloc(  232): Falling back to system heap
E/qdmemalloc(  232): ION_IOC_ALLOC failed with error - Out of memory
W/qdmemalloc(  232): Falling back to system heap
I/ActivityManager(  629): Displayed com.android.systemui/.recent.RecentsActivity: +263ms
I/Timeline(  739): Timeline: Activity_idle id: android.os.BinderProxy@41ae3a40 time:32660704
I/Timeline(  629): Timeline: Activity_windows_visible id: ActivityRecord{41e13420 u0 com.android.systemui/.recent.RecentsActivity t191} time:32660980
I/ActivityManager(  629): Killing 31684:com.android.defcontainer/u0a12 (adj 15): empty #17
I/ActivityManager(  629): Killing 31779:com.hmaleev.convertor/u0a105 (adj 9): remove task
I/Timeline(  871): Timeline: Activity_idle id: android.os.BinderProxy@4185ac08 time:32662309
I/WindowState(  629): WIN DEATH: Window{41f99fc0 u0 com.hmaleev.convertor/com.hmaleev.convertor.Converter}
I/Timeline(  629): Timeline: Activity_windows_visible id: ActivityRecord{41e444f8 u0 com.google.android.googlequicksearchbox/com.google.android.launcher.GEL t1} time:32662557
I/wpa_supplicant( 6651): wlan0: CTRL-EVENT-SCAN-STARTED 
I/GCoreUlr( 1024): Successfully inserted location
I/GCoreUlr( 1024): Not calling LocationReportingService, hasMoved: false, elapsed millis: 362847, request: Phone
D/AndroidRuntime(31840): 
D/AndroidRuntime(31840): >>>>>> AndroidRuntime START com.android.internal.os.RuntimeInit <<<<<<
D/AndroidRuntime(31840): CheckJNI is OFF
D/dalvikvm(31840): Trying to load lib libjavacore.so 0x0
D/dalvikvm(31840): Added shared lib libjavacore.so 0x0
D/dalvikvm(31840): Trying to load lib libnativehelper.so 0x0
D/dalvikvm(31840): Added shared lib libnativehelper.so 0x0
D/dalvikvm(31840): No JNI_OnLoad found in libnativehelper.so 0x0, skipping init
E/cutils-trace(31840): Error opening trace file: No such file or directory (2)
D/dalvikvm(31840): Note: class Landroid/app/ActivityManagerNative; has 180 unimplemented (abstract) methods
D/AndroidRuntime(31840): Calling main entry com.android.commands.pm.Pm
V/Zygote  (31851): Switching descriptor 33 to /dev/null
V/Zygote  (31851): Switching descriptor 9 to /dev/null
I/ActivityManager(  629): Start proc com.android.defcontainer for service com.android.defcontainer/.DefaultContainerService: pid=31851 uid=10012 gids={50012, 1028, 1015, 1023, 2001, 1035}
D/ActivityThread(31851): handleBindApplication:com.android.defcontainer
D/ActivityThread(31851): setTargetHeapUtilization:0.25
D/ActivityThread(31851): setTargetHeapMinFree:524288
D/Finsky  (31586): [1] PackageVerificationReceiver.onReceive: Verification requested, id = 35
W/ActivityManager(  629): No content provider found for permission revoke: file:///data/local/tmp/Converter-debug-unaligned.apk
D/Finsky  (31586): [1] WorkerTask.onPreExecute: Verification Requested for id = 35, data=file:///data/local/tmp/Converter-debug-unaligned.apk flags=114 fromVerificationActivity=false
I/qtaguid (31586): Failed write_ctrl(u 54) res=-1 errno=22
I/qtaguid (31586): Untagging socket 54 failed errno=-22
W/NetworkManagementSocketTagger(31586): untagSocket(54) failed with errno -22
D/Finsky  (31586): [1] 2.onResponse: Verification id=35 response=0
D/Finsky  (31586): [1] PackageVerificationReceiver.onReceive: Verification requested, id = 35
W/ActivityManager(  629): No content provider found for permission revoke: file:///data/local/tmp/Converter-debug-unaligned.apk
I/PackageManager(  629): Copying native libraries to /data/app-lib/vmdl2122434396
I/ActivityManager(  629): Force stopping com.hmaleev.convertor appid=10105 user=-1: uninstall pkg
I/PackageManager(  629): Package com.hmaleev.convertor codePath changed from /data/app/com.hmaleev.convertor-1.apk to /data/app/com.hmaleev.convertor-2.apk; Retaining data and using new
I/PackageManager(  629): Running dexopt on: com.hmaleev.convertor
D/dalvikvm(31871): DexOpt: load 210ms, verify+opt 1182ms, 2247884 bytes
I/ActivityManager(  629): Force stopping com.hmaleev.convertor appid=10105 user=-1: update pkg
W/PackageManager(  629): Code path for pkg : com.hmaleev.convertor changing from /data/app/com.hmaleev.convertor-1.apk to /data/app/com.hmaleev.convertor-2.apk
W/PackageManager(  629): Resource path for pkg : com.hmaleev.convertor changing from /data/app/com.hmaleev.convertor-1.apk to /data/app/com.hmaleev.convertor-2.apk
I/ActivityManager(  629): Force stopping com.hmaleev.convertor appid=10105 user=0: pkg removed
D/BackupManagerService(  629): Received broadcast Intent { act=android.intent.action.PACKAGE_REMOVED dat=package:com.hmaleev.convertor flg=0x4000010 (has extras) }
I/InputReader(  629): Reconfiguring input devices.  changes=0x00000010
I/PackageManager(  629):   Action: "android.intent.action.SENDTO"
I/PackageManager(  629):   Category: "android.intent.category.DEFAULT"
I/PackageManager(  629):   Scheme: "sms"
I/PackageManager(  629): Adding preferred activity ComponentInfo{com.android.mms/com.android.mms.ui.ComposeMessageActivity} for user 0 :
I/InputReader(  629): Reconfiguring input devices.  changes=0x00000010
I/PackageManager(  629):   Action: "android.intent.action.SENDTO"
I/PackageManager(  629):   Category: "android.intent.category.DEFAULT"
I/PackageManager(  629):   Scheme: "smsto"
I/PackageManager(  629): Adding preferred activity ComponentInfo{com.android.mms/com.android.mms.ui.ComposeMessageActivity} for user 0 :
I/PackageManager(  629):   Action: "android.intent.action.SENDTO"
I/PackageManager(  629):   Category: "android.intent.category.DEFAULT"
I/PackageManager(  629):   Scheme: "mms"
I/PackageManager(  629): Adding preferred activity ComponentInfo{com.android.mms/com.android.mms.ui.ComposeMessageActivity} for user 0 :
I/PackageManager(  629):   Action: "android.intent.action.SENDTO"
I/PackageManager(  629):   Category: "android.intent.category.DEFAULT"
I/PackageManager(  629):   Scheme: "mmsto"
I/PackageManager(  629): Adding preferred activity ComponentInfo{com.android.mms/com.android.mms.ui.ComposeMessageActivity} for user 0 :
I/InputReader(  629): Reconfiguring input devices.  changes=0x00000010
I/PackageManager(  629):   Action: "android.intent.action.SENDTO"
I/PackageManager(  629):   Category: "android.intent.category.DEFAULT"
I/PackageManager(  629):   Scheme: "sms"
I/PackageManager(  629): Adding preferred activity ComponentInfo{com.android.mms/com.android.mms.ui.ComposeMessageActivity} for user 0 :
I/PackageManager(  629):   Action: "android.intent.action.SENDTO"
I/PackageManager(  629):   Category: "android.intent.category.DEFAULT"
I/PackageManager(  629):   Scheme: "smsto"
I/PackageManager(  629): Adding preferred activity ComponentInfo{com.android.mms/com.android.mms.ui.ComposeMessageActivity} for user 0 :
I/PackageManager(  629):   Action: "android.intent.action.SENDTO"
I/PackageManager(  629):   Category: "android.intent.category.DEFAULT"
I/PackageManager(  629):   Scheme: "mms"
I/PackageManager(  629): Adding preferred activity ComponentInfo{com.android.mms/com.android.mms.ui.ComposeMessageActivity} for user 0 :
I/PackageManager(  629):   Action: "android.intent.action.SENDTO"
I/PackageManager(  629):   Category: "android.intent.category.DEFAULT"
I/PackageManager(  629):   Scheme: "mmsto"
I/PackageManager(  629): Adding preferred activity ComponentInfo{com.android.mms/com.android.mms.ui.ComposeMessageActivity} for user 0 :
I/PackageManager(  629):   Action: "android.intent.action.SENDTO"
I/PackageManager(  629):   Category: "android.intent.category.DEFAULT"
I/PackageManager(  629):   Scheme: "sms"
I/PackageManager(  629): Adding preferred activity ComponentInfo{com.android.mms/com.android.mms.ui.ComposeMessageActivity} for user 0 :
I/PackageManager(  629):   Action: "android.intent.action.SENDTO"
I/PackageManager(  629):   Category: "android.intent.category.DEFAULT"
I/PackageManager(  629):   Scheme: "smsto"
I/PackageManager(  629): Adding preferred activity ComponentInfo{com.android.mms/com.android.mms.ui.ComposeMessageActivity} for user 0 :
I/PackageManager(  629):   Action: "android.intent.action.SENDTO"
I/PackageManager(  629):   Category: "android.intent.category.DEFAULT"
I/PackageManager(  629):   Scheme: "mms"
I/PackageManager(  629): Adding preferred activity ComponentInfo{com.android.mms/com.android.mms.ui.ComposeMessageActivity} for user 0 :
I/PackageManager(  629):   Action: "android.intent.action.SENDTO"
I/PackageManager(  629):   Category: "android.intent.category.DEFAULT"
I/PackageManager(  629):   Scheme: "mmsto"
I/PackageManager(  629): Adding preferred activity ComponentInfo{com.android.mms/com.android.mms.ui.ComposeMessageActivity} for user 0 :
I/PackageManager(  629):   Action: "android.intent.action.SENDTO"
I/PackageManager(  629):   Category: "android.intent.category.DEFAULT"
I/PackageManager(  629):   Scheme: "sms"
I/PackageManager(  629): Adding preferred activity ComponentInfo{com.android.mms/com.android.mms.ui.ComposeMessageActivity} for user 0 :
I/PackageManager(  629):   Action: "android.intent.action.SENDTO"
I/PackageManager(  629):   Category: "android.intent.category.DEFAULT"
I/PackageManager(  629):   Scheme: "smsto"
I/PackageManager(  629): Adding preferred activity ComponentInfo{com.android.mms/com.android.mms.ui.ComposeMessageActivity} for user 0 :
I/PackageManager(  629):   Action: "android.intent.action.SENDTO"
I/PackageManager(  629):   Category: "android.intent.category.DEFAULT"
I/PackageManager(  629):   Scheme: "mms"
I/PackageManager(  629): Adding preferred activity ComponentInfo{com.android.mms/com.android.mms.ui.ComposeMessageActivity} for user 0 :
D/AndroidRuntime(31840): Shutting down VM
I/PackageManager(  629):   Action: "android.intent.action.SENDTO"
I/PackageManager(  629):   Category: "android.intent.category.DEFAULT"
I/PackageManager(  629):   Scheme: "mmsto"
I/PackageManager(  629): Adding preferred activity ComponentInfo{com.android.mms/com.android.mms.ui.ComposeMessageActivity} for user 0 :
E/AppsCustomizePagedView(  871): Widget ComponentInfo{com.google.android.googlequicksearchbox/com.google.android.apps.sidekick.widget.PredictiveCardsWidgetProvider} can not fit on this device (450, 375)
I/PackageManager(  629):   Action: "android.intent.action.SENDTO"
I/PackageManager(  629):   Category: "android.intent.category.DEFAULT"
I/PackageManager(  629):   Scheme: "sms"
I/PackageManager(  629): Adding preferred activity ComponentInfo{com.android.mms/com.android.mms.ui.ComposeMessageActivity} for user 0 :
I/PackageManager(  629):   Action: "android.intent.action.SENDTO"
I/PackageManager(  629):   Category: "android.intent.category.DEFAULT"
I/PackageManager(  629):   Scheme: "smsto"
D/BackupManagerService(  629): Received broadcast Intent { act=android.intent.action.PACKAGE_ADDED dat=package:com.hmaleev.convertor flg=0x4000010 (has extras) }
I/PackageManager(  629): Adding preferred activity ComponentInfo{com.android.mms/com.android.mms.ui.ComposeMessageActivity} for user 0 :
V/BackupManagerService(  629): removePackageParticipantsLocked: uid=10105 #1
I/PackageManager(  629):   Action: "android.intent.action.SENDTO"
I/PackageManager(  629):   Category: "android.intent.category.DEFAULT"
I/PackageManager(  629):   Scheme: "mms"
I/PackageManager(  629): Adding preferred activity ComponentInfo{com.android.mms/com.android.mms.ui.ComposeMessageActivity} for user 0 :
V/BackupManagerService(  629): addPackageParticipantsLocked: #1
I/PackageManager(  629):   Action: "android.intent.action.SENDTO"
I/PackageManager(  629):   Category: "android.intent.category.DEFAULT"
I/PackageManager(  629):   Scheme: "mmsto"
I/PackageManager(  629): Adding preferred activity ComponentInfo{com.android.mms/com.android.mms.ui.ComposeMessageActivity} for user 0 :
I/PackageManager(  629):   Action: "android.intent.action.SENDTO"
I/PackageManager(  629):   Category: "android.intent.category.DEFAULT"
I/PackageManager(  629):   Scheme: "sms"
I/PackageManager(  629): Adding preferred activity ComponentInfo{com.android.mms/com.android.mms.ui.ComposeMessageActivity} for user 0 :
I/PackageManager(  629):   Action: "android.intent.action.SENDTO"
I/PackageManager(  629):   Category: "android.intent.category.DEFAULT"
I/PackageManager(  629):   Scheme: "smsto"
I/PackageManager(  629): Adding preferred activity ComponentInfo{com.android.mms/com.android.mms.ui.ComposeMessageActivity} for user 0 :
I/PackageManager(  629):   Action: "android.intent.action.SENDTO"
I/PackageManager(  629):   Category: "android.intent.category.DEFAULT"
I/PackageManager(  629):   Scheme: "mms"
I/PackageManager(  629): Adding preferred activity ComponentInfo{com.android.mms/com.android.mms.ui.ComposeMessageActivity} for user 0 :
I/PackageManager(  629):   Action: "android.intent.action.SENDTO"
I/PackageManager(  629):   Category: "android.intent.category.DEFAULT"
I/PackageManager(  629):   Scheme: "mmsto"
I/PackageManager(  629): Adding preferred activity ComponentInfo{com.android.mms/com.android.mms.ui.ComposeMessageActivity} for user 0 :
W/Launcher(  871): setApplicationContext called twice! old=com.google.android.velvet.VelvetApplication@418642a0 new=com.google.android.velvet.VelvetApplication@418642a0
W/ContextImpl(31239): Calling a method in the system process without a qualified user: android.app.ContextImpl.startService:1543 android.content.ContextWrapper.startService:494 android.content.ContextWrapper.startService:494 com.android.keychain.KeyChainBroadcastReceiver.onReceive:12 android.app.ActivityThread.handleReceiver:2438 
I/ActivityManager(  629): Delay finish: com.android.keychain/.KeyChainBroadcastReceiver
D/AndroidRuntime(31876): 
D/AndroidRuntime(31876): >>>>>> AndroidRuntime START com.android.internal.os.RuntimeInit <<<<<<
D/AndroidRuntime(31876): CheckJNI is OFF
D/dalvikvm(31876): Trying to load lib libjavacore.so 0x0
D/dalvikvm(31876): Added shared lib libjavacore.so 0x0
I/ActivityManager(  629): Resuming delayed broadcast
D/dalvikvm(31876): Trying to load lib libnativehelper.so 0x0
D/dalvikvm(31876): Added shared lib libnativehelper.so 0x0
D/dalvikvm(31876): No JNI_OnLoad found in libnativehelper.so 0x0, skipping init
D/PackageBroadcastService( 1161): Received broadcast action=android.intent.action.PACKAGE_REMOVED and uri=com.hmaleev.convertor
E/cutils-trace(31876): Error opening trace file: No such file or directory (2)
I/ActivityManager(  629): Delay finish: eu.chainfire.supersu/.InstallReceiver
D/dalvikvm(31876): Note: class Landroid/app/ActivityManagerNative; has 180 unimplemented (abstract) methods
D/AndroidRuntime(31876): Calling main entry com.android.commands.input.Input
I/Input   (31876): injectKeyEvent: KeyEvent { action=ACTION_DOWN, keyCode=KEYCODE_MENU, scanCode=0, metaState=0, flags=0x0, repeatCount=0, eventTime=32731485, downTime=32731485, deviceId=-1, source=0x101 }
I/Input   (31876): injectKeyEvent: KeyEvent { action=ACTION_UP, keyCode=KEYCODE_MENU, scanCode=0, metaState=0, flags=0x0, repeatCount=0, eventTime=32731485, downTime=32731485, deviceId=-1, source=0x101 }
I/MicrophoneInputStream(18420): mic_starting eze@41894b88
D/AudioHardware7x30(  240): AudioHardware::openInputStream devices 80000004 format 1 channels 16 samplerate 16000
I/HotwordRecognitionRnr(18420): Starting hotword detection.
D/AudioHardware7x30(  240): AudioStreamInMSM72xx::standby()
D/AudioHardware7x30(  240): outputDevices = 2
I/AudioHardware7x30(  240): do input routing device 80000004
I/AudioHardware7x30(  240): Routing audio to dual mic real stereo
D/AudioHardware7x30(  240): new_rx = 17
D/AudioHardware7x30(  240): new_tx = 32
D/AudioHardware7x30(  240): case PCM_REC
D/AndroidRuntime(31876): Shutting down VM
I/HotwordWorker(18420): onReady
D/LightsService(  629): Excessive delay setting light: 104ms
D/LightsService(  629): Excessive delay setting light: 51ms
I/ActivityManager(  629): Resuming delayed broadcast
I/Timeline(30586): Timeline: Activity_launch_request id:com.estrongs.android.pop time:32732430
I/ActivityManager(  629): START u0 {flg=0x10800000 cmp=com.estrongs.android.pop/.app.UnInstallMonitorActivity} from pid 30586
I/MicrophoneInputStream(18420): mic_close eze@41894b88
D/AudioHardware7x30(  240): AudioStreamInMSM72xx::standby()
D/AudioHardware7x30(  240): Deroute pcm in stream
D/AudioHardware7x30(  240): outputDevices = 2
I/AudioHardware7x30(  240): do input routing device 80000004
I/AudioHardware7x30(  240): Routing audio to dual mic real stereo
D/AudioHardware7x30(  240): new_rx = 17
D/AudioHardware7x30(  240): new_tx = 32
W/InputMethodManagerService(  629): Window already focused, ignoring focus gain of: com.android.internal.view.IInputMethodClient$Stub$Proxy@420c5c38 attribute=null, token = android.os.BinderProxy@41e2ac08
I/HotwordRecognitionRnr(18420): Hotword detection finished
I/HotwordRecognitionRnr(18420): Stopping hotword detection.
D/AudioHardware7x30(  240): AudioStreamInMSM72xx::standby()
D/AndroidRuntime(31916): 
D/AndroidRuntime(31916): >>>>>> AndroidRuntime START com.android.internal.os.RuntimeInit <<<<<<
D/AndroidRuntime(31916): CheckJNI is OFF
D/dalvikvm(31916): Trying to load lib libjavacore.so 0x0
D/dalvikvm(31916): Added shared lib libjavacore.so 0x0
D/dalvikvm(31916): Trying to load lib libnativehelper.so 0x0
D/dalvikvm(31916): Added shared lib libnativehelper.so 0x0
D/dalvikvm(31916): No JNI_OnLoad found in libnativehelper.so 0x0, skipping init
E/cutils-trace(31916): Error opening trace file: No such file or directory (2)
D/dalvikvm(31916): Note: class Landroid/app/ActivityManagerNative; has 180 unimplemented (abstract) methods
I/Timeline(  871): Timeline: Activity_idle id: android.os.BinderProxy@4185ac08 time:32733134
I/MicrophoneInputStream(18420): mic_starting eze@4184ffe8
I/HotwordRecognitionRnr(18420): Starting hotword detection.
D/AudioHardware7x30(  240): AudioHardware::openInputStream devices 80000004 format 1 channels 16 samplerate 16000
D/AudioHardware7x30(  240): AudioStreamInMSM72xx::standby()
D/AudioHardware7x30(  240): AudioStreamInMSM72xx::standby()
D/AudioHardware7x30(  240): outputDevices = 2
I/AudioHardware7x30(  240): do input routing device 80000004
I/AudioHardware7x30(  240): Routing audio to dual mic real stereo
D/AudioHardware7x30(  240): new_rx = 17
D/AudioHardware7x30(  240): new_tx = 32
D/AudioHardware7x30(  240): case PCM_REC
I/HotwordWorker(18420): onReady
D/AndroidRuntime(31916): Calling main entry com.android.commands.am.Am
I/ActivityManager(  629): START u0 {act=android.intent.action.MAIN flg=0x10000000 cmp=com.hmaleev.convertor/.Converter} from pid 31916
V/Zygote  (31948): Switching descriptor 33 to /dev/null
V/Zygote  (31948): Switching descriptor 9 to /dev/null
D/dalvikvm(31948): Late-enabling CheckJNI
I/ActivityManager(  629): Start proc com.hmaleev.convertor for activity com.hmaleev.convertor/.Converter: pid=31948 uid=10105 gids={50105, 3003}
D/ActivityThread(31948): handleBindApplication:com.hmaleev.convertor
D/ActivityThread(31948): setTargetHeapUtilization:0.25
D/ActivityThread(31948): setTargetHeapMinFree:524288
I/CordovaLog(31948): Changing log level to DEBUG(3)
I/CordovaLog(31948): Found start page location: index.html
D/Whitelist(31948): Unlimited access to network resources
D/CordovaActivity(31948): CordovaActivity.onCreate()
I/MicrophoneInputStream(18420): mic_close eze@4184ffe8
D/AudioHardware7x30(  240): AudioStreamInMSM72xx::standby()
D/AudioHardware7x30(  240): Deroute pcm in stream
D/AudioHardware7x30(  240): outputDevices = 2
I/AudioHardware7x30(  240): do input routing device 80000004
I/AudioHardware7x30(  240): Routing audio to dual mic real stereo
D/AudioHardware7x30(  240): new_rx = 17
D/AudioHardware7x30(  240): new_tx = 32
V/WebViewChromiumFactoryProvider(31948): Binding Chromium to main looper Looper (main, tid 1) {41852080}
I/LibraryLoader(31948): Expected native library version number "",actual native library version number ""
I/chromium(31948): [INFO:library_loader_hooks.cc(116)] Chromium logging enabled: level = 0, default verbosity = 0
D/AudioHardware7x30(  240): AudioStreamInMSM72xx::standby()
I/BrowserStartupController(31948): Initializing chromium process, renderers=0
I/HotwordRecognitionRnr(18420): Stopping hotword detection.
E/AudioManagerAndroid(31948): BLUETOOTH permission is missing!
W/Adreno-GSL(31948): <get_panel_settings:3802>: Android framework reported version 2. So, don't force ES30
I/Adreno-EGL(31948): <qeglDrvAPI_eglInitialize:381>: EGL 1.4 QUALCOMM build: AU_LINUX_ANDROID_KK_2.7_RB1.04.04.00.007.018_msm8960_KK_2.7_RB1_CL3869936_release_AU (CL3869936)
I/Adreno-EGL(31948): OpenGL ES Shader Compiler Version: 17.01.10.SPL
I/Adreno-EGL(31948): Build Date: 12/09/13 Mon
I/Adreno-EGL(31948): Local Branch: mybranch2092625
I/Adreno-EGL(31948): Remote Branch: quic/kk_2.7_rb1.15
I/Adreno-EGL(31948): Local Patches: NONE
I/Adreno-EGL(31948): Reconstruct Branch: AU_LINUX_ANDROID_KK_2.7_RB1.04.04.00.007.018 +  NOTHING
I/HotwordRecognitionRnr(18420): Hotword detection finished
I/ActivityManager(  629): Delay finish: com.google.android.partnersetup/.AppInstalledReceiver
W/chromium(31948): [WARNING:proxy_service.cc(890)] PAC support disabled because there is no system implementation
D/CordovaWebView(31948): CordovaWebView is running on device made by: Sony Ericsson
D/JsMessageQueue(31948): Set native->JS mode to 2
D/CordovaActivity(31948): CordovaActivity.init()
D/CordovaWebView(31948): loadUrlIntoView(file:///android_asset/www/index.html, 3000)
D/CordovaActivity(31948): onMessage(splashscreen,show)
D/CordovaWebView(31948): >>> loadUrl(file:///android_asset/www/index.html)
D/PluginManager(31948): init()
D/CordovaWebView(31948): >>> loadUrlNow()
I/CordovaLog(31948): Changing log level to DEBUG(3)
I/CordovaLog(31948): Found start page location: index.html
D/Whitelist(31948): Unlimited access to network resources
D/CordovaActivity(31948): Resuming the App
D/CordovaActivity(31948): CB-3064: The errorUrl is null
D/OpenGLRenderer(31948): Enabling debug mode 0
D/SoftKeyboardDetect(31948): Ignore this event
D/SoftKeyboardDetect(31948): Ignore this event
I/Timeline(31948): Timeline: Activity_idle id: android.os.BinderProxy@418537f0 time:32734580
I/ActivityManager(  629): Displayed com.hmaleev.convertor/.Converter: +911ms (total +2s79ms)
I/Timeline(  629): Timeline: Activity_windows_visible id: ActivityRecord{41e40550 u0 com.hmaleev.convertor/.Converter t193} time:32734583
D/AndroidRuntime(31916): Shutting down VM
I/ActivityManager(  629): Resuming delayed broadcast
I/Choreographer(  871): Skipped 37 frames!  The application may be doing too much work on its main thread.
D/CordovaWebViewClient(31948): onPageStarted(file:///android_asset/www/index.html)
D/CordovaActivity(31948): onMessage(onPageStarted,file:///android_asset/www/index.html)
D/CordovaLog(31948): file:///android_asset/www/index.html: Line 7 : The key "target-densitydpi" is not supported.
I/chromium(31948): [INFO:CONSOLE(7)] "The key "target-densitydpi" is not supported.", source: file:///android_asset/www/index.html (7)
I/ActivityManager(  629): Delay finish: com.google.android.googlequicksearchbox/.GelStubAppWatcher
I/IcingCorporaProvider(18420): Updating corpora: APPS=com.hmaleev.convertor, CONTACTS=MAYBE
I/IcingCorporaProvider(18420): UpdateCorporaTask done [took 4219 ms] updated apps [took 4218 ms] 
I/ActivityManager(  629): Resuming delayed broadcast
I/Timeline(30586): Timeline: Activity_launch_request id:com.estrongs.android.pop time:32744075
D/PackageBroadcastService( 1161): Received broadcast action=android.intent.action.PACKAGE_ADDED and uri=com.hmaleev.convertor
I/ActivityManager(  629): START u0 {flg=0x10800000 cmp=com.estrongs.android.pop/.app.InstallMonitorActivity (has extras)} from pid 30586
D/CordovaActivity(31948): Paused the application!
D/CordovaWebView(31948): Handle the pause
W/InputMethodManagerService(  629): Window already focused, ignoring focus gain of: com.android.internal.view.IInputMethodClient$Stub$Proxy@41f0e2c0 attribute=null, token = android.os.BinderProxy@41f77208
I/CordovaLog(31948): Changing log level to DEBUG(3)
I/CordovaLog(31948): Found start page location: index.html
D/Whitelist(31948): Unlimited access to network resources
D/CordovaActivity(31948): Resuming the App
D/CordovaActivity(31948): CB-3064: The errorUrl is null
I/ActivityManager(  629): Delay finish: com.keramidas.TitaniumBackup/.PackageEventsReceiver
I/PeopleContactsSync( 1161): CP2 sync disabled
W/InputConnectionWrapper.ICC(  833): Timed out waiting on IInputContextCallback
I/ActivityManager(  629): Resuming delayed broadcast
W/Search.LoginHelper(18420): TimeoutException while waiting for token.
W/Search.LoginHelper(18420): java.util.concurrent.TimeoutException: Timeout waiting for task.
W/Search.LoginHelper(18420): 	at hpe.get(PG:259)
W/Search.LoginHelper(18420): 	at hpd.get(PG:91)
W/Search.LoginHelper(18420): 	at bom.a(PG:606)
W/Search.LoginHelper(18420): 	at bom.k(PG:553)
W/Search.LoginHelper(18420): 	at fgo.a(PG:112)
W/Search.LoginHelper(18420): 	at fgo.asM(PG:38)
W/Search.LoginHelper(18420): 	at fgj.call(PG:28)
W/Search.LoginHelper(18420): 	at java.util.concurrent.FutureTask.run(FutureTask.java:237)
W/Search.LoginHelper(18420): 	at java.util.concurrent.ScheduledThreadPoolExecutor$ScheduledFutureTask.access$201(ScheduledThreadPoolExecutor.java:152)
W/Search.LoginHelper(18420): 	at java.util.concurrent.ScheduledThreadPoolExecutor$ScheduledFutureTask.run(ScheduledThreadPoolExecutor.java:265)
W/Search.LoginHelper(18420): 	at java.util.concurrent.ThreadPoolExecutor.runWorker(ThreadPoolExecutor.java:1112)
W/Search.LoginHelper(18420): 	at java.util.concurrent.ThreadPoolExecutor$Worker.run(ThreadPoolExecutor.java:587)
W/Search.LoginHelper(18420): 	at java.lang.Thread.run(Thread.java:841)
W/Search.LoginHelper(18420): 	at did.run(PG:46)
W/ActivityManager(  629): Launch timeout has expired, giving up wake lock!
W/InputConnectionWrapper.ICC(  833): Timed out waiting on IInputContextCallback
W/GLSUser ( 1050): GoogleAccountDataService.getToken()
D/LightsService(  629): Excessive delay setting light: 88ms
D/LightsService(  629): Excessive delay setting light: 499ms
D/LightsService(  629): Excessive delay setting light: 191ms
W/InputConnectionWrapper.ICC(  833): Timed out waiting on IInputContextCallback
E/CordovaWebView(31948): CordovaWebView: TIMEOUT ERROR!
I/InputConnectionWrapper.ICC(  833): Got out-of-sequence callback 5211 (expected 5214) in setExtractedText, ignoring.
I/InputConnectionWrapper.ICC(  833): Got out-of-sequence callback 5212 (expected 5214) in setTextBeforeCursor, ignoring.
I/InputConnectionWrapper.ICC(  833): Got out-of-sequence callback 5213 (expected 5214) in setSelectedText, ignoring.
I/ActivityManager(  629): START u0 {act=android.intent.action.MAIN cat=[android.intent.category.HOME] flg=0x10200000 cmp=com.google.android.googlequicksearchbox/com.google.android.launcher.GEL} from pid 629
D/LightsService(  629): Excessive delay setting light: 296ms
D/CordovaActivity(31948): Paused the application!
D/CordovaWebView(31948): Handle the pause
I/GEL     (  871): handleIntent(Intent { act=android.intent.action.MAIN cat=[android.intent.category.HOME] flg=0x10600000 cmp=com.google.android.googlequicksearchbox/com.google.android.launcher.GEL })
I/Timeline(  871): Timeline: Activity_idle id: android.os.BinderProxy@4185ac08 time:32767252
D/LightsService(  629): Excessive delay setting light: 569ms
D/LightsService(  629): Excessive delay setting light: 537ms
I/Timeline(  629): Timeline: Activity_windows_visible id: ActivityRecord{41e444f8 u0 com.google.android.googlequicksearchbox/com.google.android.launcher.GEL t1} time:32768026
D/dalvikvm(18420): JIT unchain all for threadid=64
I/MicrophoneInputStream(18420): mic_starting eze@41af98f0
D/AudioHardware7x30(  240): AudioHardware::openInputStream devices 80000004 format 1 channels 16 samplerate 16000
I/ActivityManager(  629): START u0 {act=com.android.systemui.recent.action.TOGGLE_RECENTS flg=0x10800000 cmp=com.android.systemui/.recent.RecentsActivity} from pid 739
D/AudioHardware7x30(  240): AudioStreamInMSM72xx::standby()
D/AudioHardware7x30(  240): outputDevices = 2
I/AudioHardware7x30(  240): do input routing device 80000004
I/AudioHardware7x30(  240): Routing audio to dual mic real stereo
D/AudioHardware7x30(  240): new_rx = 17
D/AudioHardware7x30(  240): new_tx = 32
D/AudioHardware7x30(  240): case PCM_REC
I/HotwordRecognitionRnr(18420): Starting hotword detection.
I/ActivityManager(  629): Displayed com.android.systemui/.recent.RecentsActivity: +261ms
I/MicrophoneInputStream(18420): mic_close eze@41af98f0
I/Timeline(  739): Timeline: Activity_idle id: android.os.BinderProxy@41a005e0 time:32768849
I/Timeline(  629): Timeline: Activity_windows_visible id: ActivityRecord{41f557e0 u0 com.android.systemui/.recent.RecentsActivity t195} time:32769048
D/AudioHardware7x30(  240): AudioStreamInMSM72xx::standby()
D/AudioHardware7x30(  240): Deroute pcm in stream
D/AudioHardware7x30(  240): outputDevices = 2
I/AudioHardware7x30(  240): do input routing device 80000004
I/AudioHardware7x30(  240): Routing audio to dual mic real stereo
D/AudioHardware7x30(  240): new_rx = 17
D/AudioHardware7x30(  240): new_tx = 32
I/HotwordRecognitionRnr(18420): Hotword detection finished
I/HotwordRecognitionRnr(18420): Stopping hotword detection.
D/AudioHardware7x30(  240): AudioStreamInMSM72xx::standby()
W/IInputConnectionWrapper(31948): getExtractedText on inactive InputConnection
W/IInputConnectionWrapper(31948): getTextBeforeCursor on inactive InputConnection
W/IInputConnectionWrapper(31948): getSelectedText on inactive InputConnection
W/IInputConnectionWrapper(31948): getTextAfterCursor on inactive InputConnection
E/bl      (  833): onStartInput event aborted: com.touchtype.keyboard.c.ag: could not obtain extracted text (class com.touchtype.keyboard.c.ag)
W/IInputConnectionWrapper(31948): showStatusIcon on inactive InputConnection
D/AudioFlinger(  240): start(4097), calling pid 629 session 519
D/AudioFlinger(  240): ? => ACTIVE (4097) on thread 0x1cffb8
I/CordovaLog(31948): Changing log level to DEBUG(3)
I/CordovaLog(31948): Found start page location: index.html
D/Whitelist(31948): Unlimited access to network resources
D/CordovaActivity(31948): Resuming the App
D/CordovaActivity(31948): CB-3064: The errorUrl is null
W/InputMethodManagerService(  629): Starting input on non-focused client com.android.internal.view.IInputMethodClient$Stub$Proxy@419db028 (uid=10005 pid=739)
I/Timeline(  629): Timeline: Activity_windows_visible id: ActivityRecord{41e40550 u0 com.hmaleev.convertor/.Converter t193} time:32770652
D/CordovaLog(31948): file:///android_asset/www/cordova.js: Line 1154 : deviceready has not fired after 5 seconds.
I/chromium(31948): [INFO:CONSOLE(1154)] "deviceready has not fired after 5 seconds.", source: file:///android_asset/www/cordova.js (1154)
D/CordovaLog(31948): file:///android_asset/www/cordova.js: Line 1147 : Channel not fired: onPluginsReady
I/chromium(31948): [INFO:CONSOLE(1147)] "Channel not fired: onPluginsReady", source: file:///android_asset/www/cordova.js (1147)
D/CordovaLog(31948): file:///android_asset/www/cordova.js: Line 1147 : Channel not fired: onCordovaReady
I/chromium(31948): [INFO:CONSOLE(1147)] "Channel not fired: onCordovaReady", source: file:///android_asset/www/cordova.js (1147)
D/CordovaLog(31948): file:///android_asset/www/cordova.js: Line 1147 : Channel not fired: onDOMContentLoaded
I/chromium(31948): [INFO:CONSOLE(1147)] "Channel not fired: onDOMContentLoaded", source: file:///android_asset/www/cordova.js (1147)
W/ActivityManager(  629): Launch timeout has expired, giving up wake lock!
I/Timeline(31948): Timeline: Activity_idle id: android.os.BinderProxy@418537f0 time:32781996
I/Timeline(31948): Timeline: Activity_idle id: android.os.BinderProxy@418537f0 time:32781997
D/CordovaActivity(31948): onMessage(spinner,stop)
D/CordovaNetworkManager(31948): Connection Type: wifi
D/CordovaNetworkManager(31948): Connection Extra Info: "WIFI-MMM"
I/chromium(31948): [INFO:async_pixel_transfer_manager_android.cc(60)] Async pixel transfers not supported
I/chromium(31948): [INFO:async_pixel_transfer_manager_android.cc(60)] Async pixel transfers not supported
D/CordovaNetworkManager(31948): Connection Type: wifi
D/CordovaNetworkManager(31948): Connection Extra Info: "WIFI-MMM"
D/CordovaActivity(31948): onMessage(networkconnection,wifi)
W/IInputConnectionWrapper(  871): getExtractedText on inactive InputConnection
W/IInputConnectionWrapper(  871): getTextBeforeCursor on inactive InputConnection
W/IInputConnectionWrapper(  871): getSelectedText on inactive InputConnection
W/IInputConnectionWrapper(  871): getTextAfterCursor on inactive InputConnection
E/bl      (  833): onStartInput event aborted: com.touchtype.keyboard.c.ag: could not obtain extracted text (class com.touchtype.keyboard.c.ag)
W/IInputConnectionWrapper(  739): showStatusIcon on inactive InputConnection
W/IInputConnectionWrapper(  739): getExtractedText on inactive InputConnection
W/IInputConnectionWrapper(  739): getTextBeforeCursor on inactive InputConnection
W/IInputConnectionWrapper(  739): getSelectedText on inactive InputConnection
W/IInputConnectionWrapper(  739): getTextAfterCursor on inactive InputConnection
E/bl      (  833): onStartInput event aborted: com.touchtype.keyboard.c.ag: could not obtain extracted text (class com.touchtype.keyboard.c.ag)
W/IInputConnectionWrapper(  739): getExtractedText on inactive InputConnection
W/IInputConnectionWrapper(  739): getTextBeforeCursor on inactive InputConnection
W/IInputConnectionWrapper(  739): getSelectedText on inactive InputConnection
W/IInputConnectionWrapper(  739): getTextAfterCursor on inactive InputConnection
E/bl      (  833): onStartInput event aborted: com.touchtype.keyboard.c.ag: could not obtain extracted text (class com.touchtype.keyboard.c.ag)
D/Finsky  (31586): [1] 5.onFinished: Installation state replication succeeded.
D/CordovaLog(31948): : Line 0 : event.returnValue is deprecated. Please use the standard event.preventDefault() instead.
I/chromium(31948): [INFO:CONSOLE(0)] "event.returnValue is deprecated. Please use the standard event.preventDefault() instead.", source:  (0)
D/CordovaLog(31948): file:///android_asset/www/js/conversion.js: Line 139 : [object Object]
I/chromium(31948): [INFO:CONSOLE(139)] "[object Object]", source: file:///android_asset/www/js/conversion.js (139)
D/CordovaLog(31948): file:///android_asset/www/js/conversion.js: Line 139 : [object Object]
I/chromium(31948): [INFO:CONSOLE(139)] "[object Object]", source: file:///android_asset/www/js/conversion.js (139)
W/Launcher(  871): setApplicationContext called twice! old=com.google.android.velvet.VelvetApplication@418642a0 new=com.google.android.velvet.VelvetApplication@418642a0
D/PackageBroadcastService( 1161): Received broadcast action=android.intent.action.PACKAGE_REPLACED and uri=com.hmaleev.convertor
I/ActivityManager(  629): Delay finish: com.buak.Link2SD/.AppEventsReceiver
I/PeopleContactsSync( 1161): CP2 sync disabled
I/ActivityManager(  629): Resuming delayed broadcast
I/com.keramidas.TitaniumBackup.schedules.BootReceiver(31404): Application package was replaced (eg: upgraded) => Scheduling next wake-up ...
I/o.gf    (31404): scheduleNextWakeup(): Invoked with idToExcludeForToday=null
I/o.gf    (31404): scheduleNextWakeup(): No next wakeup scheduled.
I/wpa_supplicant( 6651): wlan0: CTRL-EVENT-SCAN-STARTED 
I/GCoreUlr( 1024): Successfully inserted location
I/GCoreUlr( 1024): Not calling LocationReportingService, hasMoved: false, elapsed millis: 471618, request: Phone
E/qdmemalloc(31948): ION_IOC_ALLOC failed with error - Out of memory
W/qdmemalloc(31948): Falling back to system heap
E/qdmemalloc(31948): ION_IOC_ALLOC failed with error - Out of memory
W/qdmemalloc(31948): Falling back to system heap
W/Flurry  (31948): executeCreateBannerView
W/Flurry  (31948): onStartSession
W/dalvikvm(31948): VFY: unable to find class referenced in signature (Landroid/support/v4/app/Fragment;)
W/FlurryAgent(31948): Start session with context: com.hmaleev.convertor.Converter@4185d1d8 count:0
W/dalvikvm(31948): VFY: unable to find class referenced in signature (Landroid/support/v4/app/Fragment;)
W/dalvikvm(31948): VFY: unable to resolve static field 3081 (common_google_play_services_install_title) in Lcom/google/android/gms/R$string;
D/dalvikvm(31948): VFY: replacing opcode 0x60 at 0x0083
W/dalvikvm(31948): VFY: unable to resolve static field 3076 (common_google_play_services_enable_title) in Lcom/google/android/gms/R$string;
D/dalvikvm(31948): VFY: replacing opcode 0x60 at 0x008e
W/dalvikvm(31948): VFY: unable to resolve static field 3096 (common_google_play_services_update_title) in Lcom/google/android/gms/R$string;
D/dalvikvm(31948): VFY: replacing opcode 0x60 at 0x0099
W/dalvikvm(31948): VFY: unable to resolve static field 3093 (common_google_play_services_unsupported_title) in Lcom/google/android/gms/R$string;
D/dalvikvm(31948): VFY: replacing opcode 0x60 at 0x00ab
V/GmsNetworkLocationProvi( 1024): onSetRequest: ProviderRequestUnbundled, reportLocation is true and interval is 10000
V/GmsNetworkLocationProvi( 1024): SET-REQUEST
V/GmsNetworkLocationProvi( 1024): in Handler: ProviderRequestUnbundled, reportLocation is true and interval is 20000
I/wpa_supplicant( 6651): wlan0: CTRL-EVENT-SCAN-STARTED 
W/dalvikvm(31948): VFY: unable to resolve static field 3086 (common_google_play_services_network_error_title) in Lcom/google/android/gms/R$string;
D/dalvikvm(31948): VFY: replacing opcode 0x60 at 0x00bd
W/dalvikvm(31948): VFY: unable to resolve static field 3083 (common_google_play_services_invalid_account_title) in Lcom/google/android/gms/R$string;
D/dalvikvm(31948): VFY: replacing opcode 0x60 at 0x00e7
W/dalvikvm(31948): VFY: unable to resolve static field 3093 (common_google_play_services_unsupported_title) in Lcom/google/android/gms/R$string;
D/dalvikvm(31948): VFY: replacing opcode 0x60 at 0x0106
W/dalvikvm(31948): VFY: unable to find class referenced in signature (Landroid/support/v4/app/Fragment;)
W/dalvikvm(31948): VFY: unable to find class referenced in signature (Landroid/support/v4/app/Fragment;)
W/dalvikvm(31948): VFY: unable to find class referenced in signature (Landroid/support/v4/app/Fragment;)
E/dalvikvm(31948): Could not find class 'android.support.v4.app.FragmentActivity', referenced from method com.google.android.gms.common.GooglePlayServicesUtil.b
W/dalvikvm(31948): VFY: unable to resolve instanceof 152 (Landroid/support/v4/app/FragmentActivity;) in Lcom/google/android/gms/common/GooglePlayServicesUtil;
D/dalvikvm(31948): VFY: replacing opcode 0x20 at 0x0008
E/dalvikvm(31948): Could not find class 'android.support.v4.app.FragmentActivity', referenced from method com.google.android.gms.common.GooglePlayServicesUtil.b
W/dalvikvm(31948): VFY: unable to resolve check-cast 152 (Landroid/support/v4/app/FragmentActivity;) in Lcom/google/android/gms/common/GooglePlayServicesUtil;
D/dalvikvm(31948): VFY: replacing opcode 0x1f at 0x000c
W/Flurry  (31948): new FrameLayout
W/PluginManager(31948): THREAD WARNING: exec() call to Flurry.createBannerView blocked the main thread for 260ms. Plugin should use CordovaInterface.getThreadPool().
W/Flurry  (31948): executeShowAd
W/dalvikvm(31948): VFY: unable to resolve static field 3090 (common_google_play_services_unknown_issue) in Lcom/google/android/gms/R$string;
D/dalvikvm(31948): VFY: replacing opcode 0x60 at 0x0007
W/dalvikvm(31948): VFY: unable to resolve static field 3080 (common_google_play_services_install_text_tablet) in Lcom/google/android/gms/R$string;
D/dalvikvm(31948): VFY: replacing opcode 0x60 at 0x0018
D/SoftKeyboardDetect(31948): Ignore this event
W/dalvikvm(31948): VFY: unable to resolve static field 3079 (common_google_play_services_install_text_phone) in Lcom/google/android/gms/R$string;
D/dalvikvm(31948): VFY: replacing opcode 0x60 at 0x001f
W/dalvikvm(31948): VFY: unable to resolve static field 3075 (common_google_play_services_enable_text) in Lcom/google/android/gms/R$string;
D/dalvikvm(31948): VFY: replacing opcode 0x60 at 0x0026
W/dalvikvm(31948): VFY: unable to resolve static field 3095 (common_google_play_services_update_text) in Lcom/google/android/gms/R$string;
D/dalvikvm(31948): VFY: replacing opcode 0x60 at 0x002d
W/dalvikvm(31948): VFY: unable to resolve static field 3092 (common_google_play_services_unsupported_text) in Lcom/google/android/gms/R$string;
D/dalvikvm(31948): VFY: replacing opcode 0x60 at 0x0034
