W/PluginManager(31299): THREAD WARNING: exec() call to Flurry.createBannerView blocked the main thread for 270ms. Plugin should use CordovaInterface.getThreadPool().
W/dalvikvm(31299): VFY: unable to resolve static field 3087 (common_google_play_services_notification_needs_installation_title) in Lcom/google/android/gms/R$string;
D/dalvikvm(31299): VFY: replacing opcode 0x60 at 0x000e
W/dalvikvm(31299): VFY: unable to resolve static field 3088 (common_google_play_services_notification_needs_update_title) in Lcom/google/android/gms/R$string;
D/dalvikvm(31299): VFY: replacing opcode 0x60 at 0x0015
W/dalvikvm(31299): VFY: unable to resolve static field 3084 (common_google_play_services_needs_enabling_title) in Lcom/google/android/gms/R$string;
D/dalvikvm(31299): VFY: replacing opcode 0x60 at 0x001c
W/dalvikvm(31299): VFY: unable to resolve static field 3092 (common_google_play_services_unsupported_text) in Lcom/google/android/gms/R$string;
D/dalvikvm(31299): VFY: replacing opcode 0x60 at 0x0023
W/dalvikvm(31299): VFY: unable to resolve static field 3085 (common_google_play_services_network_error_text) in Lcom/google/android/gms/R$string;
D/dalvikvm(31299): VFY: replacing opcode 0x60 at 0x002a
W/dalvikvm(31299): VFY: unable to resolve static field 3082 (common_google_play_services_invalid_account_text) in Lcom/google/android/gms/R$string;
D/dalvikvm(31299): VFY: replacing opcode 0x60 at 0x0031
W/dalvikvm(31299): VFY: unable to resolve static field 3091 (common_google_play_services_unsupported_date_text) in Lcom/google/android/gms/R$string;
D/dalvikvm(31299): VFY: replacing opcode 0x60 at 0x0038
W/dalvikvm(31299): VFY: unable to find class referenced in signature (Landroid/support/v4/app/Fragment;)
W/dalvikvm(31299): VFY: unable to resolve static field 3090 (common_google_play_services_unknown_issue) in Lcom/google/android/gms/R$string;
D/dalvikvm(31299): VFY: replacing opcode 0x60 at 0x000d
W/dalvikvm(31299): VFY: unable to find class referenced in signature (Landroid/support/v4/app/Fragment;)
W/dalvikvm(31299): VFY: unable to resolve static field 3089 (common_google_play_services_notification_ticker) in Lcom/google/android/gms/R$string;
D/dalvikvm(31299): VFY: replacing opcode 0x60 at 0x0005
E/GooglePlayServicesUtil(31299): The Google Play services resources were not found. Check your project configuration to ensure that the resources are included.
E/qdmemalloc(31299): ION_IOC_ALLOC failed with error - Out of memory
W/qdmemalloc(31299): Falling back to system heap
E/qdmemalloc(31299): ION_IOC_ALLOC failed with error - Out of memory
W/qdmemalloc(31299): Falling back to system heap
E/GooglePlayServicesUtil(31299): The Google Play services resources were not found. Check your project configuration to ensure that the resources are included.
E/qdmemalloc(31299): ION_IOC_ALLOC failed with error - Out of memory
W/qdmemalloc(31299): Falling back to system heap
I/GCoreUlr( 1024): Successfully inserted location
I/GCoreUlr( 1024): Not calling LocationReportingService, hasMoved: false, elapsed millis: 104040, request: Phone
W/Flurry  (31299): executeRequestAd
W/Flurry  (31299): fetchAd for BOTTOM_BANNER, 2
W/FlurryAgent(31299): FlurryDataSender: report f2677293-ffd3-4db3-a467-61e945f6f72d sent. HTTP response: 200
W/Flurry  (31299): spaceDidReceiveAd, for BOTTOM_BANNER, now show it
W/Flurry  (31299): shouldDisplayAd
D/SoftKeyboardDetect(31299): Ignore this event
D/SoftKeyboardDetect(31299): Ignore this event
W/Flurry  (31299): onRendered
D/CordovaLog(31299): file:///android_asset/www/index.html: Line 93 : Uncaught TypeError: Cannot set property 'innerHTML' of null
I/chromium(31299): [INFO:CONSOLE(93)] "Uncaught TypeError: Cannot set property 'innerHTML' of null", source: file:///android_asset/www/index.html (93)
W/chromium(31299): [WARNING:simple_index_file.cc(338)] Could not map Simple Index file.
I/chromium(31299): [INFO:simple_index_file.cc(437)] Simple Cache Index is being restored from disk.
I/ActivityManager(  629): START u0 {act=com.android.systemui.recent.action.TOGGLE_RECENTS flg=0x10800000 cmp=com.android.systemui/.recent.RecentsActivity (has extras)} from pid 739
D/SoftKeyboardDetect(31299): Ignore this event
I/chromium(31299): [INFO:async_pixel_transfer_manager_android.cc(60)] Async pixel transfers not supported
D/CordovaActivity(31299): Paused the application!
D/CordovaWebView(31299): Handle the pause
W/Flurry  (31299): executeShowAd
W/Flurry  (31299): fetchAd for BOTTOM_BANNER, 2
D/CordovaLog(31299): file:///android_asset/www/cordova.js: Line 1044 : processMessage failed: Error: TypeError: Cannot set property 'innerHTML' of null
I/chromium(31299): [INFO:CONSOLE(1044)] "processMessage failed: Error: TypeError: Cannot set property 'innerHTML' of null", source: file:///android_asset/www/cordova.js (1044)
D/CordovaLog(31299): file:///android_asset/www/cordova.js: Line 1045 : processMessage failed: Stack: TypeError: Cannot set property 'innerHTML' of null
D/CordovaLog(31299):     at onResize (file:///android_asset/www/index.html:93:47)
D/CordovaLog(31299):     at file:///android_asset/www/index.html:45:30
D/CordovaLog(31299):     at Object.cordova.callbackFromNative (file:///android_asset/www/cordova.js:292:54)
D/CordovaLog(31299):     at processMessage (file:///android_asset/www/cordova.js:1039:21)
D/CordovaLog(31299):     at Function.androidExec.processMessages (file:///android_asset/www/cordova.js:1076:13)
D/CordovaLog(31299):     at pollOnce (file:///android_asset/www/cordova.js:944:17)
D/CordovaLog(31299):     at pollOnceFromOnlineEvent (file:///android_asset/www/cordova.js:939:5)
I/chromium(31299): [INFO:CONSOLE(1045)] "processMessage failed: Stack: TypeError: Cannot set property 'innerHTML' of null
I/chromium(31299):     at onResize (file:///android_asset/www/index.html:93:47)
I/chromium(31299):     at file:///android_asset/www/index.html:45:30
I/chromium(31299):     at Object.cordova.callbackFromNative (file:///android_asset/www/cordova.js:292:54)
I/chromium(31299):     at processMessage (file:///android_asset/www/cordova.js:1039:21)
I/chromium(31299):     at Function.androidExec.processMessages (file:///android_asset/www/cordova.js:1076:13)
I/chromium(31299):     at pollOnce (file:///android_asset/www/cordova.js:944:17)
I/chromium(31299):     at pollOnceFromOnlineEvent (file:///android_asset/www/cordova.js:939:5)", source: file:///android_asset/www/cordova.js (1045)
D/CordovaLog(31299): file:///android_asset/www/cordova.js: Line 1046 : processMessage failed: Message: S01 Flurry1195988767 sOK
I/chromium(31299): [INFO:CONSOLE(1046)] "processMessage failed: Message: S01 Flurry1195988767 sOK", source: file:///android_asset/www/cordova.js (1046)
W/IInputConnectionWrapper(31299): showStatusIcon on inactive InputConnection
W/InputMethodManagerService(  629): Starting input on non-focused client com.android.internal.view.IInputMethodClient$Stub$Proxy@4212fdb0 (uid=10105 pid=31299)
E/qdmemalloc(  232): ION_IOC_ALLOC failed with error - Out of memory
W/qdmemalloc(  232): Falling back to system heap
I/Timeline(  739): Timeline: Activity_idle id: android.os.BinderProxy@41f8b250 time:32424393
W/Flurry  (31299): spaceDidReceiveAd, for BOTTOM_BANNER, now show it
W/Flurry  (31299): shouldDisplayAd
D/SoftKeyboardDetect(31299): Ignore this event
I/Timeline(  629): Timeline: Activity_windows_visible id: ActivityRecord{41887e68 u0 com.android.systemui/.recent.RecentsActivity t183} time:32424622
W/Flurry  (31299): onRendered
I/ActivityManager(  629): Process com.android.vending (pid 22997) has died.
D/AudioFlinger(  240): start(4101), calling pid 629 session 504
D/AudioFlinger(  240): ? => ACTIVE (4101) on thread 0x1cf398
I/CordovaLog(31299): Changing log level to DEBUG(3)
I/CordovaLog(31299): Found start page location: index.html
D/Whitelist(31299): Unlimited access to network resources
D/CordovaActivity(31299): Resuming the App
D/CordovaActivity(31299): CB-3064: The errorUrl is null
D/SoftKeyboardDetect(31299): Ignore this event
I/chromium(31299): [INFO:async_pixel_transfer_manager_android.cc(60)] Async pixel transfers not supported
E/qdmemalloc(  232): ION_IOC_ALLOC failed with error - Out of memory
W/qdmemalloc(  232): Falling back to system heap
I/Timeline(31299): Timeline: Activity_idle id: android.os.BinderProxy@4185c8f0 time:32425549
I/Timeline(  629): Timeline: Activity_windows_visible id: ActivityRecord{42236728 u0 com.hmaleev.convertor/.Converter t181} time:32425805
I/ActivityManager(  629): START u0 {act=com.android.systemui.recent.action.TOGGLE_RECENTS flg=0x10800000 cmp=com.android.systemui/.recent.RecentsActivity (has extras)} from pid 739
D/CordovaActivity(31299): Paused the application!
D/CordovaWebView(31299): Handle the pause
W/IInputConnectionWrapper(31299): showStatusIcon on inactive InputConnection
W/InputMethodManagerService(  629): Starting input on non-focused client com.android.internal.view.IInputMethodClient$Stub$Proxy@4212fdb0 (uid=10105 pid=31299)
E/qdmemalloc(  232): ION_IOC_ALLOC failed with error - Out of memory
W/qdmemalloc(  232): Falling back to system heap
I/Timeline(  739): Timeline: Activity_idle id: android.os.BinderProxy@41f8b250 time:32437031
E/qdmemalloc(  232): ION_IOC_ALLOC failed with error - Out of memory
W/qdmemalloc(  232): Falling back to system heap
I/Timeline(  629): Timeline: Activity_windows_visible id: ActivityRecord{41887e68 u0 com.android.systemui/.recent.RecentsActivity t183} time:32437294
I/wpa_supplicant( 6651): wlan0: CTRL-EVENT-SCAN-STARTED 
I/ActivityManager(  629): Killing 31299:com.hmaleev.convertor/u0a105 (adj 9): remove task
I/Timeline(  871): Timeline: Activity_idle id: android.os.BinderProxy@4185ac08 time:32438225
I/WindowState(  629): WIN DEATH: Window{4214d210 u0 com.hmaleev.convertor/com.hmaleev.convertor.Converter}
V/GmsNetworkLocationProvi( 1024): onSetRequest: ProviderRequestUnbundled, reportLocation is true and interval is 86400000
V/GmsNetworkLocationProvi( 1024): SET-REQUEST
V/GmsNetworkLocationProvi( 1024): in Handler: ProviderRequestUnbundled, reportLocation is true and interval is 86400000
I/wpa_supplicant( 6651): wlan0: CTRL-EVENT-SCAN-STARTED 
I/Timeline(  629): Timeline: Activity_windows_visible id: ActivityRecord{41e444f8 u0 com.google.android.googlequicksearchbox/com.google.android.launcher.GEL t1} time:32438457
D/LightsService(  629): Excessive delay setting light: 70ms
D/AudioFlinger(  240): start(4097), calling pid 629 session 505
D/AudioFlinger(  240): ? => ACTIVE (4097) on thread 0x1cffb8
I/Timeline(  871): Timeline: Activity_launch_request id:com.hmaleev.convertor time:32439878
I/ActivityManager(  629): START u0 {act=android.intent.action.MAIN cat=[android.intent.category.LAUNCHER] flg=0x10200000 cmp=com.hmaleev.convertor/.Converter (has extras)} from pid 871
V/Zygote  (31487): Switching descriptor 33 to /dev/null
V/Zygote  (31487): Switching descriptor 9 to /dev/null
D/dalvikvm(31487): Late-enabling CheckJNI
I/ActivityManager(  629): Start proc com.hmaleev.convertor for activity com.hmaleev.convertor/.Converter: pid=31487 uid=10105 gids={50105, 3003}
D/ActivityThread(31487): handleBindApplication:com.hmaleev.convertor
D/ActivityThread(31487): setTargetHeapUtilization:0.25
D/ActivityThread(31487): setTargetHeapMinFree:524288
I/CordovaLog(31487): Changing log level to DEBUG(3)
I/CordovaLog(31487): Found start page location: index.html
D/Whitelist(31487): Unlimited access to network resources
D/CordovaActivity(31487): CordovaActivity.onCreate()
V/WebViewChromiumFactoryProvider(31487): Binding Chromium to main looper Looper (main, tid 1) {41855f58}
I/LibraryLoader(31487): Expected native library version number "",actual native library version number ""
I/chromium(31487): [INFO:library_loader_hooks.cc(116)] Chromium logging enabled: level = 0, default verbosity = 0
I/BrowserStartupController(31487): Initializing chromium process, renderers=0
E/AudioManagerAndroid(31487): BLUETOOTH permission is missing!
W/Adreno-GSL(31487): <get_panel_settings:3802>: Android framework reported version 2. So, don't force ES30
I/Adreno-EGL(31487): <qeglDrvAPI_eglInitialize:381>: EGL 1.4 QUALCOMM build: AU_LINUX_ANDROID_KK_2.7_RB1.04.04.00.007.018_msm8960_KK_2.7_RB1_CL3869936_release_AU (CL3869936)
I/Adreno-EGL(31487): OpenGL ES Shader Compiler Version: 17.01.10.SPL
I/Adreno-EGL(31487): Build Date: 12/09/13 Mon
I/Adreno-EGL(31487): Local Branch: mybranch2092625
I/Adreno-EGL(31487): Remote Branch: quic/kk_2.7_rb1.15
I/Adreno-EGL(31487): Local Patches: NONE
I/Adreno-EGL(31487): Reconstruct Branch: AU_LINUX_ANDROID_KK_2.7_RB1.04.04.00.007.018 +  NOTHING
W/chromium(31487): [WARNING:proxy_service.cc(890)] PAC support disabled because there is no system implementation
D/CordovaWebView(31487): CordovaWebView is running on device made by: Sony Ericsson
D/JsMessageQueue(31487): Set native->JS mode to 2
D/CordovaActivity(31487): CordovaActivity.init()
D/CordovaWebView(31487): loadUrlIntoView(file:///android_asset/www/index.html, 3000)
D/CordovaActivity(31487): onMessage(splashscreen,show)
D/CordovaWebView(31487): >>> loadUrl(file:///android_asset/www/index.html)
D/PluginManager(31487): init()
D/CordovaWebView(31487): >>> loadUrlNow()
I/CordovaLog(31487): Changing log level to DEBUG(3)
I/CordovaLog(31487): Found start page location: index.html
D/Whitelist(31487): Unlimited access to network resources
D/CordovaActivity(31487): Resuming the App
D/CordovaActivity(31487): CB-3064: The errorUrl is null
D/OpenGLRenderer(31487): Enabling debug mode 0
D/SoftKeyboardDetect(31487): Ignore this event
D/SoftKeyboardDetect(31487): Ignore this event
I/Timeline(31487): Timeline: Activity_idle id: android.os.BinderProxy@41857790 time:32441174
I/ActivityManager(  629): Displayed com.hmaleev.convertor/.Converter: +1s25ms (total +2m10s321ms)
I/Timeline(  629): Timeline: Activity_windows_visible id: ActivityRecord{41fb5498 u0 com.hmaleev.convertor/.Converter t184} time:32441177
D/CordovaWebViewClient(31487): onPageStarted(file:///android_asset/www/index.html)
D/CordovaActivity(31487): onMessage(onPageStarted,file:///android_asset/www/index.html)
D/CordovaLog(31487): file:///android_asset/www/index.html: Line 7 : The key "target-densitydpi" is not supported.
I/chromium(31487): [INFO:CONSOLE(7)] "The key "target-densitydpi" is not supported.", source: file:///android_asset/www/index.html (7)
D/LightsService(  629): Excessive delay setting light: 108ms
D/CordovaActivity(31487): onMessage(spinner,stop)
D/CordovaNetworkManager(31487): Connection Type: wifi
D/CordovaNetworkManager(31487): Connection Extra Info: "WIFI-MMM"
I/chromium(31487): [INFO:async_pixel_transfer_manager_android.cc(60)] Async pixel transfers not supported
I/chromium(31487): [INFO:async_pixel_transfer_manager_android.cc(60)] Async pixel transfers not supported
D/CordovaNetworkManager(31487): Connection Type: wifi
D/CordovaNetworkManager(31487): Connection Extra Info: "WIFI-MMM"
D/CordovaActivity(31487): onMessage(networkconnection,wifi)
D/LightsService(  629): Excessive delay setting light: 59ms
D/LightsService(  629): Excessive delay setting light: 61ms
D/LightsService(  629): Excessive delay setting light: 285ms
E/CordovaWebView(31487): CordovaWebView: TIMEOUT ERROR!
D/CordovaLog(31487): file:///android_asset/www/cordova.js: Line 1154 : deviceready has not fired after 5 seconds.
I/chromium(31487): [INFO:CONSOLE(1154)] "deviceready has not fired after 5 seconds.", source: file:///android_asset/www/cordova.js (1154)
D/CordovaLog(31487): file:///android_asset/www/cordova.js: Line 1147 : Channel not fired: onDOMContentLoaded
I/chromium(31487): [INFO:CONSOLE(1147)] "Channel not fired: onDOMContentLoaded", source: file:///android_asset/www/cordova.js (1147)
D/CordovaActivity(31487): Paused the application!
D/CordovaWebView(31487): Handle the pause
I/ActivityManager(  629): START u0 {act=com.android.systemui.recent.action.TOGGLE_RECENTS flg=0x10800000 cmp=com.android.systemui/.recent.RecentsActivity (has extras)} from pid 739
W/IInputConnectionWrapper(31487): showStatusIcon on inactive InputConnection
I/ActivityManager(  629): Displayed com.android.systemui/.recent.RecentsActivity: +214ms
I/Timeline(  739): Timeline: Activity_idle id: android.os.BinderProxy@41b9c908 time:32479846
I/Timeline(  629): Timeline: Activity_windows_visible id: ActivityRecord{41fbf0c0 u0 com.android.systemui/.recent.RecentsActivity t185} time:32480092
I/ActivityManager(  629): Killing 31487:com.hmaleev.convertor/u0a105 (adj 9): remove task
I/Timeline(  871): Timeline: Activity_idle id: android.os.BinderProxy@4185ac08 time:32481588
W/InputDispatcher(  629): channel '41f99fc0 com.hmaleev.convertor/com.hmaleev.convertor.Converter (server)' ~ Consumer closed input channel or an error occurred.  events=0x9
E/InputDispatcher(  629): channel '41f99fc0 com.hmaleev.convertor/com.hmaleev.convertor.Converter (server)' ~ Channel is unrecoverably broken and will be disposed!
W/InputDispatcher(  629): Attempted to unregister already unregistered input channel '41f99fc0 com.hmaleev.convertor/com.hmaleev.convertor.Converter (server)'
I/WindowState(  629): WIN DEATH: Window{41f99fc0 u0 com.hmaleev.convertor/com.hmaleev.convertor.Converter}
I/Timeline(  629): Timeline: Activity_windows_visible id: ActivityRecord{41e444f8 u0 com.google.android.googlequicksearchbox/com.google.android.launcher.GEL t1} time:32481871
D/AudioFlinger(  240): start(4101), calling pid 629 session 506
D/AudioFlinger(  240): ? => ACTIVE (4101) on thread 0x1cf398
I/Timeline(  871): Timeline: Activity_launch_request id:com.hmaleev.convertor time:32482568
I/ActivityManager(  629): START u0 {act=android.intent.action.MAIN cat=[android.intent.category.LAUNCHER] flg=0x10200000 cmp=com.hmaleev.convertor/.Converter (has extras)} from pid 871
V/Zygote  (31538): Switching descriptor 33 to /dev/null
V/Zygote  (31538): Switching descriptor 9 to /dev/null
I/ActivityManager(  629): Start proc com.hmaleev.convertor for activity com.hmaleev.convertor/.Converter: pid=31538 uid=10105 gids={50105, 3003}
D/dalvikvm(31538): Late-enabling CheckJNI
D/ActivityThread(31538): handleBindApplication:com.hmaleev.convertor
D/ActivityThread(31538): setTargetHeapUtilization:0.25
D/ActivityThread(31538): setTargetHeapMinFree:524288
I/CordovaLog(31538): Changing log level to DEBUG(3)
I/CordovaLog(31538): Found start page location: index.html
D/Whitelist(31538): Unlimited access to network resources
D/CordovaActivity(31538): CordovaActivity.onCreate()
V/WebViewChromiumFactoryProvider(31538): Binding Chromium to main looper Looper (main, tid 1) {41856e70}
I/LibraryLoader(31538): Expected native library version number "",actual native library version number ""
I/chromium(31538): [INFO:library_loader_hooks.cc(116)] Chromium logging enabled: level = 0, default verbosity = 0
I/BrowserStartupController(31538): Initializing chromium process, renderers=0
E/AudioManagerAndroid(31538): BLUETOOTH permission is missing!
W/Adreno-GSL(31538): <get_panel_settings:3802>: Android framework reported version 2. So, don't force ES30
I/Adreno-EGL(31538): <qeglDrvAPI_eglInitialize:381>: EGL 1.4 QUALCOMM build: AU_LINUX_ANDROID_KK_2.7_RB1.04.04.00.007.018_msm8960_KK_2.7_RB1_CL3869936_release_AU (CL3869936)
I/Adreno-EGL(31538): OpenGL ES Shader Compiler Version: 17.01.10.SPL
I/Adreno-EGL(31538): Build Date: 12/09/13 Mon
I/Adreno-EGL(31538): Local Branch: mybranch2092625
I/Adreno-EGL(31538): Remote Branch: quic/kk_2.7_rb1.15
I/Adreno-EGL(31538): Local Patches: NONE
I/Adreno-EGL(31538): Reconstruct Branch: AU_LINUX_ANDROID_KK_2.7_RB1.04.04.00.007.018 +  NOTHING
W/chromium(31538): [WARNING:proxy_service.cc(890)] PAC support disabled because there is no system implementation
D/CordovaWebView(31538): CordovaWebView is running on device made by: Sony Ericsson
D/JsMessageQueue(31538): Set native->JS mode to 2
D/CordovaActivity(31538): CordovaActivity.init()
D/CordovaWebView(31538): loadUrlIntoView(file:///android_asset/www/index.html, 3000)
D/CordovaActivity(31538): onMessage(splashscreen,show)
D/CordovaWebView(31538): >>> loadUrl(file:///android_asset/www/index.html)
D/PluginManager(31538): init()
D/CordovaWebView(31538): >>> loadUrlNow()
I/CordovaLog(31538): Changing log level to DEBUG(3)
I/CordovaLog(31538): Found start page location: index.html
D/Whitelist(31538): Unlimited access to network resources
D/CordovaActivity(31538): Resuming the App
D/CordovaActivity(31538): CB-3064: The errorUrl is null
D/OpenGLRenderer(31538): Enabling debug mode 0
D/SoftKeyboardDetect(31538): Ignore this event
D/SoftKeyboardDetect(31538): Ignore this event
I/Timeline(31538): Timeline: Activity_idle id: android.os.BinderProxy@41858f00 time:32483464
I/ActivityManager(  629): Displayed com.hmaleev.convertor/.Converter: +747ms
I/Timeline(  629): Timeline: Activity_windows_visible id: ActivityRecord{420d2a88 u0 com.hmaleev.convertor/.Converter t186} time:32483467
D/CordovaWebViewClient(31538): onPageStarted(file:///android_asset/www/index.html)
D/CordovaActivity(31538): onMessage(onPageStarted,file:///android_asset/www/index.html)
D/CordovaLog(31538): file:///android_asset/www/index.html: Line 7 : The key "target-densitydpi" is not supported.
I/chromium(31538): [INFO:CONSOLE(7)] "The key "target-densitydpi" is not supported.", source: file:///android_asset/www/index.html (7)
I/Choreographer(  629): Skipped 53 frames!  The application may be doing too much work on its main thread.
D/SizeAdaptiveLayout(  739): com.android.internal.widget.SizeAdaptiveLayout{41f2a210 V.E..... ......I. 0,0-0,0 #7f08007b app:id/adaptive}child view android.widget.FrameLayout{41b30a60 G.E..... ......ID 0,0-0,0 #10202d7 android:id/status_bar_latest_event_content} measured out of bounds at 95px clamped to 96px
D/SizeAdaptiveLayout(  739): com.android.internal.widget.SizeAdaptiveLayout{41f2a210 V.E..... ......I. 0,0-0,0 #7f08007b app:id/adaptive}child view android.widget.FrameLayout{41b30a60 G.E..... ......ID 0,0-0,0 #10202d7 android:id/status_bar_latest_event_content} measured out of bounds at 95px clamped to 96px
V/PanelView(  739): animationTick called with dtms=0; nothing to do (h=162.0 v=696.6117)
V/PanelView(  739): animationTick called with dtms=-8; nothing to do (h=162.0 v=696.6117)
E/CordovaWebView(31538): CordovaWebView: TIMEOUT ERROR!
D/AudioFlinger(  240): start(4097), calling pid 629 session 507
D/AudioFlinger(  240): ? => ACTIVE (4097) on thread 0x1cffb8
V/PanelView(  739): animationTick called with dtms=0; nothing to do (h=854.0 v=-3000.0)
V/PanelView(  739): animationTick called with dtms=-3; nothing to do (h=854.0 v=-3000.0)
W/InputMethodManagerService(  629): Window already focused, ignoring focus gain of: com.android.internal.view.IInputMethodClient$Stub$Proxy@41db1740 attribute=null, token = android.os.BinderProxy@41e3aa18
V/Zygote  (31586): Switching descriptor 33 to /dev/null
V/Zygote  (31586): Switching descriptor 9 to /dev/null
I/ActivityManager(  629): Start proc com.android.vending for broadcast com.android.vending/com.google.android.finsky.receivers.NotificationReceiver: pid=31586 uid=10020 gids={50020, 3003, 1028, 1015}
D/ActivityThread(31586): handleBindApplication:com.android.vending
D/ActivityThread(31586): setTargetHeapUtilization:0.25
D/ActivityThread(31586): setTargetHeapMinFree:524288
D/CordovaActivity(31538): onMessage(spinner,stop)
D/CordovaNetworkManager(31538): Connection Type: wifi
D/CordovaNetworkManager(31538): Connection Extra Info: "WIFI-MMM"
I/chromium(31538): [INFO:async_pixel_transfer_manager_android.cc(60)] Async pixel transfers not supported
I/chromium(31538): [INFO:async_pixel_transfer_manager_android.cc(60)] Async pixel transfers not supported
D/CordovaNetworkManager(31538): Connection Type: wifi
D/CordovaNetworkManager(31538): Connection Extra Info: "WIFI-MMM"
D/CordovaActivity(31538): onMessage(networkconnection,wifi)
D/CordovaLog(31538): file:///android_asset/www/cordova.js: Line 1154 : deviceready has not fired after 5 seconds.
I/chromium(31538): [INFO:CONSOLE(1154)] "deviceready has not fired after 5 seconds.", source: file:///android_asset/www/cordova.js (1154)
D/CordovaLog(31538): file:///android_asset/www/cordova.js: Line 1147 : Channel not fired: onDOMContentLoaded
I/chromium(31538): [INFO:CONSOLE(1147)] "Channel not fired: onDOMContentLoaded", source: file:///android_asset/www/cordova.js (1147)
D/CordovaLog(31538): file:///android_asset/www/cordova.js: Line 1147 : Channel not fired: onCordovaConnectionReady
I/chromium(31538): [INFO:CONSOLE(1147)] "Channel not fired: onCordovaConnectionReady", source: file:///android_asset/www/cordova.js (1147)
D/Finsky  (31586): [1] FinskyApp.onCreate: Initializing network with DFE https://android.clients.google.com/fdfe/
D/Finsky  (31586): [1] DailyHygiene.goMakeHygieneIfDirty: No need to run daily hygiene.
W/Settings(31586): Setting download_manager_max_bytes_over_mobile has moved from android.provider.Settings.Secure to android.provider.Settings.Global.
W/Settings(31586): Setting download_manager_recommended_max_bytes_over_mobile has moved from android.provider.Settings.Secure to android.provider.Settings.Global.
D/Finsky  (31586): [1] GmsCoreHelper.cleanupNlp: result=false type=4
D/Finsky  (31586): [1] 2.run: Loaded library for account: [_1qwyDpdvZ-XNN91Fe6dlkWakHU]
D/Finsky  (31586): [1] 2.run: Finished loading 1 libraries.
D/Finsky  (31586): [1] RestoreTracker.stopServiceIfDone: Restore complete with 0 success and 0 failed.
I/ContactAccountLoggerTas(18420): canRun() : Opted Out
I/EntropyMixer(  629): Writing entropy...
D/LightsService(  629): Excessive delay setting light: 53ms
I/GCoreUlr( 1024): Received powerMode change from NLP: com.google.android.location.activity.LOW_POWER_MODE_DISABLED
I/GCoreUlr( 1024): Starting service, intent=Intent { act=com.google.android.location.reporting.ACTION_UPDATE_ACTIVE_STATE cmp=com.google.android.gms/com.google.android.location.reporting.service.DispatchingService }, extras=null
I/GCoreUlr( 1024): Ensuring that reporting is active for [account#-13#]
I/GCoreUlr( 1024): Starting service, intent=Intent { act=com.google.android.location.reporting.ACTION_LOCATION_STATUS cmp=com.google.android.gms/com.google.android.location.reporting.service.DispatchingService (has extras) }, extras=Bundle[{status=LocationStatus[cell status: STATUS_SUCCESSFUL, wifi status: STATUS_SUCCESSFUL, elapsed realtime ns: 109149399571770]}]
I/GCoreUlr( 1024): GMS FLP location and AR updates requested: {"timestampMs":1407528866618,"description":"default","samplePeriodMs":60000,"sampleSource":"internal","sampleReason":"default"}
I/ActivityManager(  629): START u0 {act=android.intent.action.MAIN cat=[android.intent.category.HOME] flg=0x10200000 cmp=com.google.android.googlequicksearchbox/com.google.android.launcher.GEL} from pid 629
D/CordovaActivity(31538): Paused the application!
D/CordovaWebView(31538): Handle the pause
I/GEL     (  871): handleIntent(Intent { act=android.intent.action.MAIN cat=[android.intent.category.HOME] flg=0x10600000 cmp=com.google.android.googlequicksearchbox/com.google.android.launcher.GEL })
W/IInputConnectionWrapper(31538): showStatusIcon on inactive InputConnection
I/Timeline(  871): Timeline: Activity_idle id: android.os.BinderProxy@4185ac08 time:32560128
I/MicrophoneInputStream(18420): mic_starting eze@41a32040
I/HotwordRecognitionRnr(18420): Starting hotword detection.
D/AudioHardware7x30(  240): AudioHardware::openInputStream devices 80000004 format 1 channels 16 samplerate 16000
D/AudioHardware7x30(  240): AudioStreamInMSM72xx::standby()
D/AudioHardware7x30(  240): outputDevices = 2
I/AudioHardware7x30(  240): do input routing device 80000004
I/AudioHardware7x30(  240): Routing audio to dual mic real stereo
D/AudioHardware7x30(  240): new_rx = 17
D/AudioHardware7x30(  240): new_tx = 32
D/AudioHardware7x30(  240): case PCM_REC
D/LightsService(  629): Excessive delay setting light: 334ms
I/HotwordWorker(18420): onReady
I/Timeline(  629): Timeline: Activity_windows_visible id: ActivityRecord{41e444f8 u0 com.google.android.googlequicksearchbox/com.google.android.launcher.GEL t1} time:32560464
D/LightsService(  629): Excessive delay setting light: 107ms
I/Icing   ( 1161): Usage reports 3 indexed 0 rejected 0 denied 0
I/ActivityManager(  629): START u0 {act=com.android.systemui.recent.action.TOGGLE_RECENTS flg=0x10800000 cmp=com.android.systemui/.recent.RecentsActivity} from pid 739
I/ActivityManager(  629): Displayed com.android.systemui/.recent.RecentsActivity: +229ms
I/Timeline(  739): Timeline: Activity_idle id: android.os.BinderProxy@41a78858 time:32561574
I/MicrophoneInputStream(18420): mic_close eze@41a32040
D/AudioHardware7x30(  240): AudioStreamInMSM72xx::standby()
D/AudioHardware7x30(  240): Deroute pcm in stream
D/AudioHardware7x30(  240): outputDevices = 2
I/AudioHardware7x30(  240): do input routing device 80000004
I/AudioHardware7x30(  240): Routing audio to dual mic real stereo
D/AudioHardware7x30(  240): new_rx = 17
D/AudioHardware7x30(  240): new_tx = 32
D/AudioHardware7x30(  240): AudioStreamInMSM72xx::standby()
I/HotwordRecognitionRnr(18420): Stopping hotword detection.
I/HotwordRecognitionRnr(18420): Hotword detection finished
I/Timeline(  629): Timeline: Activity_windows_visible id: ActivityRecord{42199f60 u0 com.android.systemui/.recent.RecentsActivity t187} time:32561824
D/AudioFlinger(  240): start(4101), calling pid 629 session 510
D/AudioFlinger(  240): ? => ACTIVE (4101) on thread 0x1bc850
I/CordovaLog(31538): Changing log level to DEBUG(3)
I/CordovaLog(31538): Found start page location: index.html
D/Whitelist(31538): Unlimited access to network resources
D/CordovaActivity(31538): Resuming the App
D/CordovaActivity(31538): CB-3064: The errorUrl is null
I/Timeline(31538): Timeline: Activity_idle id: android.os.BinderProxy@41858f00 time:32562413
W/InputMethodManagerService(  629): Starting input on non-focused client com.android.internal.view.IInputMethodClient$Stub$Proxy@419db028 (uid=10005 pid=739)
I/Timeline(  629): Timeline: Activity_windows_visible id: ActivityRecord{420d2a88 u0 com.hmaleev.convertor/.Converter t186} time:32562703
I/ActivityManager(  629): START u0 {act=com.android.systemui.recent.action.TOGGLE_RECENTS flg=0x10800000 cmp=com.android.systemui/.recent.RecentsActivity (has extras)} from pid 739
D/CordovaActivity(31538): Paused the application!
D/CordovaWebView(31538): Handle the pause
W/IInputConnectionWrapper(31538): showStatusIcon on inactive InputConnection
W/InputMethodManagerService(  629): Starting input on non-focused client com.android.internal.view.IInputMethodClient$Stub$Proxy@41cc3d28 (uid=10105 pid=31538)
I/Timeline(  739): Timeline: Activity_idle id: android.os.BinderProxy@41a78858 time:32564108
I/Timeline(  629): Timeline: Activity_windows_visible id: ActivityRecord{42199f60 u0 com.android.systemui/.recent.RecentsActivity t187} time:32564343
I/ActivityManager(  629): Killing 31187:com.android.defcontainer/u0a12 (adj 15): empty #17
I/ActivityManager(  629): Killing 31538:com.hmaleev.convertor/u0a105 (adj 9): remove task
I/Timeline(  871): Timeline: Activity_idle id: android.os.BinderProxy@4185ac08 time:32565498
I/MicrophoneInputStream(18420): mic_starting eze@41a1f6c0
D/AudioHardware7x30(  240): AudioHardware::openInputStream devices 80000004 format 1 channels 16 samplerate 16000
I/HotwordRecognitionRnr(18420): Starting hotword detection.
D/AudioHardware7x30(  240): AudioStreamInMSM72xx::standby()
D/AudioHardware7x30(  240): outputDevices = 2
I/AudioHardware7x30(  240): do input routing device 80000004
I/AudioHardware7x30(  240): Routing audio to dual mic real stereo
D/AudioHardware7x30(  240): new_rx = 17
D/AudioHardware7x30(  240): new_tx = 32
D/AudioHardware7x30(  240): case PCM_REC
I/Timeline(  629): Timeline: Activity_windows_visible id: ActivityRecord{41e444f8 u0 com.google.android.googlequicksearchbox/com.google.android.launcher.GEL t1} time:32565773
I/HotwordWorker(18420): onReady
W/InputDispatcher(  629): channel '42065790 com.hmaleev.convertor/com.hmaleev.convertor.Converter (server)' ~ Consumer closed input channel or an error occurred.  events=0x9
E/InputDispatcher(  629): channel '42065790 com.hmaleev.convertor/com.hmaleev.convertor.Converter (server)' ~ Channel is unrecoverably broken and will be disposed!
W/InputDispatcher(  629): Attempted to unregister already unregistered input channel '42065790 com.hmaleev.convertor/com.hmaleev.convertor.Converter (server)'
I/WindowState(  629): WIN DEATH: Window{42065790 u0 com.hmaleev.convertor/com.hmaleev.convertor.Converter}
V/Zygote  (31657): Switching descriptor 33 to /dev/null
V/Zygote  (31657): Switching descriptor 9 to /dev/null
I/ActivityManager(  629): Start proc com.android.deskclock for broadcast com.android.deskclock/com.android.alarmclock.DigitalAppWidgetProvider: pid=31657 uid=10056 gids={50056, 1028, 3003}
D/ActivityThread(31657): handleBindApplication:com.android.deskclock
D/ActivityThread(31657): setTargetHeapUtilization:0.25
D/ActivityThread(31657): setTargetHeapMinFree:524288
I/ProcessStatsService(  629): Prepared write state in 27ms
I/ProcessStatsService(  629): Pruning old procstats: /data/system/procstats/state-2014-08-07-12-16-00.bin
D/AndroidRuntime(31673): 
D/AndroidRuntime(31673): >>>>>> AndroidRuntime START com.android.internal.os.RuntimeInit <<<<<<
D/AndroidRuntime(31673): CheckJNI is OFF
D/dalvikvm(31673): Trying to load lib libjavacore.so 0x0
D/dalvikvm(31673): Added shared lib libjavacore.so 0x0
D/dalvikvm(31673): Trying to load lib libnativehelper.so 0x0
D/dalvikvm(31673): Added shared lib libnativehelper.so 0x0
D/dalvikvm(31673): No JNI_OnLoad found in libnativehelper.so 0x0, skipping init
E/cutils-trace(31673): Error opening trace file: No such file or directory (2)
D/dalvikvm(31673): Note: class Landroid/app/ActivityManagerNative; has 180 unimplemented (abstract) methods
D/AndroidRuntime(31673): Calling main entry com.android.commands.pm.Pm
V/Zygote  (31684): Switching descriptor 33 to /dev/null
V/Zygote  (31684): Switching descriptor 9 to /dev/null
I/ActivityManager(  629): Start proc com.android.defcontainer for service com.android.defcontainer/.DefaultContainerService: pid=31684 uid=10012 gids={50012, 1028, 1015, 1023, 2001, 1035}
D/ActivityThread(31684): handleBindApplication:com.android.defcontainer
D/ActivityThread(31684): setTargetHeapUtilization:0.25
D/ActivityThread(31684): setTargetHeapMinFree:524288
W/ActivityManager(  629): No content provider found for permission revoke: file:///data/local/tmp/Converter-debug-unaligned.apk
D/Finsky  (31586): [1] PackageVerificationReceiver.onReceive: Verification requested, id = 34
D/Finsky  (31586): [1] WorkerTask.onPreExecute: Verification Requested for id = 34, data=file:///data/local/tmp/Converter-debug-unaligned.apk flags=114 fromVerificationActivity=false
D/Finsky  (31586): [1] 2.onResponse: Verification id=34 response=0
D/Finsky  (31586): [1] PackageVerificationReceiver.onReceive: Verification requested, id = 34
W/ActivityManager(  629): No content provider found for permission revoke: file:///data/local/tmp/Converter-debug-unaligned.apk
I/PackageManager(  629): Copying native libraries to /data/app-lib/vmdl405968489
I/ActivityManager(  629): Force stopping com.hmaleev.convertor appid=10105 user=-1: uninstall pkg
I/PackageManager(  629): Package com.hmaleev.convertor codePath changed from /data/app/com.hmaleev.convertor-2.apk to /data/app/com.hmaleev.convertor-1.apk; Retaining data and using new
I/PackageManager(  629): Running dexopt on: com.hmaleev.convertor
I/wpa_supplicant( 6651): wlan0: CTRL-EVENT-SCAN-STARTED 
I/GCoreUlr( 1024): Successfully inserted location
I/GCoreUlr( 1024): Not calling LocationReportingService, hasMoved: false, elapsed millis: 303421, request: Phone
D/dalvikvm(31706): DexOpt: load 226ms, verify+opt 1638ms, 2247884 bytes
I/ActivityManager(  629): Force stopping com.hmaleev.convertor appid=10105 user=-1: update pkg
W/PackageManager(  629): Code path for pkg : com.hmaleev.convertor changing from /data/app/com.hmaleev.convertor-2.apk to /data/app/com.hmaleev.convertor-1.apk
W/PackageManager(  629): Resource path for pkg : com.hmaleev.convertor changing from /data/app/com.hmaleev.convertor-2.apk to /data/app/com.hmaleev.convertor-1.apk
I/ActivityManager(  629): Force stopping com.hmaleev.convertor appid=10105 user=0: pkg removed
D/BackupManagerService(  629): Received broadcast Intent { act=android.intent.action.PACKAGE_REMOVED dat=package:com.hmaleev.convertor flg=0x4000010 (has extras) }
I/InputReader(  629): Reconfiguring input devices.  changes=0x00000010
I/PackageManager(  629):   Action: "android.intent.action.SENDTO"
I/PackageManager(  629):   Category: "android.intent.category.DEFAULT"
I/PackageManager(  629):   Scheme: "sms"
I/PackageManager(  629): Adding preferred activity ComponentInfo{com.android.mms/com.android.mms.ui.ComposeMessageActivity} for user 0 :
I/InputReader(  629): Reconfiguring input devices.  changes=0x00000010
I/InputReader(  629): Reconfiguring input devices.  changes=0x00000010
I/PackageManager(  629):   Action: "android.intent.action.SENDTO"
I/PackageManager(  629):   Category: "android.intent.category.DEFAULT"
I/PackageManager(  629):   Scheme: "smsto"
I/PackageManager(  629): Adding preferred activity ComponentInfo{com.android.mms/com.android.mms.ui.ComposeMessageActivity} for user 0 :
I/PackageManager(  629):   Action: "android.intent.action.SENDTO"
I/PackageManager(  629):   Category: "android.intent.category.DEFAULT"
I/PackageManager(  629):   Scheme: "mms"
I/PackageManager(  629): Adding preferred activity ComponentInfo{com.android.mms/com.android.mms.ui.ComposeMessageActivity} for user 0 :
I/PackageManager(  629):   Action: "android.intent.action.SENDTO"
I/PackageManager(  629):   Category: "android.intent.category.DEFAULT"
I/PackageManager(  629):   Scheme: "mmsto"
I/PackageManager(  629): Adding preferred activity ComponentInfo{com.android.mms/com.android.mms.ui.ComposeMessageActivity} for user 0 :
I/PackageManager(  629):   Action: "android.intent.action.SENDTO"
I/PackageManager(  629):   Category: "android.intent.category.DEFAULT"
I/PackageManager(  629):   Scheme: "sms"
I/PackageManager(  629): Adding preferred activity ComponentInfo{com.android.mms/com.android.mms.ui.ComposeMessageActivity} for user 0 :
I/PackageManager(  629):   Action: "android.intent.action.SENDTO"
I/PackageManager(  629):   Category: "android.intent.category.DEFAULT"
I/PackageManager(  629):   Scheme: "smsto"
I/PackageManager(  629): Adding preferred activity ComponentInfo{com.android.mms/com.android.mms.ui.ComposeMessageActivity} for user 0 :
I/PackageManager(  629):   Action: "android.intent.action.SENDTO"
I/PackageManager(  629):   Category: "android.intent.category.DEFAULT"
I/PackageManager(  629):   Scheme: "mms"
I/PackageManager(  629): Adding preferred activity ComponentInfo{com.android.mms/com.android.mms.ui.ComposeMessageActivity} for user 0 :
I/PackageManager(  629):   Action: "android.intent.action.SENDTO"
I/PackageManager(  629):   Category: "android.intent.category.DEFAULT"
I/PackageManager(  629):   Scheme: "mmsto"
I/PackageManager(  629): Adding preferred activity ComponentInfo{com.android.mms/com.android.mms.ui.ComposeMessageActivity} for user 0 :
I/PackageManager(  629):   Action: "android.intent.action.SENDTO"
I/PackageManager(  629):   Category: "android.intent.category.DEFAULT"
I/PackageManager(  629):   Scheme: "sms"
I/PackageManager(  629): Adding preferred activity ComponentInfo{com.android.mms/com.android.mms.ui.ComposeMessageActivity} for user 0 :
I/PackageManager(  629):   Action: "android.intent.action.SENDTO"
I/PackageManager(  629):   Category: "android.intent.category.DEFAULT"
I/PackageManager(  629):   Scheme: "smsto"
I/PackageManager(  629): Adding preferred activity ComponentInfo{com.android.mms/com.android.mms.ui.ComposeMessageActivity} for user 0 :
I/PackageManager(  629):   Action: "android.intent.action.SENDTO"
I/PackageManager(  629):   Category: "android.intent.category.DEFAULT"
I/PackageManager(  629):   Scheme: "mms"
I/PackageManager(  629): Adding preferred activity ComponentInfo{com.android.mms/com.android.mms.ui.ComposeMessageActivity} for user 0 :
I/PackageManager(  629):   Action: "android.intent.action.SENDTO"
I/PackageManager(  629):   Category: "android.intent.category.DEFAULT"
I/PackageManager(  629):   Scheme: "mmsto"
I/PackageManager(  629): Adding preferred activity ComponentInfo{com.android.mms/com.android.mms.ui.ComposeMessageActivity} for user 0 :
I/PackageManager(  629):   Action: "android.intent.action.SENDTO"
I/PackageManager(  629):   Category: "android.intent.category.DEFAULT"
I/PackageManager(  629):   Scheme: "sms"
I/PackageManager(  629): Adding preferred activity ComponentInfo{com.android.mms/com.android.mms.ui.ComposeMessageActivity} for user 0 :
I/PackageManager(  629):   Action: "android.intent.action.SENDTO"
I/PackageManager(  629):   Category: "android.intent.category.DEFAULT"
I/PackageManager(  629):   Scheme: "smsto"
I/PackageManager(  629): Adding preferred activity ComponentInfo{com.android.mms/com.android.mms.ui.ComposeMessageActivity} for user 0 :
D/AndroidRuntime(31673): Shutting down VM
I/PackageManager(  629):   Action: "android.intent.action.SENDTO"
I/PackageManager(  629):   Category: "android.intent.category.DEFAULT"
I/PackageManager(  629):   Scheme: "mms"
I/PackageManager(  629): Adding preferred activity ComponentInfo{com.android.mms/com.android.mms.ui.ComposeMessageActivity} for user 0 :
I/PackageManager(  629):   Action: "android.intent.action.SENDTO"
I/PackageManager(  629):   Category: "android.intent.category.DEFAULT"
I/PackageManager(  629):   Scheme: "mmsto"
I/PackageManager(  629): Adding preferred activity ComponentInfo{com.android.mms/com.android.mms.ui.ComposeMessageActivity} for user 0 :
I/PackageManager(  629):   Action: "android.intent.action.SENDTO"
I/PackageManager(  629):   Category: "android.intent.category.DEFAULT"
I/PackageManager(  629):   Scheme: "sms"
I/PackageManager(  629): Adding preferred activity ComponentInfo{com.android.mms/com.android.mms.ui.ComposeMessageActivity} for user 0 :
I/PackageManager(  629):   Action: "android.intent.action.SENDTO"
I/PackageManager(  629):   Category: "android.intent.category.DEFAULT"
I/PackageManager(  629):   Scheme: "smsto"
I/PackageManager(  629): Adding preferred activity ComponentInfo{com.android.mms/com.android.mms.ui.ComposeMessageActivity} for user 0 :
I/PackageManager(  629):   Action: "android.intent.action.SENDTO"
I/PackageManager(  629):   Category: "android.intent.category.DEFAULT"
I/PackageManager(  629):   Scheme: "mms"
I/PackageManager(  629): Adding preferred activity ComponentInfo{com.android.mms/com.android.mms.ui.ComposeMessageActivity} for user 0 :
I/PackageManager(  629):   Action: "android.intent.action.SENDTO"
I/PackageManager(  629):   Category: "android.intent.category.DEFAULT"
I/PackageManager(  629):   Scheme: "mmsto"
I/PackageManager(  629): Adding preferred activity ComponentInfo{com.android.mms/com.android.mms.ui.ComposeMessageActivity} for user 0 :
I/PackageManager(  629):   Action: "android.intent.action.SENDTO"
I/PackageManager(  629):   Category: "android.intent.category.DEFAULT"
I/PackageManager(  629):   Scheme: "sms"
I/PackageManager(  629): Adding preferred activity ComponentInfo{com.android.mms/com.android.mms.ui.ComposeMessageActivity} for user 0 :
I/PackageManager(  629):   Action: "android.intent.action.SENDTO"
I/PackageManager(  629):   Category: "android.intent.category.DEFAULT"
I/PackageManager(  629):   Scheme: "smsto"
I/PackageManager(  629): Adding preferred activity ComponentInfo{com.android.mms/com.android.mms.ui.ComposeMessageActivity} for user 0 :
I/PackageManager(  629):   Action: "android.intent.action.SENDTO"
I/PackageManager(  629):   Category: "android.intent.category.DEFAULT"
I/PackageManager(  629):   Scheme: "mms"
I/PackageManager(  629): Adding preferred activity ComponentInfo{com.android.mms/com.android.mms.ui.ComposeMessageActivity} for user 0 :
I/PackageManager(  629):   Action: "android.intent.action.SENDTO"
I/PackageManager(  629):   Category: "android.intent.category.DEFAULT"
I/PackageManager(  629):   Scheme: "mmsto"
I/PackageManager(  629): Adding preferred activity ComponentInfo{com.android.mms/com.android.mms.ui.ComposeMessageActivity} for user 0 :
E/AppsCustomizePagedView(  871): Widget ComponentInfo{com.google.android.googlequicksearchbox/com.google.android.apps.sidekick.widget.PredictiveCardsWidgetProvider} can not fit on this device (450, 375)
D/BackupManagerService(  629): Received broadcast Intent { act=android.intent.action.PACKAGE_ADDED dat=package:com.hmaleev.convertor flg=0x4000010 (has extras) }
V/BackupManagerService(  629): removePackageParticipantsLocked: uid=10105 #1
V/BackupManagerService(  629): addPackageParticipantsLocked: #1
D/AndroidRuntime(31712): 
D/AndroidRuntime(31712): >>>>>> AndroidRuntime START com.android.internal.os.RuntimeInit <<<<<<
D/AndroidRuntime(31712): CheckJNI is OFF
W/Launcher(  871): setApplicationContext called twice! old=com.google.android.velvet.VelvetApplication@418642a0 new=com.google.android.velvet.VelvetApplication@418642a0
W/ContextImpl(31239): Calling a method in the system process without a qualified user: android.app.ContextImpl.startService:1543 android.content.ContextWrapper.startService:494 android.content.ContextWrapper.startService:494 com.android.keychain.KeyChainBroadcastReceiver.onReceive:12 android.app.ActivityThread.handleReceiver:2438 
I/ActivityManager(  629): Delay finish: com.android.keychain/.KeyChainBroadcastReceiver
D/dalvikvm(31712): Trying to load lib libjavacore.so 0x0
D/dalvikvm(31712): Added shared lib libjavacore.so 0x0
D/dalvikvm(31712): Trying to load lib libnativehelper.so 0x0
D/dalvikvm(31712): Added shared lib libnativehelper.so 0x0
D/dalvikvm(31712): No JNI_OnLoad found in libnativehelper.so 0x0, skipping init
I/ActivityManager(  629): Resuming delayed broadcast
D/PackageBroadcastService( 1161): Received broadcast action=android.intent.action.PACKAGE_REMOVED and uri=com.hmaleev.convertor
I/ActivityManager(  629): Delay finish: eu.chainfire.supersu/.InstallReceiver
E/cutils-trace(31712): Error opening trace file: No such file or directory (2)
D/dalvikvm(31712): Note: class Landroid/app/ActivityManagerNative; has 180 unimplemented (abstract) methods
D/AndroidRuntime(31712): Calling main entry com.android.commands.input.Input
I/Input   (31712): injectKeyEvent: KeyEvent { action=ACTION_DOWN, keyCode=KEYCODE_MENU, scanCode=0, metaState=0, flags=0x0, repeatCount=0, eventTime=32621598, downTime=32621598, deviceId=-1, source=0x101 }
I/MicrophoneInputStream(18420): mic_close eze@41a1f6c0
D/AudioHardware7x30(  240): AudioStreamInMSM72xx::standby()
D/AudioHardware7x30(  240): Deroute pcm in stream
D/AudioHardware7x30(  240): outputDevices = 2
I/AudioHardware7x30(  240): do input routing device 80000004
I/AudioHardware7x30(  240): Routing audio to dual mic real stereo
D/AudioHardware7x30(  240): new_rx = 17
D/AudioHardware7x30(  240): new_tx = 32
D/AudioHardware7x30(  240): AudioStreamInMSM72xx::standby()
I/HotwordRecognitionRnr(18420): Hotword detection finished
I/HotwordRecognitionRnr(18420): Stopping hotword detection.
I/Input   (31712): injectKeyEvent: KeyEvent { action=ACTION_UP, keyCode=KEYCODE_MENU, scanCode=0, metaState=0, flags=0x0, repeatCount=0, eventTime=32621598, downTime=32621598, deviceId=-1, source=0x101 }
I/ActivityManager(  629): Resuming delayed broadcast
I/Timeline(30586): Timeline: Activity_launch_request id:com.estrongs.android.pop time:32621981
I/ActivityManager(  629): START u0 {flg=0x10800000 cmp=com.estrongs.android.pop/.app.UnInstallMonitorActivity} from pid 30586
D/LightsService(  629): Excessive delay setting light: 160ms
W/InputMethodManagerService(  629): Window already focused, ignoring focus gain of: com.android.internal.view.IInputMethodClient$Stub$Proxy@41f1ba18 attribute=null, token = android.os.BinderProxy@41e2ac08
I/Timeline(  871): Timeline: Activity_idle id: android.os.BinderProxy@4185ac08 time:32622311
D/AndroidRuntime(31712): Shutting down VM
I/ActivityManager(  629): Delay finish: com.google.android.partnersetup/.AppInstalledReceiver
I/ActivityManager(  629): Resuming delayed broadcast
I/IcingCorporaProvider(18420): Updating corpora: APPS=com.hmaleev.convertor, CONTACTS=MAYBE
I/IcingCorporaProvider(18420): UpdateCorporaTask done [took 111 ms] updated apps [took 111 ms] 
D/PackageBroadcastService( 1161): Received broadcast action=android.intent.action.PACKAGE_ADDED and uri=com.hmaleev.convertor
I/Timeline(30586): Timeline: Activity_launch_request id:com.estrongs.android.pop time:32622821
I/ActivityManager(  629): START u0 {flg=0x10800000 cmp=com.estrongs.android.pop/.app.InstallMonitorActivity (has extras)} from pid 30586
W/InputMethodManagerService(  629): Window already focused, ignoring focus gain of: com.android.internal.view.IInputMethodClient$Stub$Proxy@42126200 attribute=android.view.inputmethod.EditorInfo@420b43d0, token = android.os.BinderProxy@41e2ac08
I/Timeline(  871): Timeline: Activity_idle id: android.os.BinderProxy@4185ac08 time:32623173
D/AndroidRuntime(31764): 
D/AndroidRuntime(31764): >>>>>> AndroidRuntime START com.android.internal.os.RuntimeInit <<<<<<
D/AndroidRuntime(31764): CheckJNI is OFF
I/PeopleContactsSync( 1161): CP2 sync disabled
D/dalvikvm(31764): Trying to load lib libjavacore.so 0x0
D/dalvikvm(31764): Added shared lib libjavacore.so 0x0
D/dalvikvm(31764): Trying to load lib libnativehelper.so 0x0
D/dalvikvm(31764): Added shared lib libnativehelper.so 0x0
